<html>
<body>
<pre>
<h1>µVision Build Log</h1>
<h2>Project:</h2>
D:\GitHub\stm32gps-stop\Project\stm32gps\MDK-ARM\stm32gps.uvproj
Project File Date:  11/20/2014

<h2>Output:</h2>
Build target 'Release'
linking...
Program Size: Code=28988 RO-data=1212 RW-data=292 ZI-data=8708  
FromELF: creating hex file...
".\STM32GPS-REALSE\stm32gps-realse.axf" - 0 Error(s), 0 Warning(s).
Load "D:\\GitHub\\stm32gps-stop\\Project\\stm32gps\\MDK-ARM\\STM32GPS-REALSE\\stm32gps-realse.AXF" 
* JLink Info: Device "STM32F103RC" selected (256 KB flash, 48 KB RAM).
Set JLink Project File to "D:\GitHub\stm32gps-stop\Project\stm32gps\MDK-ARM\JLinkSettings.ini"
 
JLink info:
------------
DLL: V4.90d, compiled Aug 29 2014 14:49:16
Firmware: J-Link ARM V8 compiled Jul 17 2014 12:31:18
Hardware: V8.00
S/N : 17935099 
Feature(s) : RDI,FlashDL,FlashBP,JFlash 
 
* JLink Info: Found SWD-DP with ID 0x1BA01477
* JLink Info: Found SWD-DP with ID 0x1BA01477
* JLink Info: Found Cortex-M3 r1p1, Little endian.
* JLink Info: FPUnit: 0 code (BP) slots and 5 literal slots
ROMTableAddr = 0xE00FF003
Load "D:\\GitHub\\stm32gps-stop\\Project\\stm32gps\\MDK-ARM\\STM32GPS-REALSE\\stm32gps-realse.AXF" 
* JLink Info: Device "STM32F103RC" selected (256 KB flash, 48 KB RAM).
Set JLink Project File to "D:\GitHub\stm32gps-stop\Project\stm32gps\MDK-ARM\JLinkSettings.ini"
 
JLink info:
------------
DLL: V4.90d, compiled Aug 29 2014 14:49:16
Firmware: J-Link ARM V8 compiled Jul 17 2014 12:31:18
Hardware: V8.00
S/N : 17935099 
Feature(s) : RDI,FlashDL,FlashBP,JFlash 
 
* JLink Info: Found SWD-DP with ID 0x1BA01477
* JLink Info: Found SWD-DP with ID 0x1BA01477
* JLink Info: Found Cortex-M3 r1p1, Little endian.
* JLink Info: FPUnit: 0 code (BP) slots and 5 literal slots
ROMTableAddr = 0xE00FF003
Load "D:\\GitHub\\stm32gps-stop\\Project\\stm32gps\\MDK-ARM\\STM32GPS-REALSE\\stm32gps-realse.AXF" 
* JLink Info: Device "STM32F103RC" selected (256 KB flash, 48 KB RAM).
Set JLink Project File to "D:\GitHub\stm32gps-stop\Project\stm32gps\MDK-ARM\JLinkSettings.ini"
 
JLink info:
------------
DLL: V4.90d, compiled Aug 29 2014 14:49:16
Firmware: J-Link ARM V8 compiled Jul 17 2014 12:31:18
Hardware: V8.00
S/N : 17935099 
Feature(s) : RDI,FlashDL,FlashBP,JFlash 
 
* JLink Info: Found SWD-DP with ID 0x1BA01477
* JLink Info: Found SWD-DP with ID 0x1BA01477
* JLink Info: Found Cortex-M3 r1p1, Little endian.
* JLink Info: FPUnit: 0 code (BP) slots and 5 literal slots
ROMTableAddr = 0xE00FF003
Load "D:\\GitHub\\stm32gps-stop\\Project\\stm32gps\\MDK-ARM\\STM32GPS-REALSE\\stm32gps-realse.AXF" 
* JLink Info: Device "STM32F103RC" selected (256 KB flash, 48 KB RAM).
Set JLink Project File to "D:\GitHub\stm32gps-stop\Project\stm32gps\MDK-ARM\JLinkSettings.ini"
 
JLink info:
------------
DLL: V4.90d, compiled Aug 29 2014 14:49:16
Firmware: J-Link ARM V8 compiled Jul 17 2014 12:31:18
Hardware: V8.00
S/N : 17935099 
Feature(s) : RDI,FlashDL,FlashBP,JFlash 
 
* JLink Info: Found SWD-DP with ID 0x1BA01477
* JLink Info: Found SWD-DP with ID 0x1BA01477
* JLink Info: Found Cortex-M3 r1p1, Little endian.
* JLink Info: FPUnit: 0 code (BP) slots and 5 literal slots
Load "D:\\GitHub\\stm32gps-stop\\Project\\stm32gps\\MDK-ARM\\STM32GPS-REALSE\\stm32gps-realse.AXF" 
* JLink Info: Device "STM32F103RC" selected (256 KB flash, 48 KB RAM).
Set JLink Project File to "D:\GitHub\stm32gps-stop\Project\stm32gps\MDK-ARM\JLinkSettings.ini"
 
JLink info:
------------
DLL: V4.90d, compiled Aug 29 2014 14:49:16
Firmware: J-Link ARM V8 compiled Jul 17 2014 12:31:18
Hardware: V8.00
S/N : 286370559 
Feature(s) : RDI,FlashDL,FlashBP,JFlash 
 
Load "D:\\GitHub\\stm32gps-stop\\Project\\stm32gps\\MDK-ARM\\STM32GPS-REALSE\\stm32gps-realse.AXF" 
* JLink Info: Device "STM32F103RC" selected (256 KB flash, 48 KB RAM).
Set JLink Project File to "D:\GitHub\stm32gps-stop\Project\stm32gps\MDK-ARM\JLinkSettings.ini"
 
JLink info:
------------
DLL: V4.90d, compiled Aug 29 2014 14:49:16
Firmware: J-Link ARM V8 compiled Jul 17 2014 12:31:18
Hardware: V8.00
S/N : 286370559 
Feature(s) : RDI,FlashDL,FlashBP,JFlash 
 
Load "D:\\GitHub\\stm32gps-stop\\Project\\stm32gps\\MDK-ARM\\STM32GPS-REALSE\\stm32gps-realse.AXF" 
* JLink Info: Device "STM32F103RC" selected (256 KB flash, 48 KB RAM).
Set JLink Project File to "D:\GitHub\stm32gps-stop\Project\stm32gps\MDK-ARM\JLinkSettings.ini"
 
JLink info:
------------
DLL: V4.90d, compiled Aug 29 2014 14:49:16
Firmware: J-Link ARM V8 compiled Jul 17 2014 12:31:18
Hardware: V8.00
S/N : 286370559 
Feature(s) : RDI,FlashDL,FlashBP,JFlash 
 
* JLink Info: Found SWD-DP with ID 0x1BA01477
* JLink Info: Found SWD-DP with ID 0x1BA01477
* JLink Info: Found Cortex-M3 r1p1, Little endian.
* JLink Info: FPUnit: 6 code (BP) slots and 2 literal slots
* JLink Info: TPIU fitted.
* JLink Info: ETM fitted.
ROMTableAddr = 0xE00FF003
 
Target info:
------------
Device: STM32F103RC
VTarget = 3.403V
State of Pins: 
TCK: 0, TDI: 0, TDO: 0, TMS: 1, TRES: 1, TRST: 1
Hardware-Breakpoints: 6
Software-Breakpoints: 8192
Watchpoints:          4
JTAG speed: 2000 kHz
 
Erase Done.
Programming Done.
Verify OK.
Build target 'Release'
compiling main.c...
..\main.c(299): warning:  #174-D: expression has no effect
..\main.c(488): warning:  #174-D: expression has no effect
..\main.c(488): warning:  #174-D: expression has no effect
..\main.c(495): warning:  #174-D: expression has no effect
..\main.c(495): warning:  #174-D: expression has no effect
..\main.c(499): warning:  #174-D: expression has no effect
..\main.c(549): warning:  #174-D: expression has no effect
..\main.c(555): warning:  #174-D: expression has no effect
..\main.c(562): warning:  #174-D: expression has no effect
..\main.c(626): warning:  #174-D: expression has no effect
..\main.c(626): warning:  #174-D: expression has no effect
..\main.c(632): warning:  #174-D: expression has no effect
..\main.c(632): warning:  #174-D: expression has no effect
..\main.c(642): warning:  #174-D: expression has no effect
..\main.c(642): warning:  #174-D: expression has no effect
..\main.c(642): warning:  #174-D: expression has no effect
..\main.c(652): warning:  #174-D: expression has no effect
..\main.c(652): warning:  #174-D: expression has no effect
..\main.c(691): warning:  #174-D: expression has no effect
..\main.c(697): warning:  #174-D: expression has no effect
..\main.c(697): warning:  #174-D: expression has no effect
..\main.c(702): warning:  #174-D: expression has no effect
..\main.c(702): warning:  #174-D: expression has no effect
..\main.c(712): warning:  #128-D: loop is not reachable from preceding code
..\main.c(763): warning:  #174-D: expression has no effect
..\main.c(807): warning:  #174-D: expression has no effect
..\main.c(966): warning:  #174-D: expression has no effect
..\main.c(1030): warning:  #174-D: expression has no effect
..\main.c(1128): warning:  #174-D: expression has no effect
linking...
Program Size: Code=28988 RO-data=1212 RW-data=292 ZI-data=8708  
FromELF: creating hex file...
".\STM32GPS-REALSE\stm32gps-realse.axf" - 0 Error(s), 29 Warning(s).
Build target 'Release'
linking...
Program Size: Code=28988 RO-data=1212 RW-data=292 ZI-data=8708  
FromELF: creating hex file...
".\STM32GPS-REALSE\stm32gps-realse.axf" - 0 Error(s), 0 Warning(s).
Load "D:\\GitHub\\stm32gps-stop\\Project\\stm32gps\\MDK-ARM\\STM32GPS-REALSE\\stm32gps-realse.AXF" 
* JLink Info: Device "STM32F103RC" selected (256 KB flash, 48 KB RAM).
Set JLink Project File to "D:\GitHub\stm32gps-stop\Project\stm32gps\MDK-ARM\JLinkSettings.ini"
 
JLink info:
------------
DLL: V4.90d, compiled Aug 29 2014 14:49:16
Firmware: J-Link ARM V8 compiled Jul 17 2014 12:31:18
Hardware: V8.00
S/N : 286370559 
Feature(s) : RDI,FlashDL,FlashBP,JFlash 
 
Load "D:\\GitHub\\stm32gps-stop\\Project\\stm32gps\\MDK-ARM\\STM32GPS-REALSE\\stm32gps-realse.AXF" 
* JLink Info: Device "STM32F103RC" selected (256 KB flash, 48 KB RAM).
Set JLink Project File to "D:\GitHub\stm32gps-stop\Project\stm32gps\MDK-ARM\JLinkSettings.ini"
 
JLink info:
------------
DLL: V4.90d, compiled Aug 29 2014 14:49:16
Firmware: J-Link ARM V8 compiled Jul 17 2014 12:31:18
Hardware: V8.00
S/N : 286370559 
Feature(s) : RDI,FlashDL,FlashBP,JFlash 
 
Load "D:\\GitHub\\stm32gps-stop\\Project\\stm32gps\\MDK-ARM\\STM32GPS-REALSE\\stm32gps-realse.AXF" 
Load "D:\\GitHub\\stm32gps-stop\\Project\\stm32gps\\MDK-ARM\\STM32GPS-REALSE\\stm32gps-realse.AXF" 
* JLink Info: Device "STM32F103RC" selected (256 KB flash, 48 KB RAM).
Set JLink Project File to "D:\GitHub\stm32gps-stop\Project\stm32gps\MDK-ARM\JLinkSettings.ini"
 
JLink info:
------------
DLL: V4.90d, compiled Aug 29 2014 14:49:16
Firmware: J-Link ARM V8 compiled Jul 17 2014 12:31:18
Hardware: V8.00
S/N : 286370559 
Feature(s) : RDI,FlashDL,FlashBP,JFlash 
 
* JLink Info: STM32Fxxxx: Cannot attach to CPU. Trying connect under reset.
Load "D:\\GitHub\\stm32gps-stop\\Project\\stm32gps\\MDK-ARM\\STM32GPS-REALSE\\stm32gps-realse.AXF" 
* JLink Info: Device "STM32F103RC" selected (256 KB flash, 48 KB RAM).
Set JLink Project File to "D:\GitHub\stm32gps-stop\Project\stm32gps\MDK-ARM\JLinkSettings.ini"
 
JLink info:
------------
DLL: V4.90d, compiled Aug 29 2014 14:49:16
Firmware: J-Link ARM V8 compiled Jul 17 2014 12:31:18
Hardware: V8.00
S/N : 286370559 
Feature(s) : RDI,FlashDL,FlashBP,JFlash 
 
* JLink Info: Found SWD-DP with ID 0x1BA01477
* JLink Info: Found SWD-DP with ID 0x1BA01477
* JLink Info: Found Cortex-M3 r1p1, Little endian.
* JLink Info: FPUnit: 6 code (BP) slots and 2 literal slots
* JLink Info: TPIU fitted.
* JLink Info: ETM fitted.
ROMTableAddr = 0xE00FF003
 
Target info:
------------
Device: STM32F103RC
VTarget = 3.410V
State of Pins: 
TCK: 0, TDI: 0, TDO: 0, TMS: 1, TRES: 1, TRST: 1
Hardware-Breakpoints: 6
Software-Breakpoints: 8192
Watchpoints:          4
JTAG speed: 2000 kHz
 
Erase Done.
Programming Done.
Verify OK.
Load "D:\\GitHub\\stm32gps-stop\\Project\\stm32gps\\MDK-ARM\\STM32GPS-REALSE\\stm32gps-realse.AXF" 
* JLink Info: Device "STM32F103RC" selected (256 KB flash, 48 KB RAM).
Set JLink Project File to "D:\GitHub\stm32gps-stop\Project\stm32gps\MDK-ARM\JLinkSettings.ini"
 
JLink info:
------------
DLL: V4.90d, compiled Aug 29 2014 14:49:16
Firmware: J-Link ARM V8 compiled Jul 17 2014 12:31:18
Hardware: V8.00
S/N : 286370559 
Feature(s) : RDI,FlashDL,FlashBP,JFlash 
 
* JLink Info: Found SWD-DP with ID 0x1BA01477
* JLink Info: Found SWD-DP with ID 0x1BA01477
* JLink Info: Found Cortex-M3 r1p1, Little endian.
* JLink Info: FPUnit: 6 code (BP) slots and 2 literal slots
* JLink Info: TPIU fitted.
* JLink Info: ETM fitted.
ROMTableAddr = 0xE00FF003
 
Target info:
------------
Device: STM32F103RC
VTarget = 3.455V
State of Pins: 
TCK: 0, TDI: 0, TDO: 0, TMS: 1, TRES: 1, TRST: 1
Hardware-Breakpoints: 6
Software-Breakpoints: 8192
Watchpoints:          4
JTAG speed: 2000 kHz
 
Erase Done.
Programming Done.
Verify OK.
Build target 'Release'
linking...
Program Size: Code=28988 RO-data=1212 RW-data=292 ZI-data=8708  
FromELF: creating hex file...
".\STM32GPS-REALSE\stm32gps-realse.axf" - 0 Error(s), 0 Warning(s).
Load "D:\\GitHub\\stm32gps-stop\\Project\\stm32gps\\MDK-ARM\\STM32GPS-REALSE\\stm32gps-realse.AXF" 
* JLink Info: Device "STM32F103RC" selected (256 KB flash, 48 KB RAM).
Set JLink Project File to "D:\GitHub\stm32gps-stop\Project\stm32gps\MDK-ARM\JLinkSettings.ini"
 
JLink info:
------------
DLL: V4.90d, compiled Aug 29 2014 14:49:16
Firmware: J-Link ARM V8 compiled Jul 17 2014 12:31:18
Hardware: V8.00
S/N : 286370559 
Feature(s) : RDI,FlashDL,FlashBP,JFlash 
 
Load "D:\\GitHub\\stm32gps-stop\\Project\\stm32gps\\MDK-ARM\\STM32GPS-REALSE\\stm32gps-realse.AXF" 
* JLink Info: Device "STM32F103RC" selected (256 KB flash, 48 KB RAM).
Set JLink Project File to "D:\GitHub\stm32gps-stop\Project\stm32gps\MDK-ARM\JLinkSettings.ini"
 
JLink info:
------------
DLL: V4.90d, compiled Aug 29 2014 14:49:16
Firmware: J-Link ARM V8 compiled Jul 17 2014 12:31:18
Hardware: V8.00
S/N : 286370559 
Feature(s) : RDI,FlashDL,FlashBP,JFlash 
 
Load "D:\\GitHub\\stm32gps-stop\\Project\\stm32gps\\MDK-ARM\\STM32GPS-REALSE\\stm32gps-realse.AXF" 
* JLink Info: Device "STM32F103RC" selected (256 KB flash, 48 KB RAM).
Set JLink Project File to "D:\GitHub\stm32gps-stop\Project\stm32gps\MDK-ARM\JLinkSettings.ini"
 
JLink info:
------------
DLL: V4.90d, compiled Aug 29 2014 14:49:16
Firmware: J-Link ARM V8 compiled Jul 17 2014 12:31:18
Hardware: V8.00
S/N : 286370559 
Feature(s) : RDI,FlashDL,FlashBP,JFlash 
 
* JLink Info: Found SWD-DP with ID 0x1BA01477
* JLink Info: Found SWD-DP with ID 0x1BA01477
* JLink Info: Found Cortex-M3 r1p1, Little endian.
* JLink Info: FPUnit: 6 code (BP) slots and 2 literal slots
* JLink Info: TPIU fitted.
* JLink Info: ETM fitted.
ROMTableAddr = 0xE00FF003
 
Target info:
------------
Device: STM32F103RC
VTarget = 3.481V
State of Pins: 
TCK: 0, TDI: 0, TDO: 0, TMS: 1, TRES: 1, TRST: 1
Hardware-Breakpoints: 6
Software-Breakpoints: 8192
Watchpoints:          4
JTAG speed: 2000 kHz
 
Erase Done.
Programming Done.
Verify OK.
Load "D:\\GitHub\\stm32gps-stop\\Project\\stm32gps\\MDK-ARM\\STM32GPS-REALSE\\stm32gps-realse.AXF" 
* JLink Info: Device "STM32F103RC" selected (256 KB flash, 48 KB RAM).
Set JLink Project File to "D:\GitHub\stm32gps-stop\Project\stm32gps\MDK-ARM\JLinkSettings.ini"
 
JLink info:
------------
DLL: V4.90d, compiled Aug 29 2014 14:49:16
Firmware: J-Link ARM V8 compiled Jul 17 2014 12:31:18
Hardware: V8.00
S/N : 286370559 
Feature(s) : RDI,FlashDL,FlashBP,JFlash 
 
* JLink Info: STM32Fxxxx: Cannot attach to CPU. Trying connect under reset.
***JLink Error: Supply voltage too low (1 Volt is required, Measured: 0.8 Volt).
Please check target power.
Load "D:\\GitHub\\stm32gps-stop\\Project\\stm32gps\\MDK-ARM\\STM32GPS-REALSE\\stm32gps-realse.AXF" 
Load "D:\\GitHub\\stm32gps-stop\\Project\\stm32gps\\MDK-ARM\\STM32GPS-REALSE\\stm32gps-realse.AXF" 
* JLink Info: Device "STM32F103RC" selected (256 KB flash, 48 KB RAM).
Set JLink Project File to "D:\GitHub\stm32gps-stop\Project\stm32gps\MDK-ARM\JLinkSettings.ini"
 
JLink info:
------------
DLL: V4.90d, compiled Aug 29 2014 14:49:16
Firmware: J-Link ARM V8 compiled Jul 17 2014 12:31:18
Hardware: V8.00
S/N : 286370559 
Feature(s) : RDI,FlashDL,FlashBP,JFlash 
 
* JLink Info: Found SWD-DP with ID 0x1BA01477
* JLink Info: Found SWD-DP with ID 0x1BA01477
* JLink Info: Found Cortex-M3 r1p1, Little endian.
* JLink Info: FPUnit: 6 code (BP) slots and 2 literal slots
* JLink Info: TPIU fitted.
* JLink Info: ETM fitted.
ROMTableAddr = 0xE00FF003
 
Target info:
------------
Device: STM32F103RC
VTarget = 3.461V
State of Pins: 
TCK: 0, TDI: 0, TDO: 0, TMS: 1, TRES: 1, TRST: 1
Hardware-Breakpoints: 6
Software-Breakpoints: 8192
Watchpoints:          4
JTAG speed: 2000 kHz
 
Erase Done.
Programming Done.
Verify OK.
Load "D:\\GitHub\\stm32gps-stop\\Project\\stm32gps\\MDK-ARM\\STM32GPS-REALSE\\stm32gps-realse.AXF" 
Load "D:\\GitHub\\stm32gps-stop\\Project\\stm32gps\\MDK-ARM\\STM32GPS-REALSE\\stm32gps-realse.AXF" 
Load "D:\\GitHub\\stm32gps-stop\\Project\\stm32gps\\MDK-ARM\\STM32GPS-REALSE\\stm32gps-realse.AXF" 
* JLink Info: Device "STM32F103RC" selected (256 KB flash, 48 KB RAM).
Set JLink Project File to "D:\GitHub\stm32gps-stop\Project\stm32gps\MDK-ARM\JLinkSettings.ini"
 
JLink info:
------------
DLL: V4.90d, compiled Aug 29 2014 14:49:16
Firmware: J-Link ARM V8 compiled Jul 17 2014 12:31:18
Hardware: V8.00
S/N : 286370559 
Feature(s) : RDI,FlashDL,FlashBP,JFlash 
 
* JLink Info: Found SWD-DP with ID 0x1BA01477
* JLink Info: Found SWD-DP with ID 0x1BA01477
* JLink Info: Found Cortex-M3 r1p1, Little endian.
* JLink Info: FPUnit: 6 code (BP) slots and 2 literal slots
* JLink Info: TPIU fitted.
* JLink Info: ETM fitted.
ROMTableAddr = 0xE00FF003
 
Target info:
------------
Device: STM32F103RC
VTarget = 3.461V
State of Pins: 
TCK: 0, TDI: 0, TDO: 0, TMS: 1, TRES: 1, TRST: 1
Hardware-Breakpoints: 6
Software-Breakpoints: 8192
Watchpoints:          4
JTAG speed: 2000 kHz
 
Erase Done.
Programming Done.
Verify OK.
Load "D:\\GitHub\\stm32gps-stop\\Project\\stm32gps\\MDK-ARM\\STM32GPS-REALSE\\stm32gps-realse.AXF" 
* JLink Info: Device "STM32F103RC" selected (256 KB flash, 48 KB RAM).
Set JLink Project File to "D:\GitHub\stm32gps-stop\Project\stm32gps\MDK-ARM\JLinkSettings.ini"
 
JLink info:
------------
DLL: V4.90d, compiled Aug 29 2014 14:49:16
Firmware: J-Link ARM V8 compiled Jul 17 2014 12:31:18
Hardware: V8.00
S/N : 286370559 
Feature(s) : RDI,FlashDL,FlashBP,JFlash 
 
* JLink Info: Found SWD-DP with ID 0x1BA01477
* JLink Info: Found SWD-DP with ID 0x1BA01477
* JLink Info: Found Cortex-M3 r1p1, Little endian.
* JLink Info: FPUnit: 6 code (BP) slots and 2 literal slots
* JLink Info: TPIU fitted.
* JLink Info: ETM fitted.
ROMTableAddr = 0xE00FF003
 
Target info:
------------
Device: STM32F103RC
VTarget = 3.474V
State of Pins: 
TCK: 0, TDI: 0, TDO: 0, TMS: 1, TRES: 1, TRST: 1
Hardware-Breakpoints: 6
Software-Breakpoints: 8192
Watchpoints:          4
JTAG speed: 2000 kHz
 
***JLink Error: Can not read register 15 (R15) while CPU is running
**JLink Warning: CPU could not be halted
***JLink Error: Could not read memory location 0x20000000 when trying to clear soft RAM BP
Could not start CPU core. (ErrorCode: -1)
***JLink Error: Can not read register 20 (CFBP) while CPU is running
**JLink Warning: CPU could not be halted
***JLink Error: Could not start CPU core. (ErrorCode: -1)
***JLink Error: CPU is not halted
***JLink Error: Can not read register 15 (R15) while CPU is running
**JLink Warning: CPU could not be halted
***JLink Error: Could not read memory location 0x20000000 when trying to clear soft RAM BP
***JLink Error: Can not read register 20 (CFBP) while CPU is running
**JLink Warning: CPU could not be halted
***JLink Error: CPU is not halted
***JLink Error: Can not read register 15 (R15) while CPU is running
**JLink Warning: CPU could not be halted
***JLink Error: Could not read memory location 0x20000000 when trying to clear soft RAM BP
Erase Failed!
Load "D:\\GitHub\\stm32gps-stop\\Project\\stm32gps\\MDK-ARM\\STM32GPS-REALSE\\stm32gps-realse.AXF" 
* JLink Info: Device "STM32F103RC" selected (256 KB flash, 48 KB RAM).
Set JLink Project File to "D:\GitHub\stm32gps-stop\Project\stm32gps\MDK-ARM\JLinkSettings.ini"
 
JLink info:
------------
DLL: V4.90d, compiled Aug 29 2014 14:49:16
Firmware: J-Link ARM V8 compiled Jul 17 2014 12:31:18
Hardware: V8.00
S/N : 286370559 
Feature(s) : RDI,FlashDL,FlashBP,JFlash 
 
Load "D:\\GitHub\\stm32gps-stop\\Project\\stm32gps\\MDK-ARM\\STM32GPS-REALSE\\stm32gps-realse.AXF" 
* JLink Info: Device "STM32F103RC" selected (256 KB flash, 48 KB RAM).
Set JLink Project File to "D:\GitHub\stm32gps-stop\Project\stm32gps\MDK-ARM\JLinkSettings.ini"
 
JLink info:
------------
DLL: V4.90d, compiled Aug 29 2014 14:49:16
Firmware: J-Link ARM V8 compiled Jul 17 2014 12:31:18
Hardware: V8.00
S/N : 286370559 
Feature(s) : RDI,FlashDL,FlashBP,JFlash 
 
* JLink Info: Found SWD-DP with ID 0x1BA01477
* JLink Info: Found SWD-DP with ID 0x1BA01477
* JLink Info: Found Cortex-M3 r1p1, Little endian.
* JLink Info: FPUnit: 6 code (BP) slots and 2 literal slots
* JLink Info: TPIU fitted.
* JLink Info: ETM fitted.
ROMTableAddr = 0xE00FF003
 
Target info:
------------
Device: STM32F103RC
VTarget = 3.474V
State of Pins: 
TCK: 0, TDI: 0, TDO: 0, TMS: 1, TRES: 1, TRST: 1
Hardware-Breakpoints: 6
Software-Breakpoints: 8192
Watchpoints:          4
JTAG speed: 2000 kHz
 
Erase Done.
Programming Done.
Verify OK.
Load "D:\\GitHub\\stm32gps-stop\\Project\\stm32gps\\MDK-ARM\\STM32GPS-REALSE\\stm32gps-realse.AXF" 
* JLink Info: Device "STM32F103RC" selected (256 KB flash, 48 KB RAM).
Set JLink Project File to "D:\GitHub\stm32gps-stop\Project\stm32gps\MDK-ARM\JLinkSettings.ini"
 
JLink info:
------------
DLL: V4.90d, compiled Aug 29 2014 14:49:16
Firmware: J-Link ARM V8 compiled Jul 17 2014 12:31:18
Hardware: V8.00
S/N : 286370559 
Feature(s) : RDI,FlashDL,FlashBP,JFlash 
 
* JLink Info: Found SWD-DP with ID 0x1BA01477
* JLink Info: Found SWD-DP with ID 0x1BA01477
* JLink Info: Found Cortex-M3 r1p1, Little endian.
* JLink Info: FPUnit: 6 code (BP) slots and 2 literal slots
* JLink Info: TPIU fitted.
* JLink Info: ETM fitted.
ROMTableAddr = 0xE00FF003
 
Target info:
------------
Device: STM32F103RC
VTarget = 3.461V
State of Pins: 
TCK: 0, TDI: 0, TDO: 0, TMS: 1, TRES: 1, TRST: 1
Hardware-Breakpoints: 6
Software-Breakpoints: 8192
Watchpoints:          4
JTAG speed: 2000 kHz
 
Erase Done.
Programming Done.
Verify OK.
Load "D:\\GitHub\\stm32gps-stop\\Project\\stm32gps\\MDK-ARM\\STM32GPS-REALSE\\stm32gps-realse.AXF" 
* JLink Info: Device "STM32F103RC" selected (256 KB flash, 48 KB RAM).
Set JLink Project File to "D:\GitHub\stm32gps-stop\Project\stm32gps\MDK-ARM\JLinkSettings.ini"
 
JLink info:
------------
DLL: V4.90d, compiled Aug 29 2014 14:49:16
Firmware: J-Link ARM V8 compiled Jul 17 2014 12:31:18
Hardware: V8.00
S/N : 286370559 
Feature(s) : RDI,FlashDL,FlashBP,JFlash 
 
* JLink Info: Found SWD-DP with ID 0x1BA01477
* JLink Info: Found SWD-DP with ID 0x1BA01477
* JLink Info: Found Cortex-M3 r1p1, Little endian.
* JLink Info: FPUnit: 6 code (BP) slots and 2 literal slots
* JLink Info: TPIU fitted.
* JLink Info: ETM fitted.
ROMTableAddr = 0xE00FF003
 
Target info:
------------
Device: STM32F103RC
VTarget = 3.481V
State of Pins: 
TCK: 0, TDI: 0, TDO: 0, TMS: 1, TRES: 1, TRST: 1
Hardware-Breakpoints: 6
Software-Breakpoints: 8192
Watchpoints:          4
JTAG speed: 2000 kHz
 
Erase Done.
Programming Done.
Verify OK.
Load "D:\\GitHub\\stm32gps-stop\\Project\\stm32gps\\MDK-ARM\\STM32GPS-REALSE\\stm32gps-realse.AXF" 
* JLink Info: Device "STM32F103RC" selected (256 KB flash, 48 KB RAM).
Set JLink Project File to "D:\GitHub\stm32gps-stop\Project\stm32gps\MDK-ARM\JLinkSettings.ini"
 
JLink info:
------------
DLL: V4.90d, compiled Aug 29 2014 14:49:16
Firmware: J-Link ARM V8 compiled Jul 17 2014 12:31:18
Hardware: V8.00
S/N : 286370559 
Feature(s) : RDI,FlashDL,FlashBP,JFlash 
 
* JLink Info: Found SWD-DP with ID 0x1BA01477
* JLink Info: Found SWD-DP with ID 0x1BA01477
* JLink Info: Found Cortex-M3 r1p1, Little endian.
* JLink Info: FPUnit: 6 code (BP) slots and 2 literal slots
* JLink Info: TPIU fitted.
* JLink Info: ETM fitted.
ROMTableAddr = 0xE00FF003
 
Target info:
------------
Device: STM32F103RC
VTarget = 3.474V
State of Pins: 
TCK: 0, TDI: 0, TDO: 0, TMS: 1, TRES: 1, TRST: 1
Hardware-Breakpoints: 6
Software-Breakpoints: 8192
Watchpoints:          4
JTAG speed: 2000 kHz
 
Erase Done.
Programming Done.
Verify OK.
Load "D:\\GitHub\\stm32gps-stop\\Project\\stm32gps\\MDK-ARM\\STM32GPS-REALSE\\stm32gps-realse.AXF" 
* JLink Info: Device "STM32F103RC" selected (256 KB flash, 48 KB RAM).
Set JLink Project File to "D:\GitHub\stm32gps-stop\Project\stm32gps\MDK-ARM\JLinkSettings.ini"
 
JLink info:
------------
DLL: V4.90d, compiled Aug 29 2014 14:49:16
Firmware: J-Link ARM V8 compiled Jul 17 2014 12:31:18
Hardware: V8.00
S/N : 286370559 
Feature(s) : RDI,FlashDL,FlashBP,JFlash 
 
Load "D:\\GitHub\\stm32gps-stop\\Project\\stm32gps\\MDK-ARM\\STM32GPS-REALSE\\stm32gps-realse.AXF" 
* JLink Info: Device "STM32F103RC" selected (256 KB flash, 48 KB RAM).
Set JLink Project File to "D:\GitHub\stm32gps-stop\Project\stm32gps\MDK-ARM\JLinkSettings.ini"
 
JLink info:
------------
DLL: V4.90d, compiled Aug 29 2014 14:49:16
Firmware: J-Link ARM V8 compiled Jul 17 2014 12:31:18
Hardware: V8.00
S/N : 286370559 
Feature(s) : RDI,FlashDL,FlashBP,JFlash 
 
Load "D:\\GitHub\\stm32gps-stop\\Project\\stm32gps\\MDK-ARM\\STM32GPS-REALSE\\stm32gps-realse.AXF" 
* JLink Info: Device "STM32F103RC" selected (256 KB flash, 48 KB RAM).
Set JLink Project File to "D:\GitHub\stm32gps-stop\Project\stm32gps\MDK-ARM\JLinkSettings.ini"
 
JLink info:
------------
DLL: V4.90d, compiled Aug 29 2014 14:49:16
Firmware: J-Link ARM V8 compiled Jul 17 2014 12:31:18
Hardware: V8.00
S/N : 286370559 
Feature(s) : RDI,FlashDL,FlashBP,JFlash 
 
Load "D:\\GitHub\\stm32gps-stop\\Project\\stm32gps\\MDK-ARM\\STM32GPS-REALSE\\stm32gps-realse.AXF" 
* JLink Info: Device "STM32F103RC" selected (256 KB flash, 48 KB RAM).
Set JLink Project File to "D:\GitHub\stm32gps-stop\Project\stm32gps\MDK-ARM\JLinkSettings.ini"
 
JLink info:
------------
DLL: V4.90d, compiled Aug 29 2014 14:49:16
Firmware: J-Link ARM V8 compiled Jul 17 2014 12:31:18
Hardware: V8.00
S/N : 286370559 
Feature(s) : RDI,FlashDL,FlashBP,JFlash 
 
* JLink Info: Found SWD-DP with ID 0x1BA01477
* JLink Info: Found SWD-DP with ID 0x1BA01477
* JLink Info: Found Cortex-M3 r1p1, Little endian.
* JLink Info: FPUnit: 6 code (BP) slots and 2 literal slots
* JLink Info: TPIU fitted.
* JLink Info: ETM fitted.
ROMTableAddr = 0xE00FF003
 
Target info:
------------
Device: STM32F103RC
VTarget = 3.481V
State of Pins: 
TCK: 0, TDI: 0, TDO: 0, TMS: 1, TRES: 1, TRST: 1
Hardware-Breakpoints: 6
Software-Breakpoints: 8192
Watchpoints:          4
JTAG speed: 2000 kHz
 
Erase Done.
Programming Done.
Verify OK.
Load "D:\\GitHub\\stm32gps-stop\\Project\\stm32gps\\MDK-ARM\\STM32GPS-REALSE\\stm32gps-realse.AXF" 
* JLink Info: Device "STM32F103RC" selected (256 KB flash, 48 KB RAM).
Set JLink Project File to "D:\GitHub\stm32gps-stop\Project\stm32gps\MDK-ARM\JLinkSettings.ini"
 
JLink info:
------------
DLL: V4.90d, compiled Aug 29 2014 14:49:16
Firmware: J-Link ARM V8 compiled Jul 17 2014 12:31:18
Hardware: V8.00
S/N : 286370559 
Feature(s) : RDI,FlashDL,FlashBP,JFlash 
 
Load "D:\\GitHub\\stm32gps-stop\\Project\\stm32gps\\MDK-ARM\\STM32GPS-REALSE\\stm32gps-realse.AXF" 
* JLink Info: Device "STM32F103RC" selected (256 KB flash, 48 KB RAM).
Set JLink Project File to "D:\GitHub\stm32gps-stop\Project\stm32gps\MDK-ARM\JLinkSettings.ini"
 
JLink info:
------------
DLL: V4.90d, compiled Aug 29 2014 14:49:16
Firmware: J-Link ARM V8 compiled Jul 17 2014 12:31:18
Hardware: V8.00
S/N : 286370559 
Feature(s) : RDI,FlashDL,FlashBP,JFlash 
 
Load "D:\\GitHub\\stm32gps-stop\\Project\\stm32gps\\MDK-ARM\\STM32GPS-REALSE\\stm32gps-realse.AXF" 
* JLink Info: Device "STM32F103RC" selected (256 KB flash, 48 KB RAM).
Set JLink Project File to "D:\GitHub\stm32gps-stop\Project\stm32gps\MDK-ARM\JLinkSettings.ini"
 
JLink info:
------------
DLL: V4.90d, compiled Aug 29 2014 14:49:16
Firmware: J-Link ARM V8 compiled Jul 17 2014 12:31:18
Hardware: V8.00
S/N : 286370559 
Feature(s) : RDI,FlashDL,FlashBP,JFlash 
 
Load "D:\\GitHub\\stm32gps-stop\\Project\\stm32gps\\MDK-ARM\\STM32GPS-REALSE\\stm32gps-realse.AXF" 
* JLink Info: Device "STM32F103RC" selected (256 KB flash, 48 KB RAM).
Set JLink Project File to "D:\GitHub\stm32gps-stop\Project\stm32gps\MDK-ARM\JLinkSettings.ini"
 
JLink info:
------------
DLL: V4.90d, compiled Aug 29 2014 14:49:16
Firmware: J-Link ARM V8 compiled Jul 17 2014 12:31:18
Hardware: V8.00
S/N : 286370559 
Feature(s) : RDI,FlashDL,FlashBP,JFlash 
 
Load "D:\\GitHub\\stm32gps-stop\\Project\\stm32gps\\MDK-ARM\\STM32GPS-REALSE\\stm32gps-realse.AXF" 
* JLink Info: Device "STM32F103RC" selected (256 KB flash, 48 KB RAM).
Set JLink Project File to "D:\GitHub\stm32gps-stop\Project\stm32gps\MDK-ARM\JLinkSettings.ini"
 
JLink info:
------------
DLL: V4.90d, compiled Aug 29 2014 14:49:16
Firmware: J-Link ARM V8 compiled Jul 17 2014 12:31:18
Hardware: V8.00
S/N : 286370559 
Feature(s) : RDI,FlashDL,FlashBP,JFlash 
 
Load "D:\\GitHub\\stm32gps-stop\\Project\\stm32gps\\MDK-ARM\\STM32GPS-REALSE\\stm32gps-realse.AXF" 
* JLink Info: Device "STM32F103RC" selected (256 KB flash, 48 KB RAM).
Set JLink Project File to "D:\GitHub\stm32gps-stop\Project\stm32gps\MDK-ARM\JLinkSettings.ini"
 
JLink info:
------------
DLL: V4.90d, compiled Aug 29 2014 14:49:16
Firmware: J-Link ARM V8 compiled Jul 17 2014 12:31:18
Hardware: V8.00
S/N : 286370559 
Feature(s) : RDI,FlashDL,FlashBP,JFlash 
 
Load "D:\\GitHub\\stm32gps-stop\\Project\\stm32gps\\MDK-ARM\\STM32GPS-REALSE\\stm32gps-realse.AXF" 
* JLink Info: Device "STM32F103RC" selected (256 KB flash, 48 KB RAM).
Set JLink Project File to "D:\GitHub\stm32gps-stop\Project\stm32gps\MDK-ARM\JLinkSettings.ini"
 
JLink info:
------------
DLL: V4.90d, compiled Aug 29 2014 14:49:16
Firmware: J-Link ARM V8 compiled Jul 17 2014 12:31:18
Hardware: V8.00
S/N : 286370559 
Feature(s) : RDI,FlashDL,FlashBP,JFlash 
 
* JLink Info: Found SWD-DP with ID 0x1BA01477
* JLink Info: Found SWD-DP with ID 0x1BA01477
* JLink Info: Found Cortex-M3 r1p1, Little endian.
* JLink Info: FPUnit: 6 code (BP) slots and 2 literal slots
* JLink Info: TPIU fitted.
* JLink Info: ETM fitted.
ROMTableAddr = 0xE00FF003
 
Target info:
------------
Device: STM32F103RC
VTarget = 3.416V
State of Pins: 
TCK: 0, TDI: 0, TDO: 0, TMS: 1, TRES: 1, TRST: 1
Hardware-Breakpoints: 6
Software-Breakpoints: 8192
Watchpoints:          4
JTAG speed: 2000 kHz
 
Erase Done.
Programming Done.
Verify OK.
Load "D:\\GitHub\\stm32gps-stop\\Project\\stm32gps\\MDK-ARM\\STM32GPS-REALSE\\stm32gps-realse.AXF" 
* JLink Info: Device "STM32F103RC" selected (256 KB flash, 48 KB RAM).
Set JLink Project File to "D:\GitHub\stm32gps-stop\Project\stm32gps\MDK-ARM\JLinkSettings.ini"
 
JLink info:
------------
DLL: V4.90d, compiled Aug 29 2014 14:49:16
Firmware: J-Link ARM V8 compiled Jul 17 2014 12:31:18
Hardware: V8.00
S/N : 286370559 
Feature(s) : RDI,FlashDL,FlashBP,JFlash 
 
* JLink Info: Found SWD-DP with ID 0x1BA01477
* JLink Info: Found SWD-DP with ID 0x1BA01477
* JLink Info: Found Cortex-M3 r1p1, Little endian.
* JLink Info: FPUnit: 6 code (BP) slots and 2 literal slots
* JLink Info: TPIU fitted.
* JLink Info: ETM fitted.
ROMTableAddr = 0xE00FF003
 
Target info:
------------
Device: STM32F103RC
VTarget = 3.481V
State of Pins: 
TCK: 0, TDI: 0, TDO: 0, TMS: 1, TRES: 1, TRST: 1
Hardware-Breakpoints: 6
Software-Breakpoints: 8192
Watchpoints:          4
JTAG speed: 2000 kHz
 
Erase Done.
Programming Done.
Verify OK.
Load "D:\\GitHub\\stm32gps-stop\\Project\\stm32gps\\MDK-ARM\\STM32GPS-REALSE\\stm32gps-realse.AXF" 
* JLink Info: Device "STM32F103RC" selected (256 KB flash, 48 KB RAM).
Set JLink Project File to "D:\GitHub\stm32gps-stop\Project\stm32gps\MDK-ARM\JLinkSettings.ini"
 
JLink info:
------------
DLL: V4.90d, compiled Aug 29 2014 14:49:16
Firmware: J-Link ARM V8 compiled Jul 17 2014 12:31:18
Hardware: V8.00
S/N : 286370559 
Feature(s) : RDI,FlashDL,FlashBP,JFlash 
 
Load "D:\\GitHub\\stm32gps-stop\\Project\\stm32gps\\MDK-ARM\\STM32GPS-REALSE\\stm32gps-realse.AXF" 
* JLink Info: Device "STM32F103RC" selected (256 KB flash, 48 KB RAM).
Set JLink Project File to "D:\GitHub\stm32gps-stop\Project\stm32gps\MDK-ARM\JLinkSettings.ini"
 
JLink info:
------------
DLL: V4.90d, compiled Aug 29 2014 14:49:16
Firmware: J-Link ARM V8 compiled Jul 17 2014 12:31:18
Hardware: V8.00
S/N : 286370559 
Feature(s) : RDI,FlashDL,FlashBP,JFlash 
 
Load "D:\\GitHub\\stm32gps-stop\\Project\\stm32gps\\MDK-ARM\\STM32GPS-REALSE\\stm32gps-realse.AXF" 
* JLink Info: Device "STM32F103RC" selected (256 KB flash, 48 KB RAM).
Set JLink Project File to "D:\GitHub\stm32gps-stop\Project\stm32gps\MDK-ARM\JLinkSettings.ini"
 
JLink info:
------------
DLL: V4.90d, compiled Aug 29 2014 14:49:16
Firmware: J-Link ARM V8 compiled Jul 17 2014 12:31:18
Hardware: V8.00
S/N : 286370559 
Feature(s) : RDI,FlashDL,FlashBP,JFlash 
 
Load "D:\\GitHub\\stm32gps-stop\\Project\\stm32gps\\MDK-ARM\\STM32GPS-REALSE\\stm32gps-realse.AXF" 
* JLink Info: Device "STM32F103RC" selected (256 KB flash, 48 KB RAM).
Set JLink Project File to "D:\GitHub\stm32gps-stop\Project\stm32gps\MDK-ARM\JLinkSettings.ini"
 
JLink info:
------------
DLL: V4.90d, compiled Aug 29 2014 14:49:16
Firmware: J-Link ARM V8 compiled Jul 17 2014 12:31:18
Hardware: V8.00
S/N : 286370559 
Feature(s) : RDI,FlashDL,FlashBP,JFlash 
 
Load "D:\\GitHub\\stm32gps-stop\\Project\\stm32gps\\MDK-ARM\\STM32GPS-REALSE\\stm32gps-realse.AXF" 
* JLink Info: Device "STM32F103RC" selected (256 KB flash, 48 KB RAM).
Set JLink Project File to "D:\GitHub\stm32gps-stop\Project\stm32gps\MDK-ARM\JLinkSettings.ini"
 
JLink info:
------------
DLL: V4.90d, compiled Aug 29 2014 14:49:16
Firmware: J-Link ARM V8 compiled Jul 17 2014 12:31:18
Hardware: V8.00
S/N : 286370559 
Feature(s) : RDI,FlashDL,FlashBP,JFlash 
 
Load "D:\\GitHub\\stm32gps-stop\\Project\\stm32gps\\MDK-ARM\\STM32GPS-REALSE\\stm32gps-realse.AXF" 
* JLink Info: Device "STM32F103RC" selected (256 KB flash, 48 KB RAM).
Set JLink Project File to "D:\GitHub\stm32gps-stop\Project\stm32gps\MDK-ARM\JLinkSettings.ini"
 
JLink info:
------------
DLL: V4.90d, compiled Aug 29 2014 14:49:16
Firmware: J-Link ARM V8 compiled Jul 17 2014 12:31:18
Hardware: V8.00
S/N : 286370559 
Feature(s) : RDI,FlashDL,FlashBP,JFlash 
 
Load "D:\\GitHub\\stm32gps-stop\\Project\\stm32gps\\MDK-ARM\\STM32GPS-REALSE\\stm32gps-realse.AXF" 
* JLink Info: Device "STM32F103RC" selected (256 KB flash, 48 KB RAM).
Set JLink Project File to "D:\GitHub\stm32gps-stop\Project\stm32gps\MDK-ARM\JLinkSettings.ini"
 
JLink info:
------------
DLL: V4.90d, compiled Aug 29 2014 14:49:16
Firmware: J-Link ARM V8 compiled Jul 17 2014 12:31:18
Hardware: V8.00
S/N : 286370559 
Feature(s) : RDI,FlashDL,FlashBP,JFlash 
 
* JLink Info: Found SWD-DP with ID 0x1BA01477
* JLink Info: Found SWD-DP with ID 0x1BA01477
* JLink Info: Found Cortex-M3 r1p1, Little endian.
* JLink Info: FPUnit: 6 code (BP) slots and 2 literal slots
* JLink Info: TPIU fitted.
* JLink Info: ETM fitted.
ROMTableAddr = 0xE00FF003
 
Target info:
------------
Device: STM32F103RC
VTarget = 3.468V
State of Pins: 
TCK: 0, TDI: 0, TDO: 0, TMS: 1, TRES: 1, TRST: 1
Hardware-Breakpoints: 6
Software-Breakpoints: 8192
Watchpoints:          4
JTAG speed: 2000 kHz
 
Erase Done.
Programming Done.
Verify OK.
Load "D:\\GitHub\\stm32gps-stop\\Project\\stm32gps\\MDK-ARM\\STM32GPS-REALSE\\stm32gps-realse.AXF" 
* JLink Info: Device "STM32F103RC" selected (256 KB flash, 48 KB RAM).
Set JLink Project File to "D:\GitHub\stm32gps-stop\Project\stm32gps\MDK-ARM\JLinkSettings.ini"
 
JLink info:
------------
DLL: V4.90d, compiled Aug 29 2014 14:49:16
Firmware: J-Link ARM V8 compiled Jul 17 2014 12:31:18
Hardware: V8.00
S/N : 286370559 
Feature(s) : RDI,FlashDL,FlashBP,JFlash 
 
* JLink Info: Found SWD-DP with ID 0x1BA01477
* JLink Info: Found SWD-DP with ID 0x1BA01477
* JLink Info: Found Cortex-M3 r1p1, Little endian.
* JLink Info: FPUnit: 6 code (BP) slots and 2 literal slots
* JLink Info: TPIU fitted.
* JLink Info: ETM fitted.
ROMTableAddr = 0xE00FF003
 
Target info:
------------
Device: STM32F103RC
VTarget = 3.461V
State of Pins: 
TCK: 0, TDI: 0, TDO: 0, TMS: 1, TRES: 1, TRST: 1
Hardware-Breakpoints: 6
Software-Breakpoints: 8192
Watchpoints:          4
JTAG speed: 2000 kHz
 
Erase Done.
Programming Done.
Verify OK.
Load "D:\\GitHub\\stm32gps-stop\\Project\\stm32gps\\MDK-ARM\\STM32GPS-REALSE\\stm32gps-realse.AXF" 
* JLink Info: Device "STM32F103RC" selected (256 KB flash, 48 KB RAM).
Set JLink Project File to "D:\GitHub\stm32gps-stop\Project\stm32gps\MDK-ARM\JLinkSettings.ini"
 
JLink info:
------------
DLL: V4.90d, compiled Aug 29 2014 14:49:16
Firmware: J-Link ARM V8 compiled Jul 17 2014 12:31:18
Hardware: V8.00
S/N : 286370559 
Feature(s) : RDI,FlashDL,FlashBP,JFlash 
 
Load "D:\\GitHub\\stm32gps-stop\\Project\\stm32gps\\MDK-ARM\\STM32GPS-REALSE\\stm32gps-realse.AXF" 
* JLink Info: Device "STM32F103RC" selected (256 KB flash, 48 KB RAM).
Set JLink Project File to "D:\GitHub\stm32gps-stop\Project\stm32gps\MDK-ARM\JLinkSettings.ini"
 
JLink info:
------------
DLL: V4.90d, compiled Aug 29 2014 14:49:16
Firmware: J-Link ARM V8 compiled Jul 17 2014 12:31:18
Hardware: V8.00
S/N : 286370559 
Feature(s) : RDI,FlashDL,FlashBP,JFlash 
 
Load "D:\\GitHub\\stm32gps-stop\\Project\\stm32gps\\MDK-ARM\\STM32GPS-REALSE\\stm32gps-realse.AXF" 
* JLink Info: Device "STM32F103RC" selected (256 KB flash, 48 KB RAM).
Set JLink Project File to "D:\GitHub\stm32gps-stop\Project\stm32gps\MDK-ARM\JLinkSettings.ini"
 
JLink info:
------------
DLL: V4.90d, compiled Aug 29 2014 14:49:16
Firmware: J-Link ARM V8 compiled Jul 17 2014 12:31:18
Hardware: V8.00
S/N : 286370559 
Feature(s) : RDI,FlashDL,FlashBP,JFlash 
 
Load "D:\\GitHub\\stm32gps-stop\\Project\\stm32gps\\MDK-ARM\\STM32GPS-REALSE\\stm32gps-realse.AXF" 
* JLink Info: Device "STM32F103RC" selected (256 KB flash, 48 KB RAM).
Set JLink Project File to "D:\GitHub\stm32gps-stop\Project\stm32gps\MDK-ARM\JLinkSettings.ini"
 
JLink info:
------------
DLL: V4.90d, compiled Aug 29 2014 14:49:16
Firmware: J-Link ARM V8 compiled Jul 17 2014 12:31:18
Hardware: V8.00
S/N : 286370559 
Feature(s) : RDI,FlashDL,FlashBP,JFlash 
 
Load "D:\\GitHub\\stm32gps-stop\\Project\\stm32gps\\MDK-ARM\\STM32GPS-REALSE\\stm32gps-realse.AXF" 
* JLink Info: Device "STM32F103RC" selected (256 KB flash, 48 KB RAM).
Set JLink Project File to "D:\GitHub\stm32gps-stop\Project\stm32gps\MDK-ARM\JLinkSettings.ini"
 
JLink info:
------------
DLL: V4.90d, compiled Aug 29 2014 14:49:16
Firmware: J-Link ARM V8 compiled Jul 17 2014 12:31:18
Hardware: V8.00
S/N : 286370559 
Feature(s) : RDI,FlashDL,FlashBP,JFlash 
 
* JLink Info: STM32Fxxxx: Cannot attach to CPU. Trying connect under reset.
***JLink Error: Supply voltage too low (1 Volt is required, Measured: 0.8 Volt).
Please check target power.
Load "D:\\GitHub\\stm32gps-stop\\Project\\stm32gps\\MDK-ARM\\STM32GPS-REALSE\\stm32gps-realse.AXF" 
* JLink Info: Device "STM32F103RC" selected (256 KB flash, 48 KB RAM).
Set JLink Project File to "D:\GitHub\stm32gps-stop\Project\stm32gps\MDK-ARM\JLinkSettings.ini"
 
JLink info:
------------
DLL: V4.90d, compiled Aug 29 2014 14:49:16
Firmware: J-Link ARM V8 compiled Jul 17 2014 12:31:18
Hardware: V8.00
S/N : 286370559 
Feature(s) : RDI,FlashDL,FlashBP,JFlash 
 
* JLink Info: STM32Fxxxx: Cannot attach to CPU. Trying connect under reset.
***JLink Error: Supply voltage too low (1 Volt is required, Measured: 0.8 Volt).
Please check target power.
Load "D:\\GitHub\\stm32gps-stop\\Project\\stm32gps\\MDK-ARM\\STM32GPS-REALSE\\stm32gps-realse.AXF" 
* JLink Info: Device "STM32F103RC" selected (256 KB flash, 48 KB RAM).
Set JLink Project File to "D:\GitHub\stm32gps-stop\Project\stm32gps\MDK-ARM\JLinkSettings.ini"
 
JLink info:
------------
DLL: V4.90d, compiled Aug 29 2014 14:49:16
Firmware: J-Link ARM V8 compiled Jul 17 2014 12:31:18
Hardware: V8.00
S/N : 286370559 
Feature(s) : RDI,FlashDL,FlashBP,JFlash 
 
Load "D:\\GitHub\\stm32gps-stop\\Project\\stm32gps\\MDK-ARM\\STM32GPS-REALSE\\stm32gps-realse.AXF" 
* JLink Info: Device "STM32F103RC" selected (256 KB flash, 48 KB RAM).
Set JLink Project File to "D:\GitHub\stm32gps-stop\Project\stm32gps\MDK-ARM\JLinkSettings.ini"
 
JLink info:
------------
DLL: V4.90d, compiled Aug 29 2014 14:49:16
Firmware: J-Link ARM V8 compiled Jul 17 2014 12:31:18
Hardware: V8.00
S/N : 286370559 
Feature(s) : RDI,FlashDL,FlashBP,JFlash 
 
Load "D:\\GitHub\\stm32gps-stop\\Project\\stm32gps\\MDK-ARM\\STM32GPS-REALSE\\stm32gps-realse.AXF" 
* JLink Info: Device "STM32F103RC" selected (256 KB flash, 48 KB RAM).
Set JLink Project File to "D:\GitHub\stm32gps-stop\Project\stm32gps\MDK-ARM\JLinkSettings.ini"
 
JLink info:
------------
DLL: V4.90d, compiled Aug 29 2014 14:49:16
Firmware: J-Link ARM V8 compiled Jul 17 2014 12:31:18
Hardware: V8.00
S/N : 286370559 
Feature(s) : RDI,FlashDL,FlashBP,JFlash 
 
* JLink Info: Found SWD-DP with ID 0x1BA01477
* JLink Info: Found SWD-DP with ID 0x1BA01477
* JLink Info: Found Cortex-M3 r1p1, Little endian.
* JLink Info: FPUnit: 6 code (BP) slots and 2 literal slots
* JLink Info: TPIU fitted.
* JLink Info: ETM fitted.
ROMTableAddr = 0xE00FF003
 
Target info:
------------
Device: STM32F103RC
VTarget = 3.410V
State of Pins: 
TCK: 0, TDI: 0, TDO: 0, TMS: 1, TRES: 1, TRST: 1
Hardware-Breakpoints: 6
Software-Breakpoints: 8192
Watchpoints:          4
JTAG speed: 2000 kHz
 
Erase Done.
Programming Done.
Verify OK.
Load "D:\\GitHub\\stm32gps-stop\\Project\\stm32gps\\MDK-ARM\\STM32GPS-REALSE\\stm32gps-realse.AXF" 
* JLink Info: Device "STM32F103RC" selected (256 KB flash, 48 KB RAM).
Set JLink Project File to "D:\GitHub\stm32gps-stop\Project\stm32gps\MDK-ARM\JLinkSettings.ini"
 
JLink info:
------------
DLL: V4.90d, compiled Aug 29 2014 14:49:16
Firmware: J-Link ARM V8 compiled Jul 17 2014 12:31:18
Hardware: V8.00
S/N : 286370559 
Feature(s) : RDI,FlashDL,FlashBP,JFlash 
 
Load "D:\\GitHub\\stm32gps-stop\\Project\\stm32gps\\MDK-ARM\\STM32GPS-REALSE\\stm32gps-realse.AXF" 
* JLink Info: Device "STM32F103RC" selected (256 KB flash, 48 KB RAM).
Set JLink Project File to "D:\GitHub\stm32gps-stop\Project\stm32gps\MDK-ARM\JLinkSettings.ini"
 
JLink info:
------------
DLL: V4.90d, compiled Aug 29 2014 14:49:16
Firmware: J-Link ARM V8 compiled Jul 17 2014 12:31:18
Hardware: V8.00
S/N : 286370559 
Feature(s) : RDI,FlashDL,FlashBP,JFlash 
 
* JLink Info: Found SWD-DP with ID 0x1BA01477
* JLink Info: Found SWD-DP with ID 0x1BA01477
* JLink Info: Found Cortex-M3 r1p1, Little endian.
* JLink Info: FPUnit: 6 code (BP) slots and 2 literal slots
* JLink Info: TPIU fitted.
* JLink Info: ETM fitted.
ROMTableAddr = 0xE00FF003
 
Target info:
------------
Device: STM32F103RC
VTarget = 3.429V
State of Pins: 
TCK: 0, TDI: 0, TDO: 0, TMS: 1, TRES: 1, TRST: 1
Hardware-Breakpoints: 6
Software-Breakpoints: 8192
Watchpoints:          4
JTAG speed: 2000 kHz
 
Erase Done.
Programming Done.
Verify OK.
Load "D:\\GitHub\\stm32gps-stop\\Project\\stm32gps\\MDK-ARM\\STM32GPS-REALSE\\stm32gps-realse.AXF" 
Load "D:\\GitHub\\stm32gps-stop\\Project\\stm32gps\\MDK-ARM\\STM32GPS-REALSE\\stm32gps-realse.AXF" 
* JLink Info: Device "STM32F103RC" selected (256 KB flash, 48 KB RAM).
Set JLink Project File to "D:\GitHub\stm32gps-stop\Project\stm32gps\MDK-ARM\JLinkSettings.ini"
 
JLink info:
------------
DLL: V4.90d, compiled Aug 29 2014 14:49:16
Firmware: J-Link ARM V8 compiled Jul 17 2014 12:31:18
Hardware: V8.00
S/N : 286370559 
Feature(s) : RDI,FlashDL,FlashBP,JFlash 
 
* JLink Info: Found SWD-DP with ID 0x1BA01477
* JLink Info: Found SWD-DP with ID 0x1BA01477
* JLink Info: Found Cortex-M3 r1p1, Little endian.
* JLink Info: FPUnit: 6 code (BP) slots and 2 literal slots
* JLink Info: TPIU fitted.
* JLink Info: ETM fitted.
ROMTableAddr = 0xE00FF003
 
Target info:
------------
Device: STM32F103RC
VTarget = 3.468V
State of Pins: 
TCK: 0, TDI: 0, TDO: 0, TMS: 1, TRES: 1, TRST: 1
Hardware-Breakpoints: 6
Software-Breakpoints: 8192
Watchpoints:          4
JTAG speed: 2000 kHz
 
Erase Done.
Programming Done.
Verify OK.
Load "D:\\GitHub\\stm32gps-stop\\Project\\stm32gps\\MDK-ARM\\STM32GPS-REALSE\\stm32gps-realse.AXF" 
* JLink Info: Device "STM32F103RC" selected (256 KB flash, 48 KB RAM).
Set JLink Project File to "D:\GitHub\stm32gps-stop\Project\stm32gps\MDK-ARM\JLinkSettings.ini"
 
JLink info:
------------
DLL: V4.90d, compiled Aug 29 2014 14:49:16
Firmware: J-Link ARM V8 compiled Jul 17 2014 12:31:18
Hardware: V8.00
S/N : 286370559 
Feature(s) : RDI,FlashDL,FlashBP,JFlash 
 
* JLink Info: Found SWD-DP with ID 0x1BA01477
* JLink Info: Found SWD-DP with ID 0x1BA01477
* JLink Info: Found Cortex-M3 r1p1, Little endian.
* JLink Info: FPUnit: 6 code (BP) slots and 2 literal slots
* JLink Info: TPIU fitted.
* JLink Info: ETM fitted.
ROMTableAddr = 0xE00FF003
 
Target info:
------------
Device: STM32F103RC
VTarget = 3.468V
State of Pins: 
TCK: 0, TDI: 0, TDO: 0, TMS: 1, TRES: 1, TRST: 1
Hardware-Breakpoints: 6
Software-Breakpoints: 8192
Watchpoints:          4
JTAG speed: 2000 kHz
 
Erase Done.
Programming Done.
Verify OK.
Load "D:\\GitHub\\stm32gps-stop\\Project\\stm32gps\\MDK-ARM\\STM32GPS-REALSE\\stm32gps-realse.AXF" 
Load "D:\\GitHub\\stm32gps-stop\\Project\\stm32gps\\MDK-ARM\\STM32GPS-REALSE\\stm32gps-realse.AXF" 
* JLink Info: Device "STM32F103RC" selected (256 KB flash, 48 KB RAM).
Set JLink Project File to "D:\GitHub\stm32gps-stop\Project\stm32gps\MDK-ARM\JLinkSettings.ini"
 
JLink info:
------------
DLL: V4.90d, compiled Aug 29 2014 14:49:16
Firmware: J-Link ARM V8 compiled Jul 17 2014 12:31:18
Hardware: V8.00
S/N : 286370559 
Feature(s) : RDI,FlashDL,FlashBP,JFlash 
 
* JLink Info: Found SWD-DP with ID 0x1BA01477
* JLink Info: Found SWD-DP with ID 0x1BA01477
* JLink Info: Found Cortex-M3 r1p1, Little endian.
* JLink Info: FPUnit: 6 code (BP) slots and 2 literal slots
* JLink Info: TPIU fitted.
* JLink Info: ETM fitted.
ROMTableAddr = 0xE00FF003
 
Target info:
------------
Device: STM32F103RC
VTarget = 3.481V
State of Pins: 
TCK: 0, TDI: 0, TDO: 0, TMS: 1, TRES: 1, TRST: 1
Hardware-Breakpoints: 6
Software-Breakpoints: 8192
Watchpoints:          4
JTAG speed: 2000 kHz
 
Erase Done.
Programming Done.
Verify OK.
Load "D:\\GitHub\\stm32gps-stop\\Project\\stm32gps\\MDK-ARM\\STM32GPS-REALSE\\stm32gps-realse.AXF" 
* JLink Info: Device "STM32F103RC" selected (256 KB flash, 48 KB RAM).
Set JLink Project File to "D:\GitHub\stm32gps-stop\Project\stm32gps\MDK-ARM\JLinkSettings.ini"
 
JLink info:
------------
DLL: V4.90d, compiled Aug 29 2014 14:49:16
Firmware: J-Link ARM V8 compiled Jul 17 2014 12:31:18
Hardware: V8.00
S/N : 286370559 
Feature(s) : RDI,FlashDL,FlashBP,JFlash 
 
* JLink Info: Found SWD-DP with ID 0x1BA01477
* JLink Info: Found SWD-DP with ID 0x1BA01477
* JLink Info: Found Cortex-M3 r1p1, Little endian.
* JLink Info: FPUnit: 6 code (BP) slots and 2 literal slots
* JLink Info: TPIU fitted.
* JLink Info: ETM fitted.
ROMTableAddr = 0xE00FF003
 
Target info:
------------
Device: STM32F103RC
VTarget = 3.481V
State of Pins: 
TCK: 0, TDI: 0, TDO: 0, TMS: 1, TRES: 1, TRST: 1
Hardware-Breakpoints: 6
Software-Breakpoints: 8192
Watchpoints:          4
JTAG speed: 2000 kHz
 
Erase Done.
Programming Done.
Verify OK.
Load "D:\\GitHub\\stm32gps-stop\\Project\\stm32gps\\MDK-ARM\\STM32GPS-REALSE\\stm32gps-realse.AXF" 
* JLink Info: Device "STM32F103RC" selected (256 KB flash, 48 KB RAM).
Set JLink Project File to "D:\GitHub\stm32gps-stop\Project\stm32gps\MDK-ARM\JLinkSettings.ini"
 
JLink info:
------------
DLL: V4.90d, compiled Aug 29 2014 14:49:16
Firmware: J-Link ARM V8 compiled Jul 17 2014 12:31:18
Hardware: V8.00
S/N : 286370559 
Feature(s) : RDI,FlashDL,FlashBP,JFlash 
 
* JLink Info: Found SWD-DP with ID 0x1BA01477
* JLink Info: Found SWD-DP with ID 0x1BA01477
* JLink Info: Found Cortex-M3 r1p1, Little endian.
* JLink Info: FPUnit: 6 code (BP) slots and 2 literal slots
* JLink Info: TPIU fitted.
* JLink Info: ETM fitted.
ROMTableAddr = 0xE00FF003
 
Target info:
------------
Device: STM32F103RC
VTarget = 3.468V
State of Pins: 
TCK: 0, TDI: 0, TDO: 0, TMS: 1, TRES: 1, TRST: 1
Hardware-Breakpoints: 6
Software-Breakpoints: 8192
Watchpoints:          4
JTAG speed: 2000 kHz
 
Erase Done.
Programming Done.
Verify OK.
Load "D:\\GitHub\\stm32gps-stop\\Project\\stm32gps\\MDK-ARM\\STM32GPS-REALSE\\stm32gps-realse.AXF" 
* JLink Info: Device "STM32F103RC" selected (256 KB flash, 48 KB RAM).
Set JLink Project File to "D:\GitHub\stm32gps-stop\Project\stm32gps\MDK-ARM\JLinkSettings.ini"
 
JLink info:
------------
DLL: V4.90d, compiled Aug 29 2014 14:49:16
Firmware: J-Link ARM V8 compiled Jul 17 2014 12:31:18
Hardware: V8.00
S/N : 286370559 
Feature(s) : RDI,FlashDL,FlashBP,JFlash 
 
Load "D:\\GitHub\\stm32gps-stop\\Project\\stm32gps\\MDK-ARM\\STM32GPS-REALSE\\stm32gps-realse.AXF" 
* JLink Info: Device "STM32F103RC" selected (256 KB flash, 48 KB RAM).
Set JLink Project File to "D:\GitHub\stm32gps-stop\Project\stm32gps\MDK-ARM\JLinkSettings.ini"
 
JLink info:
------------
DLL: V4.90d, compiled Aug 29 2014 14:49:16
Firmware: J-Link ARM V8 compiled Jul 17 2014 12:31:18
Hardware: V8.00
S/N : 286370559 
Feature(s) : RDI,FlashDL,FlashBP,JFlash 
 
Load "D:\\GitHub\\stm32gps-stop\\Project\\stm32gps\\MDK-ARM\\STM32GPS-REALSE\\stm32gps-realse.AXF" 
Load "D:\\GitHub\\stm32gps-stop\\Project\\stm32gps\\MDK-ARM\\STM32GPS-REALSE\\stm32gps-realse.AXF" 
* JLink Info: Device "STM32F103RC" selected (256 KB flash, 48 KB RAM).
Set JLink Project File to "D:\GitHub\stm32gps-stop\Project\stm32gps\MDK-ARM\JLinkSettings.ini"
 
JLink info:
------------
DLL: V4.90d, compiled Aug 29 2014 14:49:16
Firmware: J-Link ARM V8 compiled Jul 17 2014 12:31:18
Hardware: V8.00
S/N : 286370559 
Feature(s) : RDI,FlashDL,FlashBP,JFlash 
 
* JLink Info: Found SWD-DP with ID 0x1BA01477
* JLink Info: Found SWD-DP with ID 0x1BA01477
* JLink Info: Found Cortex-M3 r1p1, Little endian.
* JLink Info: FPUnit: 6 code (BP) slots and 2 literal slots
* JLink Info: TPIU fitted.
* JLink Info: ETM fitted.
ROMTableAddr = 0xE00FF003
 
Target info:
------------
Device: STM32F103RC
VTarget = 3.468V
State of Pins: 
TCK: 0, TDI: 0, TDO: 0, TMS: 1, TRES: 1, TRST: 1
Hardware-Breakpoints: 6
Software-Breakpoints: 8192
Watchpoints:          4
JTAG speed: 2000 kHz
 
Erase Done.
Programming Done.
Verify OK.
Load "D:\\GitHub\\stm32gps-stop\\Project\\stm32gps\\MDK-ARM\\STM32GPS-REALSE\\stm32gps-realse.AXF" 
Load "D:\\GitHub\\stm32gps-stop\\Project\\stm32gps\\MDK-ARM\\STM32GPS-REALSE\\stm32gps-realse.AXF" 
* JLink Info: Device "STM32F103RC" selected (256 KB flash, 48 KB RAM).
Set JLink Project File to "D:\GitHub\stm32gps-stop\Project\stm32gps\MDK-ARM\JLinkSettings.ini"
 
JLink info:
------------
DLL: V4.90d, compiled Aug 29 2014 14:49:16
Firmware: J-Link ARM V8 compiled Jul 17 2014 12:31:18
Hardware: V8.00
S/N : 286370559 
Feature(s) : RDI,FlashDL,FlashBP,JFlash 
 
Load "D:\\GitHub\\stm32gps-stop\\Project\\stm32gps\\MDK-ARM\\STM32GPS-REALSE\\stm32gps-realse.AXF" 
Load "D:\\GitHub\\stm32gps-stop\\Project\\stm32gps\\MDK-ARM\\STM32GPS-REALSE\\stm32gps-realse.AXF" 
* JLink Info: Device "STM32F103RC" selected (256 KB flash, 48 KB RAM).
Set JLink Project File to "D:\GitHub\stm32gps-stop\Project\stm32gps\MDK-ARM\JLinkSettings.ini"
 
JLink info:
------------
DLL: V4.90d, compiled Aug 29 2014 14:49:16
Firmware: J-Link ARM V8 compiled Jul 17 2014 12:31:18
Hardware: V8.00
S/N : 286370559 
Feature(s) : RDI,FlashDL,FlashBP,JFlash 
 
Load "D:\\GitHub\\stm32gps-stop\\Project\\stm32gps\\MDK-ARM\\STM32GPS-REALSE\\stm32gps-realse.AXF" 
* JLink Info: Device "STM32F103RC" selected (256 KB flash, 48 KB RAM).
Set JLink Project File to "D:\GitHub\stm32gps-stop\Project\stm32gps\MDK-ARM\JLinkSettings.ini"
 
JLink info:
------------
DLL: V4.90d, compiled Aug 29 2014 14:49:16
Firmware: J-Link ARM V8 compiled Jul 17 2014 12:31:18
Hardware: V8.00
S/N : 286370559 
Feature(s) : RDI,FlashDL,FlashBP,JFlash 
 
Load "D:\\GitHub\\stm32gps-stop\\Project\\stm32gps\\MDK-ARM\\STM32GPS-REALSE\\stm32gps-realse.AXF" 
* JLink Info: Device "STM32F103RC" selected (256 KB flash, 48 KB RAM).
Set JLink Project File to "D:\GitHub\stm32gps-stop\Project\stm32gps\MDK-ARM\JLinkSettings.ini"
 
JLink info:
------------
DLL: V4.90d, compiled Aug 29 2014 14:49:16
Firmware: J-Link ARM V8 compiled Jul 17 2014 12:31:18
Hardware: V8.00
S/N : 286370559 
Feature(s) : RDI,FlashDL,FlashBP,JFlash 
 
* JLink Info: Found SWD-DP with ID 0x1BA01477
* JLink Info: Found SWD-DP with ID 0x1BA01477
* JLink Info: Found Cortex-M3 r1p1, Little endian.
* JLink Info: FPUnit: 6 code (BP) slots and 2 literal slots
* JLink Info: TPIU fitted.
* JLink Info: ETM fitted.
ROMTableAddr = 0xE00FF003
 
Target info:
------------
Device: STM32F103RC
VTarget = 3.481V
State of Pins: 
TCK: 0, TDI: 0, TDO: 0, TMS: 1, TRES: 1, TRST: 1
Hardware-Breakpoints: 6
Software-Breakpoints: 8192
Watchpoints:          4
JTAG speed: 2000 kHz
 
Erase Done.
Programming Done.
Verify OK.
Load "D:\\GitHub\\stm32gps-stop\\Project\\stm32gps\\MDK-ARM\\STM32GPS-REALSE\\stm32gps-realse.AXF" 
* JLink Info: Device "STM32F103RC" selected (256 KB flash, 48 KB RAM).
Set JLink Project File to "D:\GitHub\stm32gps-stop\Project\stm32gps\MDK-ARM\JLinkSettings.ini"
 
JLink info:
------------
DLL: V4.90d, compiled Aug 29 2014 14:49:16
Firmware: J-Link ARM V8 compiled Jul 17 2014 12:31:18
Hardware: V8.00
S/N : 286370559 
Feature(s) : RDI,FlashDL,FlashBP,JFlash 
 
Load "D:\\GitHub\\stm32gps-stop\\Project\\stm32gps\\MDK-ARM\\STM32GPS-REALSE\\stm32gps-realse.AXF" 
* JLink Info: Device "STM32F103RC" selected (256 KB flash, 48 KB RAM).
Set JLink Project File to "D:\GitHub\stm32gps-stop\Project\stm32gps\MDK-ARM\JLinkSettings.ini"
 
JLink info:
------------
DLL: V4.90d, compiled Aug 29 2014 14:49:16
Firmware: J-Link ARM V8 compiled Jul 17 2014 12:31:18
Hardware: V8.00
S/N : 286370559 
Feature(s) : RDI,FlashDL,FlashBP,JFlash 
 
* JLink Info: Found SWD-DP with ID 0x1BA01477
* JLink Info: Found SWD-DP with ID 0x1BA01477
* JLink Info: Found Cortex-M3 r1p1, Little endian.
* JLink Info: FPUnit: 6 code (BP) slots and 2 literal slots
* JLink Info: TPIU fitted.
* JLink Info: ETM fitted.
ROMTableAddr = 0xE00FF003
 
Target info:
------------
Device: STM32F103RC
VTarget = 3.481V
State of Pins: 
TCK: 0, TDI: 0, TDO: 0, TMS: 1, TRES: 1, TRST: 1
Hardware-Breakpoints: 6
Software-Breakpoints: 8192
Watchpoints:          4
JTAG speed: 2000 kHz
 
Erase Done.
Programming Done.
Verify OK.
Load "D:\\GitHub\\stm32gps-stop\\Project\\stm32gps\\MDK-ARM\\STM32GPS-REALSE\\stm32gps-realse.AXF" 
Load "D:\\GitHub\\stm32gps-stop\\Project\\stm32gps\\MDK-ARM\\STM32GPS-REALSE\\stm32gps-realse.AXF" 
* JLink Info: Device "STM32F103RC" selected (256 KB flash, 48 KB RAM).
Set JLink Project File to "D:\GitHub\stm32gps-stop\Project\stm32gps\MDK-ARM\JLinkSettings.ini"
 
JLink info:
------------
DLL: V4.90d, compiled Aug 29 2014 14:49:16
Firmware: J-Link ARM V8 compiled Jul 17 2014 12:31:18
Hardware: V8.00
S/N : 286370559 
Feature(s) : RDI,FlashDL,FlashBP,JFlash 
 
* JLink Info: Found SWD-DP with ID 0x1BA01477
* JLink Info: Found SWD-DP with ID 0x1BA01477
* JLink Info: Found Cortex-M3 r1p1, Little endian.
* JLink Info: FPUnit: 6 code (BP) slots and 2 literal slots
* JLink Info: TPIU fitted.
* JLink Info: ETM fitted.
ROMTableAddr = 0xE00FF003
 
Target info:
------------
Device: STM32F103RC
VTarget = 3.468V
State of Pins: 
TCK: 0, TDI: 0, TDO: 0, TMS: 1, TRES: 1, TRST: 1
Hardware-Breakpoints: 6
Software-Breakpoints: 8192
Watchpoints:          4
JTAG speed: 2000 kHz
 
Erase Done.
Programming Done.
Verify OK.
Load "D:\\GitHub\\stm32gps-stop\\Project\\stm32gps\\MDK-ARM\\STM32GPS-REALSE\\stm32gps-realse.AXF" 
* JLink Info: Device "STM32F103RC" selected (256 KB flash, 48 KB RAM).
Set JLink Project File to "D:\GitHub\stm32gps-stop\Project\stm32gps\MDK-ARM\JLinkSettings.ini"
 
JLink info:
------------
DLL: V4.90d, compiled Aug 29 2014 14:49:16
Firmware: J-Link ARM V8 compiled Jul 17 2014 12:31:18
Hardware: V8.00
S/N : 286370559 
Feature(s) : RDI,FlashDL,FlashBP,JFlash 
 
* JLink Info: Found SWD-DP with ID 0x1BA01477
* JLink Info: Found SWD-DP with ID 0x1BA01477
* JLink Info: Found Cortex-M3 r1p1, Little endian.
* JLink Info: FPUnit: 6 code (BP) slots and 2 literal slots
* JLink Info: TPIU fitted.
* JLink Info: ETM fitted.
ROMTableAddr = 0xE00FF003
 
Target info:
------------
Device: STM32F103RC
VTarget = 3.481V
State of Pins: 
TCK: 0, TDI: 0, TDO: 0, TMS: 1, TRES: 1, TRST: 1
Hardware-Breakpoints: 6
Software-Breakpoints: 8192
Watchpoints:          4
JTAG speed: 2000 kHz
 
Erase Done.
Programming Done.
Verify OK.
Load "D:\\GitHub\\stm32gps-stop\\Project\\stm32gps\\MDK-ARM\\STM32GPS-REALSE\\stm32gps-realse.AXF" 
* JLink Info: Device "STM32F103RC" selected (256 KB flash, 48 KB RAM).
Set JLink Project File to "D:\GitHub\stm32gps-stop\Project\stm32gps\MDK-ARM\JLinkSettings.ini"
 
JLink info:
------------
DLL: V4.90d, compiled Aug 29 2014 14:49:16
Firmware: J-Link ARM V8 compiled Jul 17 2014 12:31:18
Hardware: V8.00
S/N : 286370559 
Feature(s) : RDI,FlashDL,FlashBP,JFlash 
 
* JLink Info: Found SWD-DP with ID 0x1BA01477
* JLink Info: Found SWD-DP with ID 0x1BA01477
* JLink Info: Found Cortex-M3 r1p1, Little endian.
* JLink Info: FPUnit: 6 code (BP) slots and 2 literal slots
* JLink Info: TPIU fitted.
* JLink Info: ETM fitted.
ROMTableAddr = 0xE00FF003
 
Target info:
------------
Device: STM32F103RC
VTarget = 3.474V
State of Pins: 
TCK: 0, TDI: 0, TDO: 0, TMS: 1, TRES: 1, TRST: 1
Hardware-Breakpoints: 6
Software-Breakpoints: 8192
Watchpoints:          4
JTAG speed: 2000 kHz
 
Erase Done.
Programming Done.
Verify OK.
Load "D:\\GitHub\\stm32gps-stop\\Project\\stm32gps\\MDK-ARM\\STM32GPS-REALSE\\stm32gps-realse.AXF" 
* JLink Info: Device "STM32F103RC" selected (256 KB flash, 48 KB RAM).
Set JLink Project File to "D:\GitHub\stm32gps-stop\Project\stm32gps\MDK-ARM\JLinkSettings.ini"
 
JLink info:
------------
DLL: V4.90d, compiled Aug 29 2014 14:49:16
Firmware: J-Link ARM V8 compiled Jul 17 2014 12:31:18
Hardware: V8.00
S/N : 286370559 
Feature(s) : RDI,FlashDL,FlashBP,JFlash 
 
* JLink Info: Found SWD-DP with ID 0x1BA01477
* JLink Info: Found SWD-DP with ID 0x1BA01477
* JLink Info: Found Cortex-M3 r1p1, Little endian.
* JLink Info: FPUnit: 6 code (BP) slots and 2 literal slots
* JLink Info: TPIU fitted.
* JLink Info: ETM fitted.
ROMTableAddr = 0xE00FF003
 
Target info:
------------
Device: STM32F103RC
VTarget = 3.481V
State of Pins: 
TCK: 0, TDI: 0, TDO: 0, TMS: 1, TRES: 1, TRST: 1
Hardware-Breakpoints: 6
Software-Breakpoints: 8192
Watchpoints:          4
JTAG speed: 2000 kHz
 
Erase Done.
Programming Done.
Verify OK.
Load "D:\\GitHub\\stm32gps-stop\\Project\\stm32gps\\MDK-ARM\\STM32GPS-REALSE\\stm32gps-realse.AXF" 
* JLink Info: Device "STM32F103RC" selected (256 KB flash, 48 KB RAM).
Set JLink Project File to "D:\GitHub\stm32gps-stop\Project\stm32gps\MDK-ARM\JLinkSettings.ini"
 
JLink info:
------------
DLL: V4.90d, compiled Aug 29 2014 14:49:16
Firmware: J-Link ARM V8 compiled Jul 17 2014 12:31:18
Hardware: V8.00
S/N : 286370559 
Feature(s) : RDI,FlashDL,FlashBP,JFlash 
 
* JLink Info: Found SWD-DP with ID 0x1BA01477
* JLink Info: Found SWD-DP with ID 0x1BA01477
* JLink Info: Found Cortex-M3 r1p1, Little endian.
* JLink Info: FPUnit: 6 code (BP) slots and 2 literal slots
* JLink Info: TPIU fitted.
* JLink Info: ETM fitted.
ROMTableAddr = 0xE00FF003
 
Target info:
------------
Device: STM32F103RC
VTarget = 3.474V
State of Pins: 
TCK: 0, TDI: 0, TDO: 0, TMS: 1, TRES: 1, TRST: 1
Hardware-Breakpoints: 6
Software-Breakpoints: 8192
Watchpoints:          4
JTAG speed: 2000 kHz
 
Erase Done.
Programming Done.
Verify OK.
Load "D:\\GitHub\\stm32gps-stop\\Project\\stm32gps\\MDK-ARM\\STM32GPS-REALSE\\stm32gps-realse.AXF" 
* JLink Info: Device "STM32F103RC" selected (256 KB flash, 48 KB RAM).
Set JLink Project File to "D:\GitHub\stm32gps-stop\Project\stm32gps\MDK-ARM\JLinkSettings.ini"
 
JLink info:
------------
DLL: V4.90d, compiled Aug 29 2014 14:49:16
Firmware: J-Link ARM V8 compiled Jul 17 2014 12:31:18
Hardware: V8.00
S/N : 286370559 
Feature(s) : RDI,FlashDL,FlashBP,JFlash 
 
* JLink Info: Found SWD-DP with ID 0x1BA01477
* JLink Info: Found SWD-DP with ID 0x1BA01477
* JLink Info: Found Cortex-M3 r1p1, Little endian.
* JLink Info: FPUnit: 6 code (BP) slots and 2 literal slots
* JLink Info: TPIU fitted.
* JLink Info: ETM fitted.
ROMTableAddr = 0xE00FF003
 
Target info:
------------
Device: STM32F103RC
VTarget = 3.474V
State of Pins: 
TCK: 0, TDI: 0, TDO: 0, TMS: 1, TRES: 1, TRST: 1
Hardware-Breakpoints: 6
Software-Breakpoints: 8192
Watchpoints:          4
JTAG speed: 2000 kHz
 
Erase Done.
Programming Done.
Verify OK.
Load "D:\\GitHub\\stm32gps-stop\\Project\\stm32gps\\MDK-ARM\\STM32GPS-REALSE\\stm32gps-realse.AXF" 
* JLink Info: Device "STM32F103RC" selected (256 KB flash, 48 KB RAM).
Set JLink Project File to "D:\GitHub\stm32gps-stop\Project\stm32gps\MDK-ARM\JLinkSettings.ini"
 
JLink info:
------------
DLL: V4.90d, compiled Aug 29 2014 14:49:16
Firmware: J-Link ARM V8 compiled Jul 17 2014 12:31:18
Hardware: V8.00
S/N : 286370559 
Feature(s) : RDI,FlashDL,FlashBP,JFlash 
 
Load "D:\\GitHub\\stm32gps-stop\\Project\\stm32gps\\MDK-ARM\\STM32GPS-REALSE\\stm32gps-realse.AXF" 
* JLink Info: Device "STM32F103RC" selected (256 KB flash, 48 KB RAM).
Set JLink Project File to "D:\GitHub\stm32gps-stop\Project\stm32gps\MDK-ARM\JLinkSettings.ini"
 
JLink info:
------------
DLL: V4.90d, compiled Aug 29 2014 14:49:16
Firmware: J-Link ARM V8 compiled Jul 17 2014 12:31:18
Hardware: V8.00
S/N : 286370559 
Feature(s) : RDI,FlashDL,FlashBP,JFlash 
 
Load "D:\\GitHub\\stm32gps-stop\\Project\\stm32gps\\MDK-ARM\\STM32GPS-REALSE\\stm32gps-realse.AXF" 
* JLink Info: Device "STM32F103RC" selected (256 KB flash, 48 KB RAM).
Set JLink Project File to "D:\GitHub\stm32gps-stop\Project\stm32gps\MDK-ARM\JLinkSettings.ini"
 
JLink info:
------------
DLL: V4.90d, compiled Aug 29 2014 14:49:16
Firmware: J-Link ARM V8 compiled Jul 17 2014 12:31:18
Hardware: V8.00
S/N : 286370559 
Feature(s) : RDI,FlashDL,FlashBP,JFlash 
 
Load "D:\\GitHub\\stm32gps-stop\\Project\\stm32gps\\MDK-ARM\\STM32GPS-REALSE\\stm32gps-realse.AXF" 
* JLink Info: Device "STM32F103RC" selected (256 KB flash, 48 KB RAM).
Set JLink Project File to "D:\GitHub\stm32gps-stop\Project\stm32gps\MDK-ARM\JLinkSettings.ini"
 
JLink info:
------------
DLL: V4.90d, compiled Aug 29 2014 14:49:16
Firmware: J-Link ARM V8 compiled Jul 17 2014 12:31:18
Hardware: V8.00
S/N : 286370559 
Feature(s) : RDI,FlashDL,FlashBP,JFlash 
 
* JLink Info: Found SWD-DP with ID 0x1BA01477
* JLink Info: Found SWD-DP with ID 0x1BA01477
* JLink Info: Found Cortex-M3 r1p1, Little endian.
* JLink Info: FPUnit: 6 code (BP) slots and 2 literal slots
* JLink Info: TPIU fitted.
* JLink Info: ETM fitted.
ROMTableAddr = 0xE00FF003
 
Target info:
------------
Device: STM32F103RC
VTarget = 3.474V
State of Pins: 
TCK: 0, TDI: 0, TDO: 0, TMS: 1, TRES: 1, TRST: 1
Hardware-Breakpoints: 6
Software-Breakpoints: 8192
Watchpoints:          4
JTAG speed: 2000 kHz
 
Erase Done.
Programming Done.
Verify OK.
Load "D:\\GitHub\\stm32gps-stop\\Project\\stm32gps\\MDK-ARM\\STM32GPS-REALSE\\stm32gps-realse.AXF" 
* JLink Info: Device "STM32F103RC" selected (256 KB flash, 48 KB RAM).
Set JLink Project File to "D:\GitHub\stm32gps-stop\Project\stm32gps\MDK-ARM\JLinkSettings.ini"
 
JLink info:
------------
DLL: V4.90d, compiled Aug 29 2014 14:49:16
Firmware: J-Link ARM V8 compiled Jul 17 2014 12:31:18
Hardware: V8.00
S/N : 286370559 
Feature(s) : RDI,FlashDL,FlashBP,JFlash 
 
* JLink Info: Found SWD-DP with ID 0x1BA01477
* JLink Info: Found SWD-DP with ID 0x1BA01477
* JLink Info: Found Cortex-M3 r1p1, Little endian.
* JLink Info: FPUnit: 6 code (BP) slots and 2 literal slots
* JLink Info: TPIU fitted.
* JLink Info: ETM fitted.
ROMTableAddr = 0xE00FF003
 
Target info:
------------
Device: STM32F103RC
VTarget = 3.435V
State of Pins: 
TCK: 0, TDI: 0, TDO: 0, TMS: 1, TRES: 1, TRST: 1
Hardware-Breakpoints: 6
Software-Breakpoints: 8192
Watchpoints:          4
JTAG speed: 2000 kHz
 
Erase Done.
Programming Done.
Verify OK.
Load "D:\\GitHub\\stm32gps-stop\\Project\\stm32gps\\MDK-ARM\\STM32GPS-REALSE\\stm32gps-realse.AXF" 
Load "D:\\GitHub\\stm32gps-stop\\Project\\stm32gps\\MDK-ARM\\STM32GPS-REALSE\\stm32gps-realse.AXF" 
* JLink Info: Device "STM32F103RC" selected (256 KB flash, 48 KB RAM).
Set JLink Project File to "D:\GitHub\stm32gps-stop\Project\stm32gps\MDK-ARM\JLinkSettings.ini"
 
JLink info:
------------
DLL: V4.90d, compiled Aug 29 2014 14:49:16
Firmware: J-Link ARM V8 compiled Jul 17 2014 12:31:18
Hardware: V8.00
S/N : 286370559 
Feature(s) : RDI,FlashDL,FlashBP,JFlash 
 
* JLink Info: Found SWD-DP with ID 0x1BA01477
* JLink Info: Found SWD-DP with ID 0x1BA01477
* JLink Info: Found Cortex-M3 r1p1, Little endian.
* JLink Info: FPUnit: 6 code (BP) slots and 2 literal slots
* JLink Info: TPIU fitted.
* JLink Info: ETM fitted.
ROMTableAddr = 0xE00FF003
 
Target info:
------------
Device: STM32F103RC
VTarget = 3.429V
State of Pins: 
TCK: 0, TDI: 0, TDO: 0, TMS: 1, TRES: 1, TRST: 1
Hardware-Breakpoints: 6
Software-Breakpoints: 8192
Watchpoints:          4
JTAG speed: 2000 kHz
 
Erase Done.
Programming Done.
Verify OK.
Load "D:\\GitHub\\stm32gps-stop\\Project\\stm32gps\\MDK-ARM\\STM32GPS-REALSE\\stm32gps-realse.AXF" 
* JLink Info: Device "STM32F103RC" selected (256 KB flash, 48 KB RAM).
Set JLink Project File to "D:\GitHub\stm32gps-stop\Project\stm32gps\MDK-ARM\JLinkSettings.ini"
 
JLink info:
------------
DLL: V4.90d, compiled Aug 29 2014 14:49:16
Firmware: J-Link ARM V8 compiled Jul 17 2014 12:31:18
Hardware: V8.00
S/N : 286370559 
Feature(s) : RDI,FlashDL,FlashBP,JFlash 
 
* JLink Info: Found SWD-DP with ID 0x1BA01477
* JLink Info: Found SWD-DP with ID 0x1BA01477
* JLink Info: Found Cortex-M3 r1p1, Little endian.
* JLink Info: FPUnit: 6 code (BP) slots and 2 literal slots
* JLink Info: TPIU fitted.
* JLink Info: ETM fitted.
ROMTableAddr = 0xE00FF003
 
Target info:
------------
Device: STM32F103RC
VTarget = 3.468V
State of Pins: 
TCK: 0, TDI: 0, TDO: 0, TMS: 1, TRES: 1, TRST: 1
Hardware-Breakpoints: 6
Software-Breakpoints: 8192
Watchpoints:          4
JTAG speed: 2000 kHz
 
Erase Done.
Programming Done.
Verify OK.
Load "D:\\GitHub\\stm32gps-stop\\Project\\stm32gps\\MDK-ARM\\STM32GPS-REALSE\\stm32gps-realse.AXF" 
* JLink Info: Device "STM32F103RC" selected (256 KB flash, 48 KB RAM).
Set JLink Project File to "D:\GitHub\stm32gps-stop\Project\stm32gps\MDK-ARM\JLinkSettings.ini"
 
JLink info:
------------
DLL: V4.90d, compiled Aug 29 2014 14:49:16
Firmware: J-Link ARM V8 compiled Jul 17 2014 12:31:18
Hardware: V8.00
S/N : 286370559 
Feature(s) : RDI,FlashDL,FlashBP,JFlash 
 
* JLink Info: Found SWD-DP with ID 0x1BA01477
* JLink Info: Found SWD-DP with ID 0x1BA01477
* JLink Info: Found Cortex-M3 r1p1, Little endian.
* JLink Info: FPUnit: 6 code (BP) slots and 2 literal slots
* JLink Info: TPIU fitted.
* JLink Info: ETM fitted.
ROMTableAddr = 0xE00FF003
 
Target info:
------------
Device: STM32F103RC
VTarget = 3.468V
State of Pins: 
TCK: 0, TDI: 0, TDO: 0, TMS: 1, TRES: 1, TRST: 1
Hardware-Breakpoints: 6
Software-Breakpoints: 8192
Watchpoints:          4
JTAG speed: 2000 kHz
 
Erase Done.
Programming Done.
Verify OK.
Load "D:\\GitHub\\stm32gps-stop\\Project\\stm32gps\\MDK-ARM\\STM32GPS-REALSE\\stm32gps-realse.AXF" 
* JLink Info: Device "STM32F103RC" selected (256 KB flash, 48 KB RAM).
Set JLink Project File to "D:\GitHub\stm32gps-stop\Project\stm32gps\MDK-ARM\JLinkSettings.ini"
 
JLink info:
------------
DLL: V4.90d, compiled Aug 29 2014 14:49:16
Firmware: J-Link ARM V8 compiled Jul 17 2014 12:31:18
Hardware: V8.00
S/N : 286370559 
Feature(s) : RDI,FlashDL,FlashBP,JFlash 
 
* JLink Info: STM32Fxxxx: Cannot attach to CPU. Trying connect under reset.
Load "D:\\GitHub\\stm32gps-stop\\Project\\stm32gps\\MDK-ARM\\STM32GPS-REALSE\\stm32gps-realse.AXF" 
Load "D:\\GitHub\\stm32gps-stop\\Project\\stm32gps\\MDK-ARM\\STM32GPS-REALSE\\stm32gps-realse.AXF" 
* JLink Info: Device "STM32F103RC" selected (256 KB flash, 48 KB RAM).
Set JLink Project File to "D:\GitHub\stm32gps-stop\Project\stm32gps\MDK-ARM\JLinkSettings.ini"
 
JLink info:
------------
DLL: V4.90d, compiled Aug 29 2014 14:49:16
Firmware: J-Link ARM V8 compiled Jul 17 2014 12:31:18
Hardware: V8.00
S/N : 286370559 
Feature(s) : RDI,FlashDL,FlashBP,JFlash 
 
**JLink Warning: RESET (pin 15) high, but should be low. Please check target hardware.
* JLink Info: STM32Fxxxx: Cannot attach to CPU. Trying connect under reset.
**JLink Warning: RESET (pin 15) high, but should be low. Please check target hardware.
***JLink Error: Supply voltage too low (1 Volt is required, Measured: 0.8 Volt).
Please check target power.
Load "D:\\GitHub\\stm32gps-stop\\Project\\stm32gps\\MDK-ARM\\STM32GPS-REALSE\\stm32gps-realse.AXF" 
* JLink Info: Device "STM32F103RC" selected (256 KB flash, 48 KB RAM).
Set JLink Project File to "D:\GitHub\stm32gps-stop\Project\stm32gps\MDK-ARM\JLinkSettings.ini"
 
JLink info:
------------
DLL: V4.90d, compiled Aug 29 2014 14:49:16
Firmware: J-Link ARM V8 compiled Jul 17 2014 12:31:18
Hardware: V8.00
S/N : 286370559 
Feature(s) : RDI,FlashDL,FlashBP,JFlash 
 
* JLink Info: Found SWD-DP with ID 0x1BA01477
* JLink Info: Found SWD-DP with ID 0x1BA01477
* JLink Info: Found Cortex-M3 r1p1, Little endian.
* JLink Info: FPUnit: 6 code (BP) slots and 2 literal slots
* JLink Info: TPIU fitted.
* JLink Info: ETM fitted.
ROMTableAddr = 0xE00FF003
 
Target info:
------------
Device: STM32F103RC
VTarget = 3.474V
State of Pins: 
TCK: 0, TDI: 0, TDO: 0, TMS: 1, TRES: 1, TRST: 1
Hardware-Breakpoints: 6
Software-Breakpoints: 8192
Watchpoints:          4
JTAG speed: 2000 kHz
 
Erase Done.
Programming Done.
Verify OK.
Load "D:\\GitHub\\stm32gps-stop\\Project\\stm32gps\\MDK-ARM\\STM32GPS-REALSE\\stm32gps-realse.AXF" 
* JLink Info: Device "STM32F103RC" selected (256 KB flash, 48 KB RAM).
Set JLink Project File to "D:\GitHub\stm32gps-stop\Project\stm32gps\MDK-ARM\JLinkSettings.ini"
 
JLink info:
------------
DLL: V4.90d, compiled Aug 29 2014 14:49:16
Firmware: J-Link ARM V8 compiled Jul 17 2014 12:31:18
Hardware: V8.00
S/N : 286370559 
Feature(s) : RDI,FlashDL,FlashBP,JFlash 
 
Load "D:\\GitHub\\stm32gps-stop\\Project\\stm32gps\\MDK-ARM\\STM32GPS-REALSE\\stm32gps-realse.AXF" 
* JLink Info: Device "STM32F103RC" selected (256 KB flash, 48 KB RAM).
Set JLink Project File to "D:\GitHub\stm32gps-stop\Project\stm32gps\MDK-ARM\JLinkSettings.ini"
 
JLink info:
------------
DLL: V4.90d, compiled Aug 29 2014 14:49:16
Firmware: J-Link ARM V8 compiled Jul 17 2014 12:31:18
Hardware: V8.00
S/N : 286370559 
Feature(s) : RDI,FlashDL,FlashBP,JFlash 
 
* JLink Info: Found SWD-DP with ID 0x1BA01477
* JLink Info: Found SWD-DP with ID 0x1BA01477
* JLink Info: Found Cortex-M3 r1p1, Little endian.
* JLink Info: FPUnit: 6 code (BP) slots and 2 literal slots
* JLink Info: TPIU fitted.
* JLink Info: ETM fitted.
ROMTableAddr = 0xE00FF003
 
Target info:
------------
Device: STM32F103RC
VTarget = 3.487V
State of Pins: 
TCK: 0, TDI: 0, TDO: 0, TMS: 1, TRES: 1, TRST: 1
Hardware-Breakpoints: 6
Software-Breakpoints: 8192
Watchpoints:          4
JTAG speed: 2000 kHz
 
Erase Done.
Programming Done.
Verify OK.
Load "D:\\GitHub\\stm32gps-stop\\Project\\stm32gps\\MDK-ARM\\STM32GPS-REALSE\\stm32gps-realse.AXF" 
* JLink Info: Device "STM32F103RC" selected (256 KB flash, 48 KB RAM).
Set JLink Project File to "D:\GitHub\stm32gps-stop\Project\stm32gps\MDK-ARM\JLinkSettings.ini"
 
JLink info:
------------
DLL: V4.90d, compiled Aug 29 2014 14:49:16
Firmware: J-Link ARM V8 compiled Jul 17 2014 12:31:18
Hardware: V8.00
S/N : 286370559 
Feature(s) : RDI,FlashDL,FlashBP,JFlash 
 
* JLink Info: Found SWD-DP with ID 0x1BA01477
* JLink Info: Found SWD-DP with ID 0x1BA01477
* JLink Info: Found Cortex-M3 r1p1, Little endian.
* JLink Info: FPUnit: 6 code (BP) slots and 2 literal slots
* JLink Info: TPIU fitted.
* JLink Info: ETM fitted.
ROMTableAddr = 0xE00FF003
 
Target info:
------------
Device: STM32F103RC
VTarget = 3.468V
State of Pins: 
TCK: 0, TDI: 0, TDO: 0, TMS: 1, TRES: 1, TRST: 1
Hardware-Breakpoints: 6
Software-Breakpoints: 8192
Watchpoints:          4
JTAG speed: 2000 kHz
 
Erase Done.
Programming Done.
Verify OK.
Load "D:\\GitHub\\stm32gps-stop\\Project\\stm32gps\\MDK-ARM\\STM32GPS-REALSE\\stm32gps-realse.AXF" 
Load "D:\\GitHub\\stm32gps-stop\\Project\\stm32gps\\MDK-ARM\\STM32GPS-REALSE\\stm32gps-realse.AXF" 
* JLink Info: Device "STM32F103RC" selected (256 KB flash, 48 KB RAM).
Set JLink Project File to "D:\GitHub\stm32gps-stop\Project\stm32gps\MDK-ARM\JLinkSettings.ini"
 
JLink info:
------------
DLL: V4.90d, compiled Aug 29 2014 14:49:16
Firmware: J-Link ARM V8 compiled Jul 17 2014 12:31:18
Hardware: V8.00
S/N : 286370559 
Feature(s) : RDI,FlashDL,FlashBP,JFlash 
 
* JLink Info: Found SWD-DP with ID 0x1BA01477
* JLink Info: Found SWD-DP with ID 0x1BA01477
* JLink Info: Found Cortex-M3 r1p1, Little endian.
* JLink Info: FPUnit: 6 code (BP) slots and 2 literal slots
* JLink Info: TPIU fitted.
* JLink Info: ETM fitted.
ROMTableAddr = 0xE00FF003
 
Target info:
------------
Device: STM32F103RC
VTarget = 3.461V
State of Pins: 
TCK: 0, TDI: 0, TDO: 0, TMS: 1, TRES: 1, TRST: 1
Hardware-Breakpoints: 6
Software-Breakpoints: 8192
Watchpoints:          4
JTAG speed: 2000 kHz
 
Erase Done.
Programming Done.
Verify OK.
Load "D:\\GitHub\\stm32gps-stop\\Project\\stm32gps\\MDK-ARM\\STM32GPS-REALSE\\stm32gps-realse.AXF" 
* JLink Info: Device "STM32F103RC" selected (256 KB flash, 48 KB RAM).
Set JLink Project File to "D:\GitHub\stm32gps-stop\Project\stm32gps\MDK-ARM\JLinkSettings.ini"
 
JLink info:
------------
DLL: V4.90d, compiled Aug 29 2014 14:49:16
Firmware: J-Link ARM V8 compiled Jul 17 2014 12:31:18
Hardware: V8.00
S/N : 286370559 
Feature(s) : RDI,FlashDL,FlashBP,JFlash 
 
* JLink Info: Found SWD-DP with ID 0x1BA01477
* JLink Info: Found SWD-DP with ID 0x1BA01477
* JLink Info: Found Cortex-M3 r1p1, Little endian.
* JLink Info: FPUnit: 6 code (BP) slots and 2 literal slots
* JLink Info: TPIU fitted.
* JLink Info: ETM fitted.
ROMTableAddr = 0xE00FF003
 
Target info:
------------
Device: STM32F103RC
VTarget = 3.481V
State of Pins: 
TCK: 0, TDI: 0, TDO: 0, TMS: 1, TRES: 1, TRST: 1
Hardware-Breakpoints: 6
Software-Breakpoints: 8192
Watchpoints:          4
JTAG speed: 2000 kHz
 
Erase Done.
Programming Done.
Verify OK.
Load "D:\\GitHub\\stm32gps-stop\\Project\\stm32gps\\MDK-ARM\\STM32GPS-REALSE\\stm32gps-realse.AXF" 
* JLink Info: Device "STM32F103RC" selected (256 KB flash, 48 KB RAM).
Set JLink Project File to "D:\GitHub\stm32gps-stop\Project\stm32gps\MDK-ARM\JLinkSettings.ini"
 
JLink info:
------------
DLL: V4.90d, compiled Aug 29 2014 14:49:16
Firmware: J-Link ARM V8 compiled Jul 17 2014 12:31:18
Hardware: V8.00
S/N : 286370559 
Feature(s) : RDI,FlashDL,FlashBP,JFlash 
 
* JLink Info: Found SWD-DP with ID 0x1BA01477
* JLink Info: Found SWD-DP with ID 0x1BA01477
* JLink Info: Found Cortex-M3 r1p1, Little endian.
* JLink Info: FPUnit: 6 code (BP) slots and 2 literal slots
* JLink Info: TPIU fitted.
* JLink Info: ETM fitted.
ROMTableAddr = 0xE00FF003
 
Target info:
------------
Device: STM32F103RC
VTarget = 3.474V
State of Pins: 
TCK: 0, TDI: 0, TDO: 0, TMS: 1, TRES: 1, TRST: 1
Hardware-Breakpoints: 6
Software-Breakpoints: 8192
Watchpoints:          4
JTAG speed: 2000 kHz
 
Erase Done.
Programming Done.
Verify OK.
Load "D:\\GitHub\\stm32gps-stop\\Project\\stm32gps\\MDK-ARM\\STM32GPS-REALSE\\stm32gps-realse.AXF" 
* JLink Info: Device "STM32F103RC" selected (256 KB flash, 48 KB RAM).
Set JLink Project File to "D:\GitHub\stm32gps-stop\Project\stm32gps\MDK-ARM\JLinkSettings.ini"
 
JLink info:
------------
DLL: V4.90d, compiled Aug 29 2014 14:49:16
Firmware: J-Link ARM V8 compiled Jul 17 2014 12:31:18
Hardware: V8.00
S/N : 286370559 
Feature(s) : RDI,FlashDL,FlashBP,JFlash 
 
Load "D:\\GitHub\\stm32gps-stop\\Project\\stm32gps\\MDK-ARM\\STM32GPS-REALSE\\stm32gps-realse.AXF" 
* JLink Info: Device "STM32F103RC" selected (256 KB flash, 48 KB RAM).
Set JLink Project File to "D:\GitHub\stm32gps-stop\Project\stm32gps\MDK-ARM\JLinkSettings.ini"
 
JLink info:
------------
DLL: V4.90d, compiled Aug 29 2014 14:49:16
Firmware: J-Link ARM V8 compiled Jul 17 2014 12:31:18
Hardware: V8.00
S/N : 286370559 
Feature(s) : RDI,FlashDL,FlashBP,JFlash 
 
Load "D:\\GitHub\\stm32gps-stop\\Project\\stm32gps\\MDK-ARM\\STM32GPS-REALSE\\stm32gps-realse.AXF" 
* JLink Info: Device "STM32F103RC" selected (256 KB flash, 48 KB RAM).
Set JLink Project File to "D:\GitHub\stm32gps-stop\Project\stm32gps\MDK-ARM\JLinkSettings.ini"
 
JLink info:
------------
DLL: V4.90d, compiled Aug 29 2014 14:49:16
Firmware: J-Link ARM V8 compiled Jul 17 2014 12:31:18
Hardware: V8.00
S/N : 286370559 
Feature(s) : RDI,FlashDL,FlashBP,JFlash 
 
Load "D:\\GitHub\\stm32gps-stop\\Project\\stm32gps\\MDK-ARM\\STM32GPS-REALSE\\stm32gps-realse.AXF" 
* JLink Info: Device "STM32F103RC" selected (256 KB flash, 48 KB RAM).
Set JLink Project File to "D:\GitHub\stm32gps-stop\Project\stm32gps\MDK-ARM\JLinkSettings.ini"
 
JLink info:
------------
DLL: V4.90d, compiled Aug 29 2014 14:49:16
Firmware: J-Link ARM V8 compiled Jul 17 2014 12:31:18
Hardware: V8.00
S/N : 286370559 
Feature(s) : RDI,FlashDL,FlashBP,JFlash 
 
* JLink Info: Found SWD-DP with ID 0x1BA01477
* JLink Info: Found SWD-DP with ID 0x1BA01477
* JLink Info: Found Cortex-M3 r1p1, Little endian.
* JLink Info: FPUnit: 6 code (BP) slots and 2 literal slots
* JLink Info: TPIU fitted.
* JLink Info: ETM fitted.
ROMTableAddr = 0xE00FF003
 
Target info:
------------
Device: STM32F103RC
VTarget = 3.455V
State of Pins: 
TCK: 0, TDI: 0, TDO: 0, TMS: 1, TRES: 1, TRST: 1
Hardware-Breakpoints: 6
Software-Breakpoints: 8192
Watchpoints:          4
JTAG speed: 2000 kHz
 
Erase Done.
Programming Done.
Verify OK.
Load "D:\\GitHub\\stm32gps-stop\\Project\\stm32gps\\MDK-ARM\\STM32GPS-REALSE\\stm32gps-realse.AXF" 
* JLink Info: Device "STM32F103RC" selected (256 KB flash, 48 KB RAM).
Set JLink Project File to "D:\GitHub\stm32gps-stop\Project\stm32gps\MDK-ARM\JLinkSettings.ini"
 
JLink info:
------------
DLL: V4.90d, compiled Aug 29 2014 14:49:16
Firmware: J-Link ARM V8 compiled Jul 17 2014 12:31:18
Hardware: V8.00
S/N : 286370559 
Feature(s) : RDI,FlashDL,FlashBP,JFlash 
 
* JLink Info: Found SWD-DP with ID 0x1BA01477
* JLink Info: Found SWD-DP with ID 0x1BA01477
* JLink Info: Found Cortex-M3 r1p1, Little endian.
* JLink Info: FPUnit: 6 code (BP) slots and 2 literal slots
* JLink Info: TPIU fitted.
* JLink Info: ETM fitted.
ROMTableAddr = 0xE00FF003
 
Target info:
------------
Device: STM32F103RC
VTarget = 3.474V
State of Pins: 
TCK: 0, TDI: 0, TDO: 0, TMS: 1, TRES: 1, TRST: 1
Hardware-Breakpoints: 6
Software-Breakpoints: 8192
Watchpoints:          4
JTAG speed: 2000 kHz
 
Erase Done.
Programming Done.
Verify OK.
Load "D:\\GitHub\\stm32gps-stop\\Project\\stm32gps\\MDK-ARM\\STM32GPS-REALSE\\stm32gps-realse.AXF" 
* JLink Info: Device "STM32F103RC" selected (256 KB flash, 48 KB RAM).
Set JLink Project File to "D:\GitHub\stm32gps-stop\Project\stm32gps\MDK-ARM\JLinkSettings.ini"
 
JLink info:
------------
DLL: V4.90d, compiled Aug 29 2014 14:49:16
Firmware: J-Link ARM V8 compiled Jul 17 2014 12:31:18
Hardware: V8.00
S/N : 286370559 
Feature(s) : RDI,FlashDL,FlashBP,JFlash 
 
* JLink Info: Found SWD-DP with ID 0x1BA01477
* JLink Info: Found SWD-DP with ID 0x1BA01477
* JLink Info: Found Cortex-M3 r1p1, Little endian.
* JLink Info: FPUnit: 6 code (BP) slots and 2 literal slots
* JLink Info: TPIU fitted.
* JLink Info: ETM fitted.
ROMTableAddr = 0xE00FF003
 
Target info:
------------
Device: STM32F103RC
VTarget = 3.474V
State of Pins: 
TCK: 0, TDI: 0, TDO: 0, TMS: 1, TRES: 1, TRST: 1
Hardware-Breakpoints: 6
Software-Breakpoints: 8192
Watchpoints:          4
JTAG speed: 2000 kHz
 
Erase Done.
Programming Done.
Verify OK.
Load "D:\\GitHub\\stm32gps-stop\\Project\\stm32gps\\MDK-ARM\\STM32GPS-REALSE\\stm32gps-realse.AXF" 
* JLink Info: Device "STM32F103RC" selected (256 KB flash, 48 KB RAM).
Set JLink Project File to "D:\GitHub\stm32gps-stop\Project\stm32gps\MDK-ARM\JLinkSettings.ini"
 
JLink info:
------------
DLL: V4.90d, compiled Aug 29 2014 14:49:16
Firmware: J-Link ARM V8 compiled Jul 17 2014 12:31:18
Hardware: V8.00
S/N : 286370559 
Feature(s) : RDI,FlashDL,FlashBP,JFlash 
 
* JLink Info: Found SWD-DP with ID 0x1BA01477
* JLink Info: Found SWD-DP with ID 0x1BA01477
* JLink Info: Found Cortex-M3 r1p1, Little endian.
* JLink Info: FPUnit: 6 code (BP) slots and 2 literal slots
* JLink Info: TPIU fitted.
* JLink Info: ETM fitted.
ROMTableAddr = 0xE00FF003
 
Target info:
------------
Device: STM32F103RC
VTarget = 3.487V
State of Pins: 
TCK: 0, TDI: 0, TDO: 0, TMS: 1, TRES: 1, TRST: 1
Hardware-Breakpoints: 6
Software-Breakpoints: 8192
Watchpoints:          4
JTAG speed: 2000 kHz
 
Erase Done.
***JLink Error: Can not read register 15 (R15) while CPU is running
**JLink Warning: CPU could not be halted
***JLink Error: Could not read memory location 0x20000000 when trying to clear soft RAM BP
Could not start CPU core. (ErrorCode: -1)
***JLink Error: Can not read register 20 (CFBP) while CPU is running
**JLink Warning: CPU could not be halted
***JLink Error: Could not start CPU core. (ErrorCode: -1)
***JLink Error: CPU is not halted
***JLink Error: Can not read register 15 (R15) while CPU is running
**JLink Warning: CPU could not be halted
***JLink Error: Could not read memory location 0x20000000 when trying to clear soft RAM BP
Could not start CPU core. (ErrorCode: -1)
Programming Failed!
Load "D:\\GitHub\\stm32gps-stop\\Project\\stm32gps\\MDK-ARM\\STM32GPS-REALSE\\stm32gps-realse.AXF" 
* JLink Info: Device "STM32F103RC" selected (256 KB flash, 48 KB RAM).
Set JLink Project File to "D:\GitHub\stm32gps-stop\Project\stm32gps\MDK-ARM\JLinkSettings.ini"
 
JLink info:
------------
DLL: V4.90d, compiled Aug 29 2014 14:49:16
[...]
* JLink Info: Found SWD-DP with ID 0x1BA01477
* JLink Info: Found Cortex-M3 r1p1, Little endian.
* JLink Info: FPUnit: 6 code (BP) slots and 2 literal slots
* JLink Info: TPIU fitted.
* JLink Info: ETM fitted.
ROMTableAddr = 0xE00FF003
 
Target info:
------------
Device: STM32F103RC
VTarget = 3.468V
State of Pins: 
TCK: 0, TDI: 0, TDO: 0, TMS: 1, TRES: 1, TRST: 1
Hardware-Breakpoints: 6
Software-Breakpoints: 8192
Watchpoints:          4
JTAG speed: 2000 kHz
 
Erase Done.
Programming Done.
Verify OK.
Load "D:\\GitHub\\stm32gps-stop\\Project\\stm32gps\\MDK-ARM\\STM32GPS-REALSE\\stm32gps-realse.AXF" 
* JLink Info: Device "STM32F103RC" selected (256 KB flash, 48 KB RAM).
Set JLink Project File to "D:\GitHub\stm32gps-stop\Project\stm32gps\MDK-ARM\JLinkSettings.ini"
 
JLink info:
------------
DLL: V4.90d, compiled Aug 29 2014 14:49:16
Firmware: J-Link ARM V8 compiled Jul 17 2014 12:31:18
Hardware: V8.00
S/N : 286370559 
Feature(s) : RDI,FlashDL,FlashBP,JFlash 
 
* JLink Info: Found SWD-DP with ID 0x1BA01477
* JLink Info: Found SWD-DP with ID 0x1BA01477
* JLink Info: Found Cortex-M3 r1p1, Little endian.
* JLink Info: FPUnit: 6 code (BP) slots and 2 literal slots
* JLink Info: TPIU fitted.
* JLink Info: ETM fitted.
ROMTableAddr = 0xE00FF003
 
Target info:
------------
Device: STM32F103RC
VTarget = 3.468V
State of Pins: 
TCK: 0, TDI: 0, TDO: 0, TMS: 1, TRES: 1, TRST: 1
Hardware-Breakpoints: 6
Software-Breakpoints: 8192
Watchpoints:          4
JTAG speed: 2000 kHz
 
Erase Done.
Programming Done.
Verify OK.
Load "D:\\GitHub\\stm32gps-stop\\Project\\stm32gps\\MDK-ARM\\STM32GPS-REALSE\\stm32gps-realse.AXF" 
* JLink Info: Device "STM32F103RC" selected (256 KB flash, 48 KB RAM).
Set JLink Project File to "D:\GitHub\stm32gps-stop\Project\stm32gps\MDK-ARM\JLinkSettings.ini"
 
JLink info:
------------
DLL: V4.90d, compiled Aug 29 2014 14:49:16
Firmware: J-Link ARM V8 compiled Jul 17 2014 12:31:18
Hardware: V8.00
S/N : 286370559 
Feature(s) : RDI,FlashDL,FlashBP,JFlash 
 
* JLink Info: Found SWD-DP with ID 0x1BA01477
* JLink Info: Found SWD-DP with ID 0x1BA01477
* JLink Info: Found Cortex-M3 r1p1, Little endian.
* JLink Info: FPUnit: 6 code (BP) slots and 2 literal slots
* JLink Info: TPIU fitted.
* JLink Info: ETM fitted.
ROMTableAddr = 0xE00FF003
 
Target info:
------------
Device: STM32F103RC
VTarget = 3.474V
State of Pins: 
TCK: 0, TDI: 0, TDO: 0, TMS: 1, TRES: 1, TRST: 1
Hardware-Breakpoints: 6
Software-Breakpoints: 8192
Watchpoints:          4
JTAG speed: 2000 kHz
 
Erase Done.
Programming Done.
Verify OK.
Load "D:\\GitHub\\stm32gps-stop\\Project\\stm32gps\\MDK-ARM\\STM32GPS-REALSE\\stm32gps-realse.AXF" 
* JLink Info: Device "STM32F103RC" selected (256 KB flash, 48 KB RAM).
Set JLink Project File to "D:\GitHub\stm32gps-stop\Project\stm32gps\MDK-ARM\JLinkSettings.ini"
 
JLink info:
------------
DLL: V4.90d, compiled Aug 29 2014 14:49:16
Firmware: J-Link ARM V8 compiled Jul 17 2014 12:31:18
Hardware: V8.00
S/N : 286370559 
Feature(s) : RDI,FlashDL,FlashBP,JFlash 
 
* JLink Info: Found SWD-DP with ID 0x1BA01477
* JLink Info: Found SWD-DP with ID 0x1BA01477
* JLink Info: Found Cortex-M3 r1p1, Little endian.
* JLink Info: FPUnit: 6 code (BP) slots and 2 literal slots
* JLink Info: TPIU fitted.
* JLink Info: ETM fitted.
ROMTableAddr = 0xE00FF003
 
Target info:
------------
Device: STM32F103RC
VTarget = 3.468V
State of Pins: 
TCK: 0, TDI: 0, TDO: 0, TMS: 1, TRES: 1, TRST: 1
Hardware-Breakpoints: 6
Software-Breakpoints: 8192
Watchpoints:          4
JTAG speed: 2000 kHz
 
Erase Done.
Programming Done.
Verify OK.
Load "D:\\GitHub\\stm32gps-stop\\Project\\stm32gps\\MDK-ARM\\STM32GPS-REALSE\\stm32gps-realse.AXF" 
* JLink Info: Device "STM32F103RC" selected (256 KB flash, 48 KB RAM).
Set JLink Project File to "D:\GitHub\stm32gps-stop\Project\stm32gps\MDK-ARM\JLinkSettings.ini"
 
JLink info:
------------
DLL: V4.90d, compiled Aug 29 2014 14:49:16
Firmware: J-Link ARM V8 compiled Jul 17 2014 12:31:18
Hardware: V8.00
S/N : 286370559 
Feature(s) : RDI,FlashDL,FlashBP,JFlash 
 
* JLink Info: Found SWD-DP with ID 0x1BA01477
* JLink Info: Found SWD-DP with ID 0x1BA01477
* JLink Info: Found Cortex-M3 r1p1, Little endian.
* JLink Info: FPUnit: 6 code (BP) slots and 2 literal slots
* JLink Info: TPIU fitted.
* JLink Info: ETM fitted.
ROMTableAddr = 0xE00FF003
 
Target info:
------------
Device: STM32F103RC
VTarget = 3.474V
State of Pins: 
TCK: 0, TDI: 0, TDO: 0, TMS: 1, TRES: 1, TRST: 1
Hardware-Breakpoints: 6
Software-Breakpoints: 8192
Watchpoints:          4
JTAG speed: 2000 kHz
 
Erase Done.
Programming Done.
Verify OK.
Load "D:\\GitHub\\stm32gps-stop\\Project\\stm32gps\\MDK-ARM\\STM32GPS-REALSE\\stm32gps-realse.AXF" 
Load "D:\\GitHub\\stm32gps-stop\\Project\\stm32gps\\MDK-ARM\\STM32GPS-REALSE\\stm32gps-realse.AXF" 
* JLink Info: Device "STM32F103RC" selected (256 KB flash, 48 KB RAM).
Set JLink Project File to "D:\GitHub\stm32gps-stop\Project\stm32gps\MDK-ARM\JLinkSettings.ini"
 
JLink info:
------------
DLL: V4.90d, compiled Aug 29 2014 14:49:16
Firmware: J-Link ARM V8 compiled Jul 17 2014 12:31:18
Hardware: V8.00
S/N : 286370559 
Feature(s) : RDI,FlashDL,FlashBP,JFlash 
 
* JLink Info: Found SWD-DP with ID 0x1BA01477
* JLink Info: Found SWD-DP with ID 0x1BA01477
* JLink Info: Found Cortex-M3 r1p1, Little endian.
* JLink Info: FPUnit: 6 code (BP) slots and 2 literal slots
* JLink Info: TPIU fitted.
* JLink Info: ETM fitted.
ROMTableAddr = 0xE00FF003
 
Target info:
------------
Device: STM32F103RC
VTarget = 3.461V
State of Pins: 
TCK: 0, TDI: 0, TDO: 0, TMS: 1, TRES: 1, TRST: 1
Hardware-Breakpoints: 6
Software-Breakpoints: 8192
Watchpoints:          4
JTAG speed: 2000 kHz
 
Erase Done.
Programming Done.
Verify OK.
Load "D:\\GitHub\\stm32gps-stop\\Project\\stm32gps\\MDK-ARM\\STM32GPS-REALSE\\stm32gps-realse.AXF" 
* JLink Info: Device "STM32F103RC" selected (256 KB flash, 48 KB RAM).
Set JLink Project File to "D:\GitHub\stm32gps-stop\Project\stm32gps\MDK-ARM\JLinkSettings.ini"
 
JLink info:
------------
DLL: V4.90d, compiled Aug 29 2014 14:49:16
Firmware: J-Link ARM V8 compiled Jul 17 2014 12:31:18
Hardware: V8.00
S/N : 286370559 
Feature(s) : RDI,FlashDL,FlashBP,JFlash 
 
* JLink Info: Found SWD-DP with ID 0x1BA01477
* JLink Info: Found SWD-DP with ID 0x1BA01477
* JLink Info: Found Cortex-M3 r1p1, Little endian.
* JLink Info: FPUnit: 6 code (BP) slots and 2 literal slots
* JLink Info: TPIU fitted.
* JLink Info: ETM fitted.
ROMTableAddr = 0xE00FF003
 
Target info:
------------
Device: STM32F103RC
VTarget = 3.468V
State of Pins: 
TCK: 0, TDI: 0, TDO: 0, TMS: 1, TRES: 1, TRST: 1
Hardware-Breakpoints: 6
Software-Breakpoints: 8192
Watchpoints:          4
JTAG speed: 2000 kHz
 
Erase Done.
Programming Done.
Verify OK.
Load "D:\\GitHub\\stm32gps-stop\\Project\\stm32gps\\MDK-ARM\\STM32GPS-REALSE\\stm32gps-realse.AXF" 
* JLink Info: Device "STM32F103RC" selected (256 KB flash, 48 KB RAM).
Set JLink Project File to "D:\GitHub\stm32gps-stop\Project\stm32gps\MDK-ARM\JLinkSettings.ini"
 
JLink info:
------------
DLL: V4.90d, compiled Aug 29 2014 14:49:16
Firmware: J-Link ARM V8 compiled Jul 17 2014 12:31:18
Hardware: V8.00
S/N : 286370559 
Feature(s) : RDI,FlashDL,FlashBP,JFlash 
 
Load "D:\\GitHub\\stm32gps-stop\\Project\\stm32gps\\MDK-ARM\\STM32GPS-REALSE\\stm32gps-realse.AXF" 
* JLink Info: Device "STM32F103RC" selected (256 KB flash, 48 KB RAM).
Set JLink Project File to "D:\GitHub\stm32gps-stop\Project\stm32gps\MDK-ARM\JLinkSettings.ini"
 
JLink info:
------------
DLL: V4.90d, compiled Aug 29 2014 14:49:16
Firmware: J-Link ARM V8 compiled Jul 17 2014 12:31:18
Hardware: V8.00
S/N : 286370559 
Feature(s) : RDI,FlashDL,FlashBP,JFlash 
 
Load "D:\\GitHub\\stm32gps-stop\\Project\\stm32gps\\MDK-ARM\\STM32GPS-REALSE\\stm32gps-realse.AXF" 
* JLink Info: Device "STM32F103RC" selected (256 KB flash, 48 KB RAM).
Set JLink Project File to "D:\GitHub\stm32gps-stop\Project\stm32gps\MDK-ARM\JLinkSettings.ini"
 
JLink info:
------------
DLL: V4.90d, compiled Aug 29 2014 14:49:16
Firmware: J-Link ARM V8 compiled Jul 17 2014 12:31:18
Hardware: V8.00
S/N : 286370559 
Feature(s) : RDI,FlashDL,FlashBP,JFlash 
 
Load "D:\\GitHub\\stm32gps-stop\\Project\\stm32gps\\MDK-ARM\\STM32GPS-REALSE\\stm32gps-realse.AXF" 
* JLink Info: Device "STM32F103RC" selected (256 KB flash, 48 KB RAM).
Set JLink Project File to "D:\GitHub\stm32gps-stop\Project\stm32gps\MDK-ARM\JLinkSettings.ini"
 
JLink info:
------------
DLL: V4.90d, compiled Aug 29 2014 14:49:16
Firmware: J-Link ARM V8 compiled Jul 17 2014 12:31:18
Hardware: V8.00
S/N : 286370559 
Feature(s) : RDI,FlashDL,FlashBP,JFlash 
 
Load "D:\\GitHub\\stm32gps-stop\\Project\\stm32gps\\MDK-ARM\\STM32GPS-REALSE\\stm32gps-realse.AXF" 
Load "D:\\GitHub\\stm32gps-stop\\Project\\stm32gps\\MDK-ARM\\STM32GPS-REALSE\\stm32gps-realse.AXF" 
* JLink Info: Device "STM32F103RC" selected (256 KB flash, 48 KB RAM).
Set JLink Project File to "D:\GitHub\stm32gps-stop\Project\stm32gps\MDK-ARM\JLinkSettings.ini"
 
JLink info:
------------
DLL: V4.90d, compiled Aug 29 2014 14:49:16
Firmware: J-Link ARM V8 compiled Jul 17 2014 12:31:18
Hardware: V8.00
S/N : 286370559 
Feature(s) : RDI,FlashDL,FlashBP,JFlash 
 
* JLink Info: Found SWD-DP with ID 0x1BA01477
* JLink Info: Found SWD-DP with ID 0x1BA01477
* JLink Info: Found Cortex-M3 r1p1, Little endian.
* JLink Info: FPUnit: 6 code (BP) slots and 2 literal slots
* JLink Info: TPIU fitted.
* JLink Info: ETM fitted.
ROMTableAddr = 0xE00FF003
 
Target info:
------------
Device: STM32F103RC
VTarget = 3.468V
State of Pins: 
TCK: 0, TDI: 0, TDO: 0, TMS: 1, TRES: 1, TRST: 1
Hardware-Breakpoints: 6
Software-Breakpoints: 8192
Watchpoints:          4
JTAG speed: 2000 kHz
 
Erase Done.
Programming Done.
Verify OK.
Load "D:\\GitHub\\stm32gps-stop\\Project\\stm32gps\\MDK-ARM\\STM32GPS-REALSE\\stm32gps-realse.AXF" 
Load "D:\\GitHub\\stm32gps-stop\\Project\\stm32gps\\MDK-ARM\\STM32GPS-REALSE\\stm32gps-realse.AXF" 
* JLink Info: Device "STM32F103RC" selected (256 KB flash, 48 KB RAM).
Set JLink Project File to "D:\GitHub\stm32gps-stop\Project\stm32gps\MDK-ARM\JLinkSettings.ini"
 
JLink info:
------------
DLL: V4.90d, compiled Aug 29 2014 14:49:16
Firmware: J-Link ARM V8 compiled Jul 17 2014 12:31:18
Hardware: V8.00
S/N : 286370559 
Feature(s) : RDI,FlashDL,FlashBP,JFlash 
 
* JLink Info: Found SWD-DP with ID 0x1BA01477
* JLink Info: Found SWD-DP with ID 0x1BA01477
* JLink Info: Found Cortex-M3 r1p1, Little endian.
* JLink Info: FPUnit: 6 code (BP) slots and 2 literal slots
* JLink Info: TPIU fitted.
* JLink Info: ETM fitted.
ROMTableAddr = 0xE00FF003
 
Target info:
------------
Device: STM32F103RC
VTarget = 3.455V
State of Pins: 
TCK: 0, TDI: 0, TDO: 0, TMS: 1, TRES: 1, TRST: 1
Hardware-Breakpoints: 6
Software-Breakpoints: 8192
Watchpoints:          4
JTAG speed: 2000 kHz
 
Erase Done.
Programming Done.
Verify OK.
Load "D:\\GitHub\\stm32gps-stop\\Project\\stm32gps\\MDK-ARM\\STM32GPS-REALSE\\stm32gps-realse.AXF" 
Load "D:\\GitHub\\stm32gps-stop\\Project\\stm32gps\\MDK-ARM\\STM32GPS-REALSE\\stm32gps-realse.AXF" 
* JLink Info: Device "STM32F103RC" selected (256 KB flash, 48 KB RAM).
Set JLink Project File to "D:\GitHub\stm32gps-stop\Project\stm32gps\MDK-ARM\JLinkSettings.ini"
 
JLink info:
------------
DLL: V4.90d, compiled Aug 29 2014 14:49:16
Firmware: J-Link ARM V8 compiled Jul 17 2014 12:31:18
Hardware: V8.00
S/N : 286370559 
Feature(s) : RDI,FlashDL,FlashBP,JFlash 
 
* JLink Info: Found SWD-DP with ID 0x1BA01477
* JLink Info: Found SWD-DP with ID 0x1BA01477
* JLink Info: Found Cortex-M3 r1p1, Little endian.
* JLink Info: FPUnit: 6 code (BP) slots and 2 literal slots
* JLink Info: TPIU fitted.
* JLink Info: ETM fitted.
ROMTableAddr = 0xE00FF003
 
Target info:
------------
Device: STM32F103RC
VTarget = 3.461V
State of Pins: 
TCK: 0, TDI: 0, TDO: 0, TMS: 1, TRES: 1, TRST: 1
Hardware-Breakpoints: 6
Software-Breakpoints: 8192
Watchpoints:          4
JTAG speed: 2000 kHz
 
Erase Done.
Programming Done.
Verify OK.
Load "D:\\GitHub\\stm32gps-stop\\Project\\stm32gps\\MDK-ARM\\STM32GPS-REALSE\\stm32gps-realse.AXF" 
* JLink Info: Device "STM32F103RC" selected (256 KB flash, 48 KB RAM).
Set JLink Project File to "D:\GitHub\stm32gps-stop\Project\stm32gps\MDK-ARM\JLinkSettings.ini"
 
JLink info:
------------
DLL: V4.90d, compiled Aug 29 2014 14:49:16
Firmware: J-Link ARM V8 compiled Jul 17 2014 12:31:18
Hardware: V8.00
S/N : 286370559 
Feature(s) : RDI,FlashDL,FlashBP,JFlash 
 
Load "D:\\GitHub\\stm32gps-stop\\Project\\stm32gps\\MDK-ARM\\STM32GPS-REALSE\\stm32gps-realse.AXF" 
* JLink Info: Device "STM32F103RC" selected (256 KB flash, 48 KB RAM).
Set JLink Project File to "D:\GitHub\stm32gps-stop\Project\stm32gps\MDK-ARM\JLinkSettings.ini"
 
JLink info:
------------
DLL: V4.90d, compiled Aug 29 2014 14:49:16
Firmware: J-Link ARM V8 compiled Jul 17 2014 12:31:18
Hardware: V8.00
S/N : 286370559 
Feature(s) : RDI,FlashDL,FlashBP,JFlash 
 
Load "D:\\GitHub\\stm32gps-stop\\Project\\stm32gps\\MDK-ARM\\STM32GPS-REALSE\\stm32gps-realse.AXF" 
* JLink Info: Device "STM32F103RC" selected (256 KB flash, 48 KB RAM).
Set JLink Project File to "D:\GitHub\stm32gps-stop\Project\stm32gps\MDK-ARM\JLinkSettings.ini"
 
JLink info:
------------
DLL: V4.90d, compiled Aug 29 2014 14:49:16
Firmware: J-Link ARM V8 compiled Jul 17 2014 12:31:18
Hardware: V8.00
S/N : 286370559 
Feature(s) : RDI,FlashDL,FlashBP,JFlash 
 
Load "D:\\GitHub\\stm32gps-stop\\Project\\stm32gps\\MDK-ARM\\STM32GPS-REALSE\\stm32gps-realse.AXF" 
* JLink Info: Device "STM32F103RC" selected (256 KB flash, 48 KB RAM).
Set JLink Project File to "D:\GitHub\stm32gps-stop\Project\stm32gps\MDK-ARM\JLinkSettings.ini"
 
JLink info:
------------
DLL: V4.90d, compiled Aug 29 2014 14:49:16
Firmware: J-Link ARM V8 compiled Jul 17 2014 12:31:18
Hardware: V8.00
S/N : 286370559 
Feature(s) : RDI,FlashDL,FlashBP,JFlash 
 
* JLink Info: Found SWD-DP with ID 0x1BA01477
* JLink Info: Found SWD-DP with ID 0x1BA01477
* JLink Info: Found Cortex-M3 r1p1, Little endian.
* JLink Info: FPUnit: 6 code (BP) slots and 2 literal slots
* JLink Info: TPIU fitted.
* JLink Info: ETM fitted.
ROMTableAddr = 0xE00FF003
 
Target info:
------------
Device: STM32F103RC
VTarget = 3.442V
State of Pins: 
TCK: 0, TDI: 0, TDO: 0, TMS: 1, TRES: 1, TRST: 1
Hardware-Breakpoints: 6
Software-Breakpoints: 8192
Watchpoints:          4
JTAG speed: 2000 kHz
 
Erase Done.
Programming Done.
Verify OK.
Load "D:\\GitHub\\stm32gps-stop\\Project\\stm32gps\\MDK-ARM\\STM32GPS-REALSE\\stm32gps-realse.AXF" 
* JLink Info: Device "STM32F103RC" selected (256 KB flash, 48 KB RAM).
Set JLink Project File to "D:\GitHub\stm32gps-stop\Project\stm32gps\MDK-ARM\JLinkSettings.ini"
 
JLink info:
------------
DLL: V4.90d, compiled Aug 29 2014 14:49:16
Firmware: J-Link ARM V8 compiled Jul 17 2014 12:31:18
Hardware: V8.00
S/N : 286370559 
Feature(s) : RDI,FlashDL,FlashBP,JFlash 
 
* JLink Info: Found SWD-DP with ID 0x1BA01477
* JLink Info: Found SWD-DP with ID 0x1BA01477
* JLink Info: Found Cortex-M3 r1p1, Little endian.
* JLink Info: FPUnit: 6 code (BP) slots and 2 literal slots
* JLink Info: TPIU fitted.
* JLink Info: ETM fitted.
ROMTableAddr = 0xE00FF003
 
Target info:
------------
Device: STM32F103RC
VTarget = 3.435V
State of Pins: 
TCK: 0, TDI: 1, TDO: 1, TMS: 1, TRES: 1, TRST: 1
Hardware-Breakpoints: 6
Software-Breakpoints: 8192
Watchpoints:          4
JTAG speed: 2000 kHz
 
Erase Done.
Programming Done.
Verify OK.
Load "D:\\GitHub\\stm32gps-stop\\Project\\stm32gps\\MDK-ARM\\STM32GPS-REALSE\\stm32gps-realse.AXF" 
* JLink Info: Device "STM32F103RC" selected (256 KB flash, 48 KB RAM).
Set JLink Project File to "D:\GitHub\stm32gps-stop\Project\stm32gps\MDK-ARM\JLinkSettings.ini"
 
JLink info:
------------
DLL: V4.90d, compiled Aug 29 2014 14:49:16
Firmware: J-Link ARM V8 compiled Jul 17 2014 12:31:18
Hardware: V8.00
S/N : 286370559 
Feature(s) : RDI,FlashDL,FlashBP,JFlash 
 
* JLink Info: Found SWD-DP with ID 0x1BA01477
* JLink Info: Found SWD-DP with ID 0x1BA01477
* JLink Info: Found Cortex-M3 r1p1, Little endian.
* JLink Info: FPUnit: 6 code (BP) slots and 2 literal slots
* JLink Info: TPIU fitted.
* JLink Info: ETM fitted.
ROMTableAddr = 0xE00FF003
 
Target info:
------------
Device: STM32F103RC
VTarget = 3.455V
State of Pins: 
TCK: 0, TDI: 0, TDO: 0, TMS: 1, TRES: 1, TRST: 1
Hardware-Breakpoints: 6
Software-Breakpoints: 8192
Watchpoints:          4
JTAG speed: 2000 kHz
 
Erase Done.
Programming Done.
Verify OK.
Load "D:\\GitHub\\stm32gps-stop\\Project\\stm32gps\\MDK-ARM\\STM32GPS-REALSE\\stm32gps-realse.AXF" 
* JLink Info: Device "STM32F103RC" selected (256 KB flash, 48 KB RAM).
Set JLink Project File to "D:\GitHub\stm32gps-stop\Project\stm32gps\MDK-ARM\JLinkSettings.ini"
 
JLink info:
------------
DLL: V4.90d, compiled Aug 29 2014 14:49:16
Firmware: J-Link ARM V8 compiled Jul 17 2014 12:31:18
Hardware: V8.00
S/N : 286370559 
Feature(s) : RDI,FlashDL,FlashBP,JFlash 
 
Load "D:\\GitHub\\stm32gps-stop\\Project\\stm32gps\\MDK-ARM\\STM32GPS-REALSE\\stm32gps-realse.AXF" 
* JLink Info: Device "STM32F103RC" selected (256 KB flash, 48 KB RAM).
Set JLink Project File to "D:\GitHub\stm32gps-stop\Project\stm32gps\MDK-ARM\JLinkSettings.ini"
 
JLink info:
------------
DLL: V4.90d, compiled Aug 29 2014 14:49:16
Firmware: J-Link ARM V8 compiled Jul 17 2014 12:31:18
Hardware: V8.00
S/N : 286370559 
Feature(s) : RDI,FlashDL,FlashBP,JFlash 
 
* JLink Info: Found SWD-DP with ID 0x1BA01477
* JLink Info: Found SWD-DP with ID 0x1BA01477
* JLink Info: Found Cortex-M3 r1p1, Little endian.
* JLink Info: FPUnit: 6 code (BP) slots and 2 literal slots
* JLink Info: TPIU fitted.
* JLink Info: ETM fitted.
ROMTableAddr = 0xE00FF003
 
Target info:
------------
Device: STM32F103RC
VTarget = 3.448V
State of Pins: 
TCK: 0, TDI: 0, TDO: 0, TMS: 1, TRES: 1, TRST: 1
Hardware-Breakpoints: 6
Software-Breakpoints: 8192
Watchpoints:          4
JTAG speed: 2000 kHz
 
Erase Done.
Programming Done.
Verify OK.
Load "D:\\GitHub\\stm32gps-stop\\Project\\stm32gps\\MDK-ARM\\STM32GPS-REALSE\\stm32gps-realse.AXF" 
* JLink Info: Device "STM32F103RC" selected (256 KB flash, 48 KB RAM).
Set JLink Project File to "D:\GitHub\stm32gps-stop\Project\stm32gps\MDK-ARM\JLinkSettings.ini"
 
JLink info:
------------
DLL: V4.90d, compiled Aug 29 2014 14:49:16
Firmware: J-Link ARM V8 compiled Jul 17 2014 12:31:18
Hardware: V8.00
S/N : 286370559 
Feature(s) : RDI,FlashDL,FlashBP,JFlash 
 
* JLink Info: Found SWD-DP with ID 0x1BA01477
* JLink Info: Found SWD-DP with ID 0x1BA01477
* JLink Info: Found Cortex-M3 r1p1, Little endian.
* JLink Info: FPUnit: 6 code (BP) slots and 2 literal slots
* JLink Info: TPIU fitted.
* JLink Info: ETM fitted.
ROMTableAddr = 0xE00FF003
 
Target info:
------------
Device: STM32F103RC
VTarget = 3.474V
State of Pins: 
TCK: 0, TDI: 0, TDO: 0, TMS: 1, TRES: 1, TRST: 1
Hardware-Breakpoints: 6
Software-Breakpoints: 8192
Watchpoints:          4
JTAG speed: 2000 kHz
 
Erase Done.
Programming Done.
Verify OK.
Load "D:\\GitHub\\stm32gps-stop\\Project\\stm32gps\\MDK-ARM\\STM32GPS-REALSE\\stm32gps-realse.AXF" 
Load "D:\\GitHub\\stm32gps-stop\\Project\\stm32gps\\MDK-ARM\\STM32GPS-REALSE\\stm32gps-realse.AXF" 
* JLink Info: Device "STM32F103RC" selected (256 KB flash, 48 KB RAM).
Set JLink Project File to "D:\GitHub\stm32gps-stop\Project\stm32gps\MDK-ARM\JLinkSettings.ini"
 
JLink info:
------------
DLL: V4.90d, compiled Aug 29 2014 14:49:16
Firmware: J-Link ARM V8 compiled Jul 17 2014 12:31:18
Hardware: V8.00
S/N : 286370559 
Feature(s) : RDI,FlashDL,FlashBP,JFlash 
 
* JLink Info: Found SWD-DP with ID 0x1BA01477
* JLink Info: Found SWD-DP with ID 0x1BA01477
* JLink Info: Found Cortex-M3 r1p1, Little endian.
* JLink Info: FPUnit: 6 code (BP) slots and 2 literal slots
* JLink Info: TPIU fitted.
* JLink Info: ETM fitted.
ROMTableAddr = 0xE00FF003
 
Target info:
------------
Device: STM32F103RC
VTarget = 3.461V
State of Pins: 
TCK: 0, TDI: 0, TDO: 0, TMS: 1, TRES: 1, TRST: 1
Hardware-Breakpoints: 6
Software-Breakpoints: 8192
Watchpoints:          4
JTAG speed: 2000 kHz
 
Erase Done.
Programming Done.
Verify OK.
