ARM Linker, 4.1 [Build 791] [Standard]

==============================================================================

Section Cross References

    main.o(.text) refers to _printf_percent.o(.ARM.Collect$$_printf_percent$$00000000) for _printf_percent
    main.o(.text) refers to _printf_c.o(.ARM.Collect$$_printf_percent$$00000013) for _printf_c
    main.o(.text) refers to _printf_str.o(.text) for _printf_str
    main.o(.text) refers to _printf_x.o(.ARM.Collect$$_printf_percent$$0000000C) for _printf_x
    main.o(.text) refers to _printf_hex_int.o(.text) for _printf_longlong_hex
    main.o(.text) refers to noretval__2printf.o(.text) for __2printf
    main.o(.text) refers to aeabi_memset.o(.text) for __aeabi_memset
    main.o(.text) refers to gpio.o(.text) for MX_GPIO_Init
    main.o(.text) refers to stm32gps_config.o(.text) for stm32gps_sys_tick_cfg
    main.o(.text) refers to stm32f10x_rcc.o(.text) for RCC_APB1PeriphClockCmd
    main.o(.text) refers to stm32f10x_pwr.o(.text) for PWR_WakeUpPinCmd
    main.o(.text) refers to stm32gps_board.o(.text) for STM_EVAL_LEDOff
    main.o(.text) refers to usart.o(.text) for usart_init
    main.o(.text) refers to main.o(.bss) for imeiBuf
    main.o(.text) refers to main.o(.data) for g_sequenceNum
    stm32f10x_it.o(.text) refers to usart.o(.text) for usart_timeout
    stm32f10x_it.o(.text) refers to stm32gps_config.o(.text) for TimingDelay_Decrement
    stm32f10x_it.o(.text) refers to stm32f10x_rtc.o(.text) for RTC_ClearITPendingBit
    stm32f10x_it.o(.text) refers to stm32f10x_tim.o(.text) for TIM_GetITStatus
    stm32f10x_it.o(.text) refers to noretval__2printf.o(.text) for __2printf
    stm32f10x_it.o(.text) refers to stm32f10x_it.o(.data) for mSysTick
    stm32f10x_it.o(.text) refers to stm32f10x_it.o(.bss) for uart_int_handler
    stm32gps_config.o(.text) refers to stm32f10x_pwr.o(.text) for PWR_GetFlagStatus
    stm32gps_config.o(.text) refers to stm32f10x_rtc.o(.text) for RTC_WaitForSynchro
    stm32gps_config.o(.text) refers to stm32f10x_bkp.o(.text) for BKP_DeInit
    stm32gps_config.o(.text) refers to stm32f10x_rcc.o(.text) for RCC_LSICmd
    stm32gps_config.o(.text) refers to stm32f10x_tim.o(.text) for TIM_DeInit
    stm32gps_config.o(.text) refers to misc.o(.text) for NVIC_PriorityGroupConfig
    stm32gps_config.o(.text) refers to stm32f10x_iwdg.o(.text) for IWDG_WriteAccessCmd
    stm32gps_config.o(.text) refers to stm32gps_board.o(.text) for STM_EVAL_LEDInit
    stm32gps_config.o(.text) refers to stm32f10x_usart.o(.text) for USART_SendData
    stm32gps_config.o(.text) refers to stm32gps_config.o(.data) for TimingDelay
    stm32gps_config.o(.text) refers to system_stm32f10x.o(.data) for SystemCoreClock
    stm32gps_config.o(.text) refers to stm32gps_config.o(.bss) for USART_InitStructure
    gpio.o(.text) refers to stm32f10x_rcc.o(.text) for RCC_APB2PeriphClockCmd
    gpio.o(.text) refers to stm32f10x_gpio.o(.text) for GPIO_Init
    stm32f10x_bkp.o(.text) refers to stm32f10x_rcc.o(.text) for RCC_BackupResetCmd
    stm32f10x_gpio.o(.text) refers to stm32f10x_rcc.o(.text) for RCC_APB2PeriphResetCmd
    stm32f10x_pwr.o(.text) refers to stm32f10x_rcc.o(.text) for RCC_APB1PeriphResetCmd
    stm32f10x_rcc.o(.text) refers to stm32f10x_rcc.o(.data) for APBAHBPrescTable
    stm32f10x_spi.o(.text) refers to stm32f10x_rcc.o(.text) for RCC_APB2PeriphResetCmd
    stm32f10x_tim.o(.text) refers to stm32f10x_rcc.o(.text) for RCC_APB2PeriphResetCmd
    stm32f10x_usart.o(.text) refers to stm32f10x_rcc.o(.text) for RCC_APB2PeriphResetCmd
    stm32f10x_wwdg.o(.text) refers to stm32f10x_rcc.o(.text) for RCC_APB1PeriphResetCmd
    system_stm32f10x.o(.text) refers to system_stm32f10x.o(.data) for SystemCoreClock
    stm32gps_board.o(.text) refers to stm32f10x_rcc.o(.text) for RCC_APB2PeriphClockCmd
    stm32gps_board.o(.text) refers to stm32f10x_gpio.o(.text) for GPIO_PinRemapConfig
    stm32gps_board.o(.text) refers to stm32f10x_usart.o(.text) for USART_GetITStatus
    stm32gps_board.o(.text) refers to misc.o(.text) for NVIC_Init
    stm32gps_board.o(.text) refers to stm32f10x_it.o(.text) for USART_IRQHandler_register
    stm32gps_board.o(.text) refers to stm32gps_board.o(.constdata) for GPIO_CLK
    stm32gps_board.o(.text) refers to stm32gps_board.o(.data) for GPIO_PORT
    stm32gps_board.o(.text) refers to usart.o(.text) for usart_irq
    startup_stm32f10x_hd.o(STACK) refers (Special) to heapauxi.o(.text) for __use_two_region_memory
    startup_stm32f10x_hd.o(HEAP) refers (Special) to heapauxi.o(.text) for __use_two_region_memory
    startup_stm32f10x_hd.o(RESET) refers (Special) to heapauxi.o(.text) for __use_two_region_memory
    startup_stm32f10x_hd.o(RESET) refers to startup_stm32f10x_hd.o(STACK) for __initial_sp
    startup_stm32f10x_hd.o(RESET) refers to startup_stm32f10x_hd.o(.text) for Reset_Handler
    startup_stm32f10x_hd.o(RESET) refers to stm32f10x_it.o(.text) for NMI_Handler
[...]
    .ARM.Collect$$_printf_percent$$00000000  0x080001a4   Section        0  _printf_percent.o(.ARM.Collect$$_printf_percent$$00000000)
    .ARM.Collect$$_printf_percent$$0000000C  0x080001a4   Section        6  _printf_x.o(.ARM.Collect$$_printf_percent$$0000000C)
    .ARM.Collect$$_printf_percent$$00000013  0x080001aa   Section        6  _printf_c.o(.ARM.Collect$$_printf_percent$$00000013)
    .ARM.Collect$$_printf_percent$$00000017  0x080001b0   Section        4  _printf_percent_end.o(.ARM.Collect$$_printf_percent$$00000017)
    .ARM.Collect$$libinit$$00000000          0x080001b4   Section        6  libinit.o(.ARM.Collect$$libinit$$00000000)
    .ARM.Collect$$libinit$$00000001          0x080001ba   Section        8  libinit2.o(.ARM.Collect$$libinit$$00000001)
    .ARM.Collect$$libinit$$00000006          0x080001c2   Section        0  libinit2.o(.ARM.Collect$$libinit$$00000006)
    .ARM.Collect$$libinit$$00000008          0x080001c2   Section        0  libinit2.o(.ARM.Collect$$libinit$$00000008)
    .ARM.Collect$$libinit$$0000000A          0x080001c2   Section        0  libinit2.o(.ARM.Collect$$libinit$$0000000A)
    .ARM.Collect$$libinit$$0000000D          0x080001c2   Section        0  libinit2.o(.ARM.Collect$$libinit$$0000000D)
    .ARM.Collect$$libinit$$0000000F          0x080001c2   Section        0  libinit2.o(.ARM.Collect$$libinit$$0000000F)
    .ARM.Collect$$libinit$$00000011          0x080001c2   Section        0  libinit2.o(.ARM.Collect$$libinit$$00000011)
    .ARM.Collect$$libinit$$00000013          0x080001c2   Section        0  libinit2.o(.ARM.Collect$$libinit$$00000013)
    .ARM.Collect$$libinit$$00000015          0x080001c2   Section        0  libinit2.o(.ARM.Collect$$libinit$$00000015)
    .ARM.Collect$$libinit$$00000017          0x080001c2   Section        0  libinit2.o(.ARM.Collect$$libinit$$00000017)
    .ARM.Collect$$libinit$$00000019          0x080001c2   Section        0  libinit2.o(.ARM.Collect$$libinit$$00000019)
    .ARM.Collect$$libinit$$0000001B          0x080001c2   Section        0  libinit2.o(.ARM.Collect$$libinit$$0000001B)
    .ARM.Collect$$libinit$$0000001D          0x080001c2   Section        0  libinit2.o(.ARM.Collect$$libinit$$0000001D)
    .ARM.Collect$$libinit$$0000001F          0x080001c2   Section        0  libinit2.o(.ARM.Collect$$libinit$$0000001F)
    .ARM.Collect$$libinit$$00000020          0x080001c2   Section        4  libinit2.o(.ARM.Collect$$libinit$$00000020)
    .ARM.Collect$$libinit$$00000021          0x080001c6   Section        0  libinit2.o(.ARM.Collect$$libinit$$00000021)
    .ARM.Collect$$libinit$$00000028          0x080001c6   Section        0  libinit2.o(.ARM.Collect$$libinit$$00000028)
    .ARM.Collect$$libinit$$0000002A          0x080001c6   Section        0  libinit2.o(.ARM.Collect$$libinit$$0000002A)
    .ARM.Collect$$libinit$$0000002C          0x080001c6   Section        0  libinit2.o(.ARM.Collect$$libinit$$0000002C)
    .ARM.Collect$$libinit$$0000002E          0x080001c6   Section        0  libinit2.o(.ARM.Collect$$libinit$$0000002E)
    .ARM.Collect$$libinit$$0000002F          0x080001c6   Section        2  libinit2.o(.ARM.Collect$$libinit$$0000002F)
    .ARM.Collect$$libshutdown$$00000000      0x080001c8   Section        2  libshutdown.o(.ARM.Collect$$libshutdown$$00000000)
    .ARM.Collect$$libshutdown$$00000002      0x080001ca   Section        4  libshutdown2.o(.ARM.Collect$$libshutdown$$00000002)
    .ARM.Collect$$libshutdown$$00000003      0x080001ce   Section        0  libshutdown2.o(.ARM.Collect$$libshutdown$$00000003)
    .ARM.Collect$$libshutdown$$00000006      0x080001ce   Section        0  libshutdown2.o(.ARM.Collect$$libshutdown$$00000006)
    .ARM.Collect$$libshutdown$$00000009      0x080001ce   Section        0  libshutdown2.o(.ARM.Collect$$libshutdown$$00000009)
    .ARM.Collect$$libshutdown$$0000000B      0x080001ce   Section        0  libshutdown2.o(.ARM.Collect$$libshutdown$$0000000B)
    .ARM.Collect$$libshutdown$$0000000E      0x080001ce   Section        0  libshutdown2.o(.ARM.Collect$$libshutdown$$0000000E)
    .ARM.Collect$$libshutdown$$0000000F      0x080001ce   Section        2  libshutdown2.o(.ARM.Collect$$libshutdown$$0000000F)
    .ARM.Collect$$rtentry$$00000000          0x080001d0   Section        0  rtentry.o(.ARM.Collect$$rtentry$$00000000)
    .ARM.Collect$$rtentry$$00000002          0x080001d0   Section        0  rtentry2.o(.ARM.Collect$$rtentry$$00000002)
    .ARM.Collect$$rtentry$$00000004          0x080001d0   Section        6  rtentry4.o(.ARM.Collect$$rtentry$$00000004)
    .ARM.Collect$$rtentry$$00000009          0x080001d6   Section        0  rtentry2.o(.ARM.Collect$$rtentry$$00000009)
    .ARM.Collect$$rtentry$$0000000A          0x080001d6   Section        4  rtentry2.o(.ARM.Collect$$rtentry$$0000000A)
    .ARM.Collect$$rtentry$$0000000C          0x080001da   Section        0  rtentry2.o(.ARM.Collect$$rtentry$$0000000C)
    .ARM.Collect$$rtentry$$0000000D          0x080001da   Section        8  rtentry2.o(.ARM.Collect$$rtentry$$0000000D)
    .ARM.Collect$$rtexit$$00000000           0x080001e2   Section        2  rtexit.o(.ARM.Collect$$rtexit$$00000000)
    .ARM.Collect$$rtexit$$00000002           0x080001e4   Section        0  rtexit2.o(.ARM.Collect$$rtexit$$00000002)
    .ARM.Collect$$rtexit$$00000003           0x080001e4   Section        4  rtexit2.o(.ARM.Collect$$rtexit$$00000003)
    .ARM.Collect$$rtexit$$00000004           0x080001e8   Section        6  rtexit2.o(.ARM.Collect$$rtexit$$00000004)
    .emb_text                                0x080001f0   Section        0  maybetermalloc1.o(.emb_text)
    .text                                    0x080001f0   Section        0  main.o(.text)
    .text                                    0x08000858   Section        0  stm32f10x_it.o(.text)
    .text                                    0x08000974   Section        0  stm32gps_config.o(.text)
    .text                                    0x08000c6c   Section        0  gpio.o(.text)
    .text                                    0x08000c9c   Section        0  misc.o(.text)
    .text                                    0x08000d9c   Section        0  stm32f10x_bkp.o(.text)
    .text                                    0x08000e58   Section        0  stm32f10x_gpio.o(.text)
    .text                                    0x08001204   Section        0  stm32f10x_iwdg.o(.text)
    .text                                    0x08001248   Section        0  stm32f10x_pwr.o(.text)
    .text                                    0x08001324   Section        0  stm32f10x_rcc.o(.text)
    .text                                    0x08001738   Section        0  stm32f10x_rtc.o(.text)
    .text                                    0x080018b0   Section        0  stm32f10x_tim.o(.text)
    TI4_Config                               0x08001dc1   Thumb Code   138  stm32f10x_tim.o(.text)
    TI3_Config                               0x08001e61   Thumb Code   134  stm32f10x_tim.o(.text)
    TI2_Config                               0x08001f01   Thumb Code   138  stm32f10x_tim.o(.text)
    TI1_Config                               0x08001fa1   Thumb Code   124  stm32f10x_tim.o(.text)
    .text                                    0x08002880   Section        0  stm32f10x_usart.o(.text)
    .text                                    0x08002d28   Section        0  system_stm32f10x.o(.text)
    SetSysClockTo24                          0x08002d29   Thumb Code   192  system_stm32f10x.o(.text)
    SetSysClock                              0x08002de9   Thumb Code     8  system_stm32f10x.o(.text)
    .text                                    0x08002f00   Section        0  stm32gps_board.o(.text)
    .text                                    0x08003148   Section       64  startup_stm32f10x_hd.o(.text)
    .text                                    0x08003188   Section        0  usart.o(.text)
    usart_chan2st                            0x08003189   Thumb Code    22  usart.o(.text)
    usart_hw_base_get_from_chan              0x0800319f   Thumb Code    22  usart.o(.text)
    .text                                    0x08003750   Section        0  noretval__2printf.o(.text)
    .text                                    0x08003768   Section        0  __printf.o(.text)
    .text                                    0x080037d2   Section        0  _printf_str.o(.text)
    .text                                    0x08003824   Section        0  _printf_hex_int.o(.text)
    .text                                    0x08003880   Section        0  strlen.o(.text)
    .text                                    0x080038be   Section      138  rt_memcpy_v6.o(.text)
    .text                                    0x08003948   Section       16  aeabi_memset.o(.text)
    .text                                    0x08003958   Section       68  rt_memclr.o(.text)
    .text                                    0x0800399c   Section        0  heapauxi.o(.text)
    .text                                    0x080039a4   Section        8  rt_errno_addr_intlibspace.o(.text)
    .text                                    0x080039ac   Section        0  _printf_intcommon.o(.text)
    .text                                    0x08003a64   Section        0  _printf_char_common.o(.text)
    _printf_input_char                       0x08003a65   Thumb Code    10  _printf_char_common.o(.text)
    .text                                    0x08003a94   Section        0  _printf_char.o(.text)
    .text                                    0x08003ac0   Section        0  _printf_char_file.o(.text)
    .text                                    0x08003ae4   Section      100  rt_memcpy_w.o(.text)
    .text                                    0x08003b48   Section       78  rt_memclr_w.o(.text)
    .text                                    0x08003b98   Section        8  libspace.o(.text)
    .text                                    0x08003ba0   Section        0  ferror.o(.text)
    .text                                    0x08003ba8   Section        0  initio.o(.text)
    .text                                    0x08003ce0   Section        0  sys_io.o(.text)
    .text                                    0x08003d46   Section       74  sys_stackheap_outer.o(.text)
    .text                                    0x08003d90   Section        0  h1_free.o(.text)
    .text                                    0x08003dde   Section        0  setvbuf.o(.text)
    .text                                    0x08003e24   Section        0  fopen.o(.text)
    _freopen_locked                          0x08003e25   Thumb Code     0  fopen.o(.text)
    .text                                    0x08003f10   Section        0  fclose.o(.text)
    .text                                    0x08003f5c   Section        0  exit.o(.text)
    .text                                    0x08003f68   Section        0  defsig_rtred_outer.o(.text)
    .text                                    0x08003f76   Section        2  use_no_semi.o(.text)
    .text                                    0x08003f78   Section        8  rt_heap_descriptor_intlibspace.o(.text)
    .text                                    0x08003f78   Section        0  indicate_semi.o(.text)
    .text                                    0x08003f80   Section        0  hguard.o(.text)
    .text                                    0x08003f84   Section        0  init_alloc.o(.text)
    .text                                    0x0800400e   Section        0  h1_alloc.o(.text)
    .text                                    0x0800406c   Section        0  fseek.o(.text)
    .text                                    0x08004164   Section        0  stdio.o(.text)
    .text                                    0x08004254   Section        0  defsig_exit.o(.text)
    .text                                    0x08004260   Section        0  defsig_rtred_inner.o(.text)
    .text                                    0x08004294   Section        0  sys_exit.o(.text)
    .text                                    0x080042a0   Section        8  rt_fp_status_addr_intlibspace.o(.text)
    .text                                    0x080042a8   Section        0  h1_init.o(.text)
    .text                                    0x080042b6   Section        0  h1_extend.o(.text)
    .text                                    0x080042ea   Section        0  ftell.o(.text)
    .text                                    0x08004330   Section        0  defsig_general.o(.text)
    .text                                    0x08004362   Section        0  defsig_rtmem_outer.o(.text)
    .text                                    0x08004370   Section        0  sys_wrch.o(.text)
    .text                                    0x08004380   Section        0  defsig_rtmem_inner.o(.text)
    x$fpl$fpinit                             0x080043d0   Section       14  fpinit.o(x$fpl$fpinit)
    .constdata                               0x080043e0   Section       72  stm32gps_board.o(.constdata)
    .constdata                               0x08004428   Section       40  _printf_hex_int.o(.constdata)
    uc_hextab                                0x08004428   Data          20  _printf_hex_int.o(.constdata)
    lc_hextab                                0x0800443c   Data          20  _printf_hex_int.o(.constdata)
    .constdata                               0x08004450   Section        4  sys_io.o(.constdata)
    .constdata                               0x08004454   Section        4  sys_io.o(.constdata)
    .constdata                               0x08004458   Section        4  sys_io.o(.constdata)
    .data                                    0x20000000   Section       18  main.o(.data)
    .data                                    0x20000014   Section        4  stm32f10x_it.o(.data)
    mSysTick                                 0x20000014   Data           4  stm32f10x_it.o(.data)
    .data                                    0x20000018   Section        4  stm32gps_config.o(.data)
    TimingDelay                              0x20000018   Data           4  stm32gps_config.o(.data)
    .data                                    0x2000001c   Section       20  stm32f10x_rcc.o(.data)
    APBAHBPrescTable                         0x2000001c   Data          16  stm32f10x_rcc.o(.data)
    ADCPrescTable                            0x2000002c   Data           4  stm32f10x_rcc.o(.data)
    .data                                    0x20000030   Section       20  system_stm32f10x.o(.data)
    .data                                    0x20000044   Section       52  stm32gps_board.o(.data)
    .data                                    0x20000078   Section        4  stdio_streams.o(.data)
    .data                                    0x2000007c   Section        4  stdio_streams.o(.data)
    .data                                    0x20000080   Section        4  stdio_streams.o(.data)
    .bss                                     0x20000084   Section      211  main.o(.bss)
    .bss                                     0x20000158   Section       24  stm32f10x_it.o(.bss)
    uart_int_handler                         0x20000158   Data          12  stm32f10x_it.o(.bss)
    uart_int_arg                             0x20000164   Data          12  stm32f10x_it.o(.bss)
    .bss                                     0x20000170   Section       16  stm32gps_config.o(.bss)
    .bss                                     0x20000180   Section     2104  usart.o(.bss)
    .bss                                     0x200009b8   Section       80  stdio_streams.o(.bss)
    .bss                                     0x20000a08   Section       80  stdio_streams.o(.bss)
    .bss                                     0x20000a58   Section       80  stdio_streams.o(.bss)
    .bss                                     0x20000aa8   Section       96  libspace.o(.bss)
    HEAP                                     0x20000b08   Section      512  startup_stm32f10x_hd.o(HEAP)
    Heap_Mem                                 0x20000b08   Data         512  startup_stm32f10x_hd.o(HEAP)
    STACK                                    0x20000d08   Section     1024  startup_stm32f10x_hd.o(STACK)
    Stack_Mem                                0x20000d08   Data        1024  startup_stm32f10x_hd.o(STACK)
    __initial_sp                             0x20001108   Data           0  startup_stm32f10x_hd.o(STACK)

    Global Symbols

    Symbol Name                              Value     Ov Type        Size  Object(Section)

    BuildAttributes$$THM_ISAv4$P$D$K$B$S$PE$A:L22UL41UL21$X:L11$S22US41US21$IEEE1$IW$USESV6$~STKCKD$USESV7$~SHL$OTIME$ROPI$IEEEX$EBA8$UX$STANDARDLIB$REQ8$PRES8$EABIv2 0x00000000   Number         0  anon$$obj.o ABSOLUTE
    __ARM_use_no_argv                        0x00000000   Number         0  main.o ABSOLUTE
    __ARM_exceptions_init                     - Undefined Weak Reference
    __alloca_initialize                       - Undefined Weak Reference
    __cpp_initialize__aeabi_                  - Undefined Weak Reference
    __cxa_finalize                            - Undefined Weak Reference
    __sigvec_lookup                           - Undefined Weak Reference
    __user_heap_extent                        - Undefined Weak Reference
    _atexit_init                              - Undefined Weak Reference
    _call_atexit_fns                          - Undefined Weak Reference
    _clock_init                               - Undefined Weak Reference
    _fp_trap_init                             - Undefined Weak Reference
    _fp_trap_shutdown                         - Undefined Weak Reference
    _get_lc_collate                           - Undefined Weak Reference
    _get_lc_monetary                          - Undefined Weak Reference
    _get_lc_time                              - Undefined Weak Reference
    _getenv_init                              - Undefined Weak Reference
    _handle_redirection                       - Undefined Weak Reference
    _mutex_acquire                            - Undefined Weak Reference
    _mutex_free                               - Undefined Weak Reference
    _mutex_release                            - Undefined Weak Reference
    _printf_mbtowc                            - Undefined Weak Reference
    _printf_post_padding                      - Undefined Weak Reference
    _printf_pre_padding                       - Undefined Weak Reference
    _printf_truncate_signed                   - Undefined Weak Reference
    _printf_truncate_unsigned                 - Undefined Weak Reference
    _rand_init                                - Undefined Weak Reference
    _signal_finish                            - Undefined Weak Reference
    _signal_init                              - Undefined Weak Reference
    __Vectors_Size                           0x00000130   Number         0  startup_stm32f10x_hd.o ABSOLUTE
    __Vectors                                0x08000000   Data           4  startup_stm32f10x_hd.o(RESET)
    __Vectors_End                            0x08000130   Data           0  startup_stm32f10x_hd.o(RESET)
    __main                                   0x08000131   Thumb Code     8  __main.o(!!!main)
    __scatterload                            0x08000139   Thumb Code     0  __scatter.o(!!!scatter)
    __scatterload_rt2                        0x08000139   Thumb Code    44  __scatter.o(!!!scatter)
    __scatterload_rt2_thumb_only             0x08000139   Thumb Code     0  __scatter.o(!!!scatter)
    __scatterload_null                       0x08000147   Thumb Code     0  __scatter.o(!!!scatter)
    __scatterload_copy                       0x0800016d   Thumb Code    26  __scatter_copy.o(!!handler_copy)
    __scatterload_zeroinit                   0x08000189   Thumb Code    28  __scatter_zi.o(!!handler_zi)
    _printf_percent                          0x080001a5   Thumb Code     0  _printf_percent.o(.ARM.Collect$$_printf_percent$$00000000)
    _printf_x                                0x080001a5   Thumb Code     0  _printf_x.o(.ARM.Collect$$_printf_percent$$0000000C)
    _printf_c                                0x080001ab   Thumb Code     0  _printf_c.o(.ARM.Collect$$_printf_percent$$00000013)
    _printf_percent_end                      0x080001b1   Thumb Code     0  _printf_percent_end.o(.ARM.Collect$$_printf_percent$$00000017)
    __rt_lib_init                            0x080001b5   Thumb Code     0  libinit.o(.ARM.Collect$$libinit$$00000000)
    __rt_lib_init_heap_2                     0x080001bb   Thumb Code     0  libinit2.o(.ARM.Collect$$libinit$$00000001)
    __rt_lib_init_atexit_1                   0x080001c3   Thumb Code     0  libinit2.o(.ARM.Collect$$libinit$$00000017)
    __rt_lib_init_clock_1                    0x080001c3   Thumb Code     0  libinit2.o(.ARM.Collect$$libinit$$0000001D)
    __rt_lib_init_fp_trap_1                  0x080001c3   Thumb Code     0  libinit2.o(.ARM.Collect$$libinit$$0000001B)
    __rt_lib_init_getenv_1                   0x080001c3   Thumb Code     0  libinit2.o(.ARM.Collect$$libinit$$0000001F)
    __rt_lib_init_heap_1                     0x080001c3   Thumb Code     0  libinit2.o(.ARM.Collect$$libinit$$00000006)
    __rt_lib_init_lc_collate_1               0x080001c3   Thumb Code     0  libinit2.o(.ARM.Collect$$libinit$$0000000D)
    __rt_lib_init_lc_ctype_1                 0x080001c3   Thumb Code     0  libinit2.o(.ARM.Collect$$libinit$$0000000F)
    __rt_lib_init_lc_monetary_1              0x080001c3   Thumb Code     0  libinit2.o(.ARM.Collect$$libinit$$00000011)
    __rt_lib_init_lc_numeric_1               0x080001c3   Thumb Code     0  libinit2.o(.ARM.Collect$$libinit$$00000013)
    __rt_lib_init_lc_time_1                  0x080001c3   Thumb Code     0  libinit2.o(.ARM.Collect$$libinit$$00000015)
    __rt_lib_init_rand_1                     0x080001c3   Thumb Code     0  libinit2.o(.ARM.Collect$$libinit$$0000000A)
    __rt_lib_init_signal_1                   0x080001c3   Thumb Code     0  libinit2.o(.ARM.Collect$$libinit$$00000019)
    __rt_lib_init_stdio_2                    0x080001c3   Thumb Code     0  libinit2.o(.ARM.Collect$$libinit$$00000020)
    __rt_lib_init_user_alloc_1               0x080001c3   Thumb Code     0  libinit2.o(.ARM.Collect$$libinit$$00000008)
    __rt_lib_init_alloca_1                   0x080001c7   Thumb Code     0  libinit2.o(.ARM.Collect$$libinit$$0000002A)
    __rt_lib_init_argv_1                     0x080001c7   Thumb Code     0  libinit2.o(.ARM.Collect$$libinit$$00000028)
    __rt_lib_init_cpp_1                      0x080001c7   Thumb Code     0  libinit2.o(.ARM.Collect$$libinit$$0000002E)
    __rt_lib_init_exceptions_1               0x080001c7   Thumb Code     0  libinit2.o(.ARM.Collect$$libinit$$0000002C)
    __rt_lib_init_return                     0x080001c7   Thumb Code     0  libinit2.o(.ARM.Collect$$libinit$$0000002F)
    __rt_lib_init_stdio_1                    0x080001c7   Thumb Code     0  libinit2.o(.ARM.Collect$$libinit$$00000021)
    __rt_lib_shutdown                        0x080001c9   Thumb Code     0  libshutdown.o(.ARM.Collect$$libshutdown$$00000000)
    __rt_lib_shutdown_stdio_2                0x080001cb   Thumb Code     0  libshutdown2.o(.ARM.Collect$$libshutdown$$00000002)
    __rt_lib_shutdown_fp_trap_1              0x080001cf   Thumb Code     0  libshutdown2.o(.ARM.Collect$$libshutdown$$00000006)
    __rt_lib_shutdown_heap_1                 0x080001cf   Thumb Code     0  libshutdown2.o(.ARM.Collect$$libshutdown$$0000000E)
    __rt_lib_shutdown_return                 0x080001cf   Thumb Code     0  libshutdown2.o(.ARM.Collect$$libshutdown$$0000000F)
    __rt_lib_shutdown_signal_1               0x080001cf   Thumb Code     0  libshutdown2.o(.ARM.Collect$$libshutdown$$00000009)
    __rt_lib_shutdown_stdio_1                0x080001cf   Thumb Code     0  libshutdown2.o(.ARM.Collect$$libshutdown$$00000003)
    __rt_lib_shutdown_user_alloc_1           0x080001cf   Thumb Code     0  libshutdown2.o(.ARM.Collect$$libshutdown$$0000000B)
    __rt_entry                               0x080001d1   Thumb Code     0  rtentry.o(.ARM.Collect$$rtentry$$00000000)
    __rt_entry_presh_1                       0x080001d1   Thumb Code     0  rtentry2.o(.ARM.Collect$$rtentry$$00000002)
    __rt_entry_sh                            0x080001d1   Thumb Code     0  rtentry4.o(.ARM.Collect$$rtentry$$00000004)
    __rt_entry_li                            0x080001d7   Thumb Code     0  rtentry2.o(.ARM.Collect$$rtentry$$0000000A)
    __rt_entry_postsh_1                      0x080001d7   Thumb Code     0  rtentry2.o(.ARM.Collect$$rtentry$$00000009)
    __rt_entry_main                          0x080001db   Thumb Code     0  rtentry2.o(.ARM.Collect$$rtentry$$0000000D)
    __rt_entry_postli_1                      0x080001db   Thumb Code     0  rtentry2.o(.ARM.Collect$$rtentry$$0000000C)
    __rt_exit                                0x080001e3   Thumb Code     0  rtexit.o(.ARM.Collect$$rtexit$$00000000)
    __rt_exit_ls                             0x080001e5   Thumb Code     0  rtexit2.o(.ARM.Collect$$rtexit$$00000003)
    __rt_exit_prels_1                        0x080001e5   Thumb Code     0  rtexit2.o(.ARM.Collect$$rtexit$$00000002)
    __rt_exit_exit                           0x080001e9   Thumb Code     0  rtexit2.o(.ARM.Collect$$rtexit$$00000004)
    ShowLoginMsg                             0x080001f1   Thumb Code    76  main.o(.text)
    _maybe_terminate_alloc                   0x080001f1   Thumb Code     0  maybetermalloc1.o(.emb_text)
    ShowGpsMsg                               0x0800023d   Thumb Code    40  main.o(.text)
    InitVariables                            0x08000265   Thumb Code   126  main.o(.text)
    main                                     0x080002e3   Thumb Code   108  main.o(.text)
    ProcessIMEI                              0x0800034f   Thumb Code    90  main.o(.text)
    loadLoginMsg                             0x080003a9   Thumb Code   104  main.o(.text)
    PackLoginMsg                             0x08000411   Thumb Code   162  main.o(.text)
    LoadGpsMsg                               0x080004b3   Thumb Code   478  main.o(.text)
    PackGpsMsg                               0x08000691   Thumb Code   422  main.o(.text)
    NMI_Handler                              0x08000859   Thumb Code     2  stm32f10x_it.o(.text)
    HardFault_Handler                        0x0800085b   Thumb Code     4  stm32f10x_it.o(.text)
    MemManage_Handler                        0x0800085f   Thumb Code     4  stm32f10x_it.o(.text)
    BusFault_Handler                         0x08000863   Thumb Code     4  stm32f10x_it.o(.text)
    UsageFault_Handler                       0x08000867   Thumb Code     4  stm32f10x_it.o(.text)
    SVC_Handler                              0x0800086b   Thumb Code     2  stm32f10x_it.o(.text)
    DebugMon_Handler                         0x0800086d   Thumb Code     2  stm32f10x_it.o(.text)
    PendSV_Handler                           0x0800086f   Thumb Code     2  stm32f10x_it.o(.text)
    sysTickGet                               0x08000871   Thumb Code     6  stm32f10x_it.o(.text)
    sysTickPerSec                            0x08000877   Thumb Code     4  stm32f10x_it.o(.text)
    sysTickDelay                             0x0800087b   Thumb Code    24  stm32f10x_it.o(.text)
    SysTick_Handler                          0x08000893   Thumb Code    38  stm32f10x_it.o(.text)
    USART_IRQHandler_register                0x080008b9   Thumb Code    22  stm32f10x_it.o(.text)
    USART1_IRQHandler                        0x080008cf   Thumb Code    28  stm32f10x_it.o(.text)
    USART2_IRQHandler                        0x080008eb   Thumb Code    28  stm32f10x_it.o(.text)
    USART3_IRQHandler                        0x08000907   Thumb Code    28  stm32f10x_it.o(.text)
    RTC_IRQHandler                           0x08000923   Thumb Code    14  stm32f10x_it.o(.text)
    TIM2_IRQHandler                          0x08000931   Thumb Code    28  stm32f10x_it.o(.text)
    delay_10ms                               0x08000975   Thumb Code    16  stm32gps_config.o(.text)
    TimingDelay_Decrement                    0x08000985   Thumb Code    20  stm32gps_config.o(.text)
    delay_ms                                 0x08000999   Thumb Code    52  stm32gps_config.o(.text)
    stm32gps_sys_tick_cfg                    0x080009cd   Thumb Code   116  stm32gps_config.o(.text)
    RTC_Configuration                        0x08000a41   Thumb Code    88  stm32gps_config.o(.text)
    TIM2_Configuration                       0x08000a99   Thumb Code   112  stm32gps_config.o(.text)
    RTC_NVIC_Configuration                   0x08000b09   Thumb Code    50  stm32gps_config.o(.text)
    TIM2_NVIC_Configuration                  0x08000b3b   Thumb Code    50  stm32gps_config.o(.text)
    TIM2_Start                               0x08000b6d   Thumb Code    20  stm32gps_config.o(.text)
    TIM2_Stop                                0x08000b81   Thumb Code    22  stm32gps_config.o(.text)
    IWDG_Configuration                       0x08000b97   Thumb Code    26  stm32gps_config.o(.text)
    stm32gps_led_cfg                         0x08000bb1   Thumb Code    16  stm32gps_config.o(.text)
    stm32gps_com_debug_cfg                   0x08000bc1   Thumb Code    38  stm32gps_config.o(.text)
    fputc                                    0x08000be7   Thumb Code    32  stm32gps_config.o(.text)
    stm32gps_com_gps_cfg                     0x08000c07   Thumb Code    38  stm32gps_config.o(.text)
    stm32gps_com_gsm_cfg                     0x08000c2d   Thumb Code    38  stm32gps_config.o(.text)
    MX_GPIO_Init                             0x08000c6d   Thumb Code    44  gpio.o(.text)
    NVIC_PriorityGroupConfig                 0x08000c9d   Thumb Code    12  misc.o(.text)
    NVIC_Init                                0x08000ca9   Thumb Code   128  misc.o(.text)
    NVIC_SetVectorTable                      0x08000d29   Thumb Code    16  misc.o(.text)
    NVIC_SystemLPConfig                      0x08000d39   Thumb Code    30  misc.o(.text)
    SysTick_CLKSourceConfig                  0x08000d57   Thumb Code    40  misc.o(.text)
    BKP_DeInit                               0x08000d9d   Thumb Code    16  stm32f10x_bkp.o(.text)
    BKP_TamperPinLevelConfig                 0x08000dad   Thumb Code     6  stm32f10x_bkp.o(.text)
    BKP_TamperPinCmd                         0x08000db3   Thumb Code     6  stm32f10x_bkp.o(.text)
    BKP_ITConfig                             0x08000db9   Thumb Code     6  stm32f10x_bkp.o(.text)
    BKP_RTCOutputConfig                      0x08000dbf   Thumb Code    28  stm32f10x_bkp.o(.text)
    BKP_SetRTCCalibrationValue               0x08000ddb   Thumb Code    28  stm32f10x_bkp.o(.text)
    BKP_WriteBackupRegister                  0x08000df7   Thumb Code    12  stm32f10x_bkp.o(.text)
    BKP_ReadBackupRegister                   0x08000e03   Thumb Code    14  stm32f10x_bkp.o(.text)
    BKP_GetFlagStatus                        0x08000e11   Thumb Code    10  stm32f10x_bkp.o(.text)
    BKP_ClearFlag                            0x08000e1b   Thumb Code    14  stm32f10x_bkp.o(.text)
    BKP_GetITStatus                          0x08000e29   Thumb Code    10  stm32f10x_bkp.o(.text)
    BKP_ClearITPendingBit                    0x08000e33   Thumb Code    14  stm32f10x_bkp.o(.text)
    GPIO_DeInit                              0x08000e59   Thumb Code   172  stm32f10x_gpio.o(.text)
    GPIO_AFIODeInit                          0x08000f05   Thumb Code    20  stm32f10x_gpio.o(.text)
    GPIO_Init                                0x08000f19   Thumb Code   292  stm32f10x_gpio.o(.text)
    GPIO_StructInit                          0x0800103d   Thumb Code    20  stm32f10x_gpio.o(.text)
    GPIO_ReadInputDataBit                    0x08001051   Thumb Code    24  stm32f10x_gpio.o(.text)
    GPIO_ReadInputData                       0x08001069   Thumb Code     8  stm32f10x_gpio.o(.text)
    GPIO_ReadOutputDataBit                   0x08001071   Thumb Code    24  stm32f10x_gpio.o(.text)
    GPIO_ReadOutputData                      0x08001089   Thumb Code     8  stm32f10x_gpio.o(.text)
    GPIO_SetBits                             0x08001091   Thumb Code     4  stm32f10x_gpio.o(.text)
    GPIO_ResetBits                           0x08001095   Thumb Code     4  stm32f10x_gpio.o(.text)
    GPIO_WriteBit                            0x08001099   Thumb Code    10  stm32f10x_gpio.o(.text)
    GPIO_Write                               0x080010a3   Thumb Code     4  stm32f10x_gpio.o(.text)
    GPIO_PinLockConfig                       0x080010a7   Thumb Code    20  stm32f10x_gpio.o(.text)
    GPIO_EventOutputConfig                   0x080010bb   Thumb Code    32  stm32f10x_gpio.o(.text)
    GPIO_EventOutputCmd                      0x080010db   Thumb Code     6  stm32f10x_gpio.o(.text)
    GPIO_PinRemapConfig                      0x080010e1   Thumb Code   156  stm32f10x_gpio.o(.text)
    GPIO_EXTILineConfig                      0x0800117d   Thumb Code    84  stm32f10x_gpio.o(.text)
    GPIO_ETH_MediaInterfaceConfig            0x080011d1   Thumb Code     6  stm32f10x_gpio.o(.text)
    IWDG_WriteAccessCmd                      0x08001205   Thumb Code     6  stm32f10x_iwdg.o(.text)
    IWDG_SetPrescaler                        0x0800120b   Thumb Code     6  stm32f10x_iwdg.o(.text)
    IWDG_SetReload                           0x08001211   Thumb Code     6  stm32f10x_iwdg.o(.text)
    IWDG_ReloadCounter                       0x08001217   Thumb Code    10  stm32f10x_iwdg.o(.text)
    IWDG_Enable                              0x08001221   Thumb Code    10  stm32f10x_iwdg.o(.text)
    IWDG_GetFlagStatus                       0x0800122b   Thumb Code    26  stm32f10x_iwdg.o(.text)
    PWR_DeInit                               0x08001249   Thumb Code    22  stm32f10x_pwr.o(.text)
    PWR_BackupAccessCmd                      0x0800125f   Thumb Code     6  stm32f10x_pwr.o(.text)
    PWR_PVDCmd                               0x08001265   Thumb Code     6  stm32f10x_pwr.o(.text)
    PWR_PVDLevelConfig                       0x0800126b   Thumb Code    22  stm32f10x_pwr.o(.text)
    PWR_WakeUpPinCmd                         0x08001281   Thumb Code     6  stm32f10x_pwr.o(.text)
    PWR_EnterSTOPMode                        0x08001287   Thumb Code    58  stm32f10x_pwr.o(.text)
    PWR_EnterSTANDBYMode                     0x080012c1   Thumb Code    42  stm32f10x_pwr.o(.text)
    PWR_GetFlagStatus                        0x080012eb   Thumb Code    26  stm32f10x_pwr.o(.text)
    PWR_ClearFlag                            0x08001305   Thumb Code    14  stm32f10x_pwr.o(.text)
    RCC_DeInit                               0x08001325   Thumb Code    68  stm32f10x_rcc.o(.text)
    RCC_HSEConfig                            0x08001369   Thumb Code    70  stm32f10x_rcc.o(.text)
    RCC_GetFlagStatus                        0x080013af   Thumb Code    68  stm32f10x_rcc.o(.text)
    RCC_WaitForHSEStartUp                    0x080013f3   Thumb Code    56  stm32f10x_rcc.o(.text)
    RCC_AdjustHSICalibrationValue            0x0800142b   Thumb Code    22  stm32f10x_rcc.o(.text)
    RCC_HSICmd                               0x08001441   Thumb Code     6  stm32f10x_rcc.o(.text)
    RCC_PLLConfig                            0x08001447   Thumb Code    28  stm32f10x_rcc.o(.text)
    RCC_PLLCmd                               0x08001463   Thumb Code     6  stm32f10x_rcc.o(.text)
    RCC_SYSCLKConfig                         0x08001469   Thumb Code    22  stm32f10x_rcc.o(.text)
    RCC_GetSYSCLKSource                      0x0800147f   Thumb Code    10  stm32f10x_rcc.o(.text)
    RCC_HCLKConfig                           0x08001489   Thumb Code    22  stm32f10x_rcc.o(.text)
    RCC_PCLK1Config                          0x0800149f   Thumb Code    22  stm32f10x_rcc.o(.text)
    RCC_PCLK2Config                          0x080014b5   Thumb Code    22  stm32f10x_rcc.o(.text)
    RCC_ITConfig                             0x080014cb   Thumb Code    36  stm32f10x_rcc.o(.text)
    RCC_USBCLKConfig                         0x080014ef   Thumb Code     6  stm32f10x_rcc.o(.text)
    RCC_ADCCLKConfig                         0x080014f5   Thumb Code    22  stm32f10x_rcc.o(.text)
    RCC_LSEConfig                            0x0800150b   Thumb Code    50  stm32f10x_rcc.o(.text)
    RCC_LSICmd                               0x0800153d   Thumb Code     6  stm32f10x_rcc.o(.text)
    RCC_RTCCLKConfig                         0x08001543   Thumb Code    14  stm32f10x_rcc.o(.text)
    RCC_RTCCLKCmd                            0x08001551   Thumb Code     6  stm32f10x_rcc.o(.text)
    RCC_GetClocksFreq                        0x08001557   Thumb Code   216  stm32f10x_rcc.o(.text)
    RCC_AHBPeriphClockCmd                    0x0800162f   Thumb Code    30  stm32f10x_rcc.o(.text)
    RCC_APB2PeriphClockCmd                   0x0800164d   Thumb Code    30  stm32f10x_rcc.o(.text)
    RCC_APB1PeriphClockCmd                   0x0800166b   Thumb Code    30  stm32f10x_rcc.o(.text)
    RCC_APB2PeriphResetCmd                   0x08001689   Thumb Code    30  stm32f10x_rcc.o(.text)
    RCC_APB1PeriphResetCmd                   0x080016a7   Thumb Code    30  stm32f10x_rcc.o(.text)
    RCC_BackupResetCmd                       0x080016c5   Thumb Code     6  stm32f10x_rcc.o(.text)
    RCC_ClockSecuritySystemCmd               0x080016cb   Thumb Code     6  stm32f10x_rcc.o(.text)
    RCC_MCOConfig                            0x080016d1   Thumb Code     6  stm32f10x_rcc.o(.text)
    RCC_ClearFlag                            0x080016d7   Thumb Code    14  stm32f10x_rcc.o(.text)
    RCC_GetITStatus                          0x080016e5   Thumb Code    26  stm32f10x_rcc.o(.text)
    RCC_ClearITPendingBit                    0x080016ff   Thumb Code    58  stm32f10x_rcc.o(.text)
    RTC_ITConfig                             0x08001739   Thumb Code    36  stm32f10x_rtc.o(.text)
    RTC_EnterConfigMode                      0x0800175d   Thumb Code    14  stm32f10x_rtc.o(.text)
    RTC_ExitConfigMode                       0x0800176b   Thumb Code    18  stm32f10x_rtc.o(.text)
    RTC_GetCounter                           0x0800177d   Thumb Code    20  stm32f10x_rtc.o(.text)
    RTC_SetCounter                           0x08001791   Thumb Code    26  stm32f10x_rtc.o(.text)
    RTC_SetPrescaler                         0x080017ab   Thumb Code    28  stm32f10x_rtc.o(.text)
    RTC_SetAlarm                             0x080017c7   Thumb Code    28  stm32f10x_rtc.o(.text)
    RTC_GetDivider                           0x080017e3   Thumb Code    26  stm32f10x_rtc.o(.text)
    RTC_WaitForLastTask                      0x080017fd   Thumb Code    14  stm32f10x_rtc.o(.text)
    RTC_WaitForSynchro                       0x0800180b   Thumb Code    30  stm32f10x_rtc.o(.text)
    RTC_GetFlagStatus                        0x08001829   Thumb Code    26  stm32f10x_rtc.o(.text)
    RTC_ClearFlag                            0x08001843   Thumb Code    20  stm32f10x_rtc.o(.text)
    RTC_GetITStatus                          0x08001857   Thumb Code    38  stm32f10x_rtc.o(.text)
    RTC_ClearITPendingBit                    0x0800187d   Thumb Code    20  stm32f10x_rtc.o(.text)
    TIM_DeInit                               0x080018b1   Thumb Code   424  stm32f10x_tim.o(.text)
    TIM_TimeBaseInit                         0x08001a59   Thumb Code   134  stm32f10x_tim.o(.text)
    TIM_OC1Init                              0x08001adf   Thumb Code   168  stm32f10x_tim.o(.text)
    TIM_OC2Init                              0x08001b87   Thumb Code   178  stm32f10x_tim.o(.text)
    TIM_OC3Init                              0x08001c39   Thumb Code   240  stm32f10x_tim.o(.text)
    TIM_OC4Init                              0x08001d29   Thumb Code   126  stm32f10x_tim.o(.text)
    TIM_SetIC4Prescaler                      0x08001da7   Thumb Code    26  stm32f10x_tim.o(.text)
    TIM_SetIC3Prescaler                      0x08001e4b   Thumb Code    22  stm32f10x_tim.o(.text)
    TIM_SetIC2Prescaler                      0x08001ee7   Thumb Code    26  stm32f10x_tim.o(.text)
    TIM_SetIC1Prescaler                      0x08001f8b   Thumb Code    22  stm32f10x_tim.o(.text)
    TIM_ICInit                               0x0800201d   Thumb Code   150  stm32f10x_tim.o(.text)
    TIM_PWMIConfig                           0x080020b3   Thumb Code   136  stm32f10x_tim.o(.text)
    TIM_BDTRConfig                           0x0800213b   Thumb Code    66  stm32f10x_tim.o(.text)
    TIM_TimeBaseStructInit                   0x0800217d   Thumb Code    20  stm32f10x_tim.o(.text)
    TIM_OCStructInit                         0x08002191   Thumb Code    22  stm32f10x_tim.o(.text)
    TIM_ICStructInit                         0x080021a7   Thumb Code    24  stm32f10x_tim.o(.text)
    TIM_BDTRStructInit                       0x080021bf   Thumb Code    20  stm32f10x_tim.o(.text)
    TIM_Cmd                                  0x080021d3   Thumb Code    26  stm32f10x_tim.o(.text)
    TIM_CtrlPWMOutputs                       0x080021ed   Thumb Code    30  stm32f10x_tim.o(.text)
    TIM_ITConfig                             0x0800220b   Thumb Code    30  stm32f10x_tim.o(.text)
    TIM_GenerateEvent                        0x08002229   Thumb Code     4  stm32f10x_tim.o(.text)
    TIM_DMAConfig                            0x0800222d   Thumb Code    10  stm32f10x_tim.o(.text)
    TIM_DMACmd                               0x08002237   Thumb Code    30  stm32f10x_tim.o(.text)
    TIM_InternalClockConfig                  0x08002255   Thumb Code    14  stm32f10x_tim.o(.text)
    TIM_SelectInputTrigger                   0x08002263   Thumb Code    24  stm32f10x_tim.o(.text)
    TIM_ITRxExternalClockConfig              0x0800227b   Thumb Code    24  stm32f10x_tim.o(.text)
    TIM_TIxExternalClockConfig               0x08002293   Thumb Code    62  stm32f10x_tim.o(.text)
    TIM_ETRConfig                            0x080022d1   Thumb Code    32  stm32f10x_tim.o(.text)
    TIM_ETRClockMode1Config                  0x080022f1   Thumb Code    60  stm32f10x_tim.o(.text)
    TIM_ETRClockMode2Config                  0x0800232d   Thumb Code    32  stm32f10x_tim.o(.text)
    TIM_PrescalerConfig                      0x0800234d   Thumb Code     6  stm32f10x_tim.o(.text)
    TIM_CounterModeConfig                    0x08002353   Thumb Code    24  stm32f10x_tim.o(.text)
    TIM_EncoderInterfaceConfig               0x0800236b   Thumb Code    78  stm32f10x_tim.o(.text)
    TIM_ForcedOC1Config                      0x080023b9   Thumb Code    24  stm32f10x_tim.o(.text)
    TIM_ForcedOC2Config                      0x080023d1   Thumb Code    28  stm32f10x_tim.o(.text)
    TIM_ForcedOC3Config                      0x080023ed   Thumb Code    24  stm32f10x_tim.o(.text)
    TIM_ForcedOC4Config                      0x08002405   Thumb Code    28  stm32f10x_tim.o(.text)
    TIM_ARRPreloadConfig                     0x08002421   Thumb Code    26  stm32f10x_tim.o(.text)
    TIM_SelectCOM                            0x0800243b   Thumb Code    26  stm32f10x_tim.o(.text)
    TIM_SelectCCDMA                          0x08002455   Thumb Code    26  stm32f10x_tim.o(.text)
    TIM_CCPreloadControl                     0x0800246f   Thumb Code    26  stm32f10x_tim.o(.text)
    TIM_OC1PreloadConfig                     0x08002489   Thumb Code    24  stm32f10x_tim.o(.text)
    TIM_OC2PreloadConfig                     0x080024a1   Thumb Code    28  stm32f10x_tim.o(.text)
    TIM_OC3PreloadConfig                     0x080024bd   Thumb Code    24  stm32f10x_tim.o(.text)
    TIM_OC4PreloadConfig                     0x080024d5   Thumb Code    28  stm32f10x_tim.o(.text)
    TIM_OC1FastConfig                        0x080024f1   Thumb Code    24  stm32f10x_tim.o(.text)
    TIM_OC2FastConfig                        0x08002509   Thumb Code    28  stm32f10x_tim.o(.text)
    TIM_OC3FastConfig                        0x08002525   Thumb Code    24  stm32f10x_tim.o(.text)
    TIM_OC4FastConfig                        0x0800253d   Thumb Code    28  stm32f10x_tim.o(.text)
    TIM_ClearOC1Ref                          0x08002559   Thumb Code    24  stm32f10x_tim.o(.text)
    TIM_ClearOC2Ref                          0x08002571   Thumb Code    24  stm32f10x_tim.o(.text)
    TIM_ClearOC3Ref                          0x08002589   Thumb Code    24  stm32f10x_tim.o(.text)
    TIM_ClearOC4Ref                          0x080025a1   Thumb Code    24  stm32f10x_tim.o(.text)
    TIM_OC1PolarityConfig                    0x080025b9   Thumb Code    24  stm32f10x_tim.o(.text)
    TIM_OC1NPolarityConfig                   0x080025d1   Thumb Code    24  stm32f10x_tim.o(.text)
    TIM_OC2PolarityConfig                    0x080025e9   Thumb Code    28  stm32f10x_tim.o(.text)
    TIM_OC2NPolarityConfig                   0x08002605   Thumb Code    28  stm32f10x_tim.o(.text)
    TIM_OC3PolarityConfig                    0x08002621   Thumb Code    28  stm32f10x_tim.o(.text)
    TIM_OC3NPolarityConfig                   0x0800263d   Thumb Code    28  stm32f10x_tim.o(.text)
    TIM_OC4PolarityConfig                    0x08002659   Thumb Code    28  stm32f10x_tim.o(.text)
    TIM_CCxCmd                               0x08002675   Thumb Code    46  stm32f10x_tim.o(.text)
    TIM_CCxNCmd                              0x080026a3   Thumb Code    46  stm32f10x_tim.o(.text)
    TIM_SelectOCxM                           0x080026d1   Thumb Code   100  stm32f10x_tim.o(.text)
    TIM_UpdateDisableConfig                  0x08002735   Thumb Code    26  stm32f10x_tim.o(.text)
    TIM_UpdateRequestConfig                  0x0800274f   Thumb Code    26  stm32f10x_tim.o(.text)
    TIM_SelectHallSensor                     0x08002769   Thumb Code    26  stm32f10x_tim.o(.text)
    TIM_SelectOnePulseMode                   0x08002783   Thumb Code    22  stm32f10x_tim.o(.text)
    TIM_SelectOutputTrigger                  0x08002799   Thumb Code    22  stm32f10x_tim.o(.text)
    TIM_SelectSlaveMode                      0x080027af   Thumb Code    22  stm32f10x_tim.o(.text)
    TIM_SelectMasterSlaveMode                0x080027c5   Thumb Code    22  stm32f10x_tim.o(.text)
    TIM_SetCounter                           0x080027db   Thumb Code     4  stm32f10x_tim.o(.text)
    TIM_SetAutoreload                        0x080027df   Thumb Code     4  stm32f10x_tim.o(.text)
    TIM_SetCompare1                          0x080027e3   Thumb Code     4  stm32f10x_tim.o(.text)
    TIM_SetCompare2                          0x080027e7   Thumb Code     4  stm32f10x_tim.o(.text)
    TIM_SetCompare3                          0x080027eb   Thumb Code     4  stm32f10x_tim.o(.text)
    TIM_SetCompare4                          0x080027ef   Thumb Code     6  stm32f10x_tim.o(.text)
    TIM_SetClockDivision                     0x080027f5   Thumb Code    22  stm32f10x_tim.o(.text)
    TIM_GetCapture1                          0x0800280b   Thumb Code     6  stm32f10x_tim.o(.text)
    TIM_GetCapture2                          0x08002811   Thumb Code     6  stm32f10x_tim.o(.text)
    TIM_GetCapture3                          0x08002817   Thumb Code     6  stm32f10x_tim.o(.text)
    TIM_GetCapture4                          0x0800281d   Thumb Code     8  stm32f10x_tim.o(.text)
    TIM_GetCounter                           0x08002825   Thumb Code     6  stm32f10x_tim.o(.text)
    TIM_GetPrescaler                         0x0800282b   Thumb Code     6  stm32f10x_tim.o(.text)
    TIM_GetFlagStatus                        0x08002831   Thumb Code    24  stm32f10x_tim.o(.text)
    TIM_ClearFlag                            0x08002849   Thumb Code     8  stm32f10x_tim.o(.text)
    TIM_GetITStatus                          0x08002851   Thumb Code    40  stm32f10x_tim.o(.text)
    TIM_ClearITPendingBit                    0x08002879   Thumb Code     8  stm32f10x_tim.o(.text)
    USART_DeInit                             0x08002881   Thumb Code   134  stm32f10x_usart.o(.text)
    USART_Init                               0x08002907   Thumb Code   250  stm32f10x_usart.o(.text)
    USART_StructInit                         0x08002a01   Thumb Code    30  stm32f10x_usart.o(.text)
    USART_ClockInit                          0x08002a1f   Thumb Code    46  stm32f10x_usart.o(.text)
    USART_ClockStructInit                    0x08002a4d   Thumb Code    14  stm32f10x_usart.o(.text)
    USART_Cmd                                0x08002a5b   Thumb Code    26  stm32f10x_usart.o(.text)
    USART_ITConfig                           0x08002a75   Thumb Code    88  stm32f10x_usart.o(.text)
    USART_DMACmd                             0x08002acd   Thumb Code    30  stm32f10x_usart.o(.text)
    USART_SetAddress                         0x08002aeb   Thumb Code    22  stm32f10x_usart.o(.text)
    USART_WakeUpConfig                       0x08002b01   Thumb Code    22  stm32f10x_usart.o(.text)
    USART_ReceiverWakeUpCmd                  0x08002b17   Thumb Code    26  stm32f10x_usart.o(.text)
    USART_LINBreakDetectLengthConfig         0x08002b31   Thumb Code    22  stm32f10x_usart.o(.text)
    USART_LINCmd                             0x08002b47   Thumb Code    26  stm32f10x_usart.o(.text)
    USART_SendData                           0x08002b61   Thumb Code     8  stm32f10x_usart.o(.text)
    USART_ReceiveData                        0x08002b69   Thumb Code    10  stm32f10x_usart.o(.text)
    USART_SendBreak                          0x08002b73   Thumb Code    10  stm32f10x_usart.o(.text)
    USART_SetGuardTime                       0x08002b7d   Thumb Code    16  stm32f10x_usart.o(.text)
    USART_SetPrescaler                       0x08002b8d   Thumb Code    18  stm32f10x_usart.o(.text)
    USART_SmartCardCmd                       0x08002b9f   Thumb Code    26  stm32f10x_usart.o(.text)
    USART_SmartCardNACKCmd                   0x08002bb9   Thumb Code    26  stm32f10x_usart.o(.text)
    USART_HalfDuplexCmd                      0x08002bd3   Thumb Code    26  stm32f10x_usart.o(.text)
    USART_OverSampling8Cmd                   0x08002bed   Thumb Code    22  stm32f10x_usart.o(.text)
    USART_OneBitMethodCmd                    0x08002c03   Thumb Code    26  stm32f10x_usart.o(.text)
    USART_IrDAConfig                         0x08002c1d   Thumb Code    22  stm32f10x_usart.o(.text)
    USART_IrDACmd                            0x08002c33   Thumb Code    26  stm32f10x_usart.o(.text)
    USART_GetFlagStatus                      0x08002c4d   Thumb Code    54  stm32f10x_usart.o(.text)
    USART_ClearFlag                          0x08002c83   Thumb Code    20  stm32f10x_usart.o(.text)
    USART_GetITStatus                        0x08002c97   Thumb Code   104  stm32f10x_usart.o(.text)
    USART_ClearITPendingBit                  0x08002cff   Thumb Code    40  stm32f10x_usart.o(.text)
    SystemInit                               0x08002df1   Thumb Code    82  system_stm32f10x.o(.text)
    SystemCoreClockUpdate                    0x08002e43   Thumb Code   154  system_stm32f10x.o(.text)
    STM_EVAL_LEDInit                         0x08002f01   Thumb Code    70  stm32gps_board.o(.text)
    STM_EVAL_LEDOn                           0x08002f47   Thumb Code    16  stm32gps_board.o(.text)
    STM_EVAL_LEDOff                          0x08002f57   Thumb Code    16  stm32gps_board.o(.text)
    STM_EVAL_LEDToggle                       0x08002f67   Thumb Code    28  stm32gps_board.o(.text)
    uart3_int_handler                        0x08002f83   Thumb Code    28  stm32gps_board.o(.text)
    STM_EVAL_COMInit                         0x08002f9f   Thumb Code   362  stm32gps_board.o(.text)
    Reset_Handler                            0x08003149   Thumb Code     8  startup_stm32f10x_hd.o(.text)
    ADC1_2_IRQHandler                        0x08003163   Thumb Code     0  startup_stm32f10x_hd.o(.text)
    ADC3_IRQHandler                          0x08003163   Thumb Code     0  startup_stm32f10x_hd.o(.text)
    CAN1_RX1_IRQHandler                      0x08003163   Thumb Code     0  startup_stm32f10x_hd.o(.text)
    CAN1_SCE_IRQHandler                      0x08003163   Thumb Code     0  startup_stm32f10x_hd.o(.text)
    DMA1_Channel1_IRQHandler                 0x08003163   Thumb Code     0  startup_stm32f10x_hd.o(.text)
    DMA1_Channel2_IRQHandler                 0x08003163   Thumb Code     0  startup_stm32f10x_hd.o(.text)
    DMA1_Channel3_IRQHandler                 0x08003163   Thumb Code     0  startup_stm32f10x_hd.o(.text)
    DMA1_Channel4_IRQHandler                 0x08003163   Thumb Code     0  startup_stm32f10x_hd.o(.text)
    DMA1_Channel5_IRQHandler                 0x08003163   Thumb Code     0  startup_stm32f10x_hd.o(.text)
    DMA1_Channel6_IRQHandler                 0x08003163   Thumb Code     0  startup_stm32f10x_hd.o(.text)
    DMA1_Channel7_IRQHandler                 0x08003163   Thumb Code     0  startup_stm32f10x_hd.o(.text)
    DMA2_Channel1_IRQHandler                 0x08003163   Thumb Code     0  startup_stm32f10x_hd.o(.text)
    DMA2_Channel2_IRQHandler                 0x08003163   Thumb Code     0  startup_stm32f10x_hd.o(.text)
    DMA2_Channel3_IRQHandler                 0x08003163   Thumb Code     0  startup_stm32f10x_hd.o(.text)
    DMA2_Channel4_5_IRQHandler               0x08003163   Thumb Code     0  startup_stm32f10x_hd.o(.text)
    EXTI0_IRQHandler                         0x08003163   Thumb Code     0  startup_stm32f10x_hd.o(.text)
    EXTI15_10_IRQHandler                     0x08003163   Thumb Code     0  startup_stm32f10x_hd.o(.text)
    EXTI1_IRQHandler                         0x08003163   Thumb Code     0  startup_stm32f10x_hd.o(.text)
    EXTI2_IRQHandler                         0x08003163   Thumb Code     0  startup_stm32f10x_hd.o(.text)
    EXTI3_IRQHandler                         0x08003163   Thumb Code     0  startup_stm32f10x_hd.o(.text)
    EXTI4_IRQHandler                         0x08003163   Thumb Code     0  startup_stm32f10x_hd.o(.text)
    EXTI9_5_IRQHandler                       0x08003163   Thumb Code     0  startup_stm32f10x_hd.o(.text)
    FLASH_IRQHandler                         0x08003163   Thumb Code     0  startup_stm32f10x_hd.o(.text)
    FSMC_IRQHandler                          0x08003163   Thumb Code     0  startup_stm32f10x_hd.o(.text)
    I2C1_ER_IRQHandler                       0x08003163   Thumb Code     0  startup_stm32f10x_hd.o(.text)
    I2C1_EV_IRQHandler                       0x08003163   Thumb Code     0  startup_stm32f10x_hd.o(.text)
    I2C2_ER_IRQHandler                       0x08003163   Thumb Code     0  startup_stm32f10x_hd.o(.text)
    I2C2_EV_IRQHandler                       0x08003163   Thumb Code     0  startup_stm32f10x_hd.o(.text)
    PVD_IRQHandler                           0x08003163   Thumb Code     0  startup_stm32f10x_hd.o(.text)
    RCC_IRQHandler                           0x08003163   Thumb Code     0  startup_stm32f10x_hd.o(.text)
    RTCAlarm_IRQHandler                      0x08003163   Thumb Code     0  startup_stm32f10x_hd.o(.text)
    SDIO_IRQHandler                          0x08003163   Thumb Code     0  startup_stm32f10x_hd.o(.text)
    SPI1_IRQHandler                          0x08003163   Thumb Code     0  startup_stm32f10x_hd.o(.text)
    SPI2_IRQHandler                          0x08003163   Thumb Code     0  startup_stm32f10x_hd.o(.text)
    SPI3_IRQHandler                          0x08003163   Thumb Code     0  startup_stm32f10x_hd.o(.text)
    TAMPER_IRQHandler                        0x08003163   Thumb Code     0  startup_stm32f10x_hd.o(.text)
    TIM1_BRK_IRQHandler                      0x08003163   Thumb Code     0  startup_stm32f10x_hd.o(.text)
    TIM1_CC_IRQHandler                       0x08003163   Thumb Code     0  startup_stm32f10x_hd.o(.text)
    TIM1_TRG_COM_IRQHandler                  0x08003163   Thumb Code     0  startup_stm32f10x_hd.o(.text)
    TIM1_UP_IRQHandler                       0x08003163   Thumb Code     0  startup_stm32f10x_hd.o(.text)
    TIM3_IRQHandler                          0x08003163   Thumb Code     0  startup_stm32f10x_hd.o(.text)
    TIM4_IRQHandler                          0x08003163   Thumb Code     0  startup_stm32f10x_hd.o(.text)
    TIM5_IRQHandler                          0x08003163   Thumb Code     0  startup_stm32f10x_hd.o(.text)
    TIM6_IRQHandler                          0x08003163   Thumb Code     0  startup_stm32f10x_hd.o(.text)
    TIM7_IRQHandler                          0x08003163   Thumb Code     0  startup_stm32f10x_hd.o(.text)
    TIM8_BRK_IRQHandler                      0x08003163   Thumb Code     0  startup_stm32f10x_hd.o(.text)
    TIM8_CC_IRQHandler                       0x08003163   Thumb Code     0  startup_stm32f10x_hd.o(.text)
    TIM8_TRG_COM_IRQHandler                  0x08003163   Thumb Code     0  startup_stm32f10x_hd.o(.text)
    TIM8_UP_IRQHandler                       0x08003163   Thumb Code     0  startup_stm32f10x_hd.o(.text)
    UART4_IRQHandler                         0x08003163   Thumb Code     0  startup_stm32f10x_hd.o(.text)
    UART5_IRQHandler                         0x08003163   Thumb Code     0  startup_stm32f10x_hd.o(.text)
    USBWakeUp_IRQHandler                     0x08003163   Thumb Code     0  startup_stm32f10x_hd.o(.text)
    USB_HP_CAN1_TX_IRQHandler                0x08003163   Thumb Code     0  startup_stm32f10x_hd.o(.text)
    USB_LP_CAN1_RX0_IRQHandler               0x08003163   Thumb Code     0  startup_stm32f10x_hd.o(.text)
    WWDG_IRQHandler                          0x08003163   Thumb Code     0  startup_stm32f10x_hd.o(.text)
    __user_initial_stackheap                 0x08003165   Thumb Code     0  startup_stm32f10x_hd.o(.text)
    usart_init                               0x080031b5   Thumb Code   232  usart.o(.text)
    USART_Send                               0x0800329d   Thumb Code    54  usart.o(.text)
    usart_sendbuffer                         0x080032d3   Thumb Code    68  usart.o(.text)
    usart_readbuffer                         0x08003317   Thumb Code   554  usart.o(.text)
    usart_irq                                0x08003541   Thumb Code   324  usart.o(.text)
    usart_timeout                            0x08003685   Thumb Code    56  usart.o(.text)
    USART1_Config                            0x080036bd   Thumb Code   136  usart.o(.text)
    __2printf                                0x08003751   Thumb Code    20  noretval__2printf.o(.text)
    __printf                                 0x08003769   Thumb Code   106  __printf.o(.text)
    _printf_str                              0x080037d3   Thumb Code    82  _printf_str.o(.text)
    _printf_int_hex                          0x08003825   Thumb Code    88  _printf_hex_int.o(.text)
    _printf_longlong_hex                     0x08003825   Thumb Code     0  _printf_hex_int.o(.text)
    strlen                                   0x08003881   Thumb Code    62  strlen.o(.text)
    __aeabi_memcpy                           0x080038bf   Thumb Code     0  rt_memcpy_v6.o(.text)
    __rt_memcpy                              0x080038bf   Thumb Code   138  rt_memcpy_v6.o(.text)
    _memcpy_lastbytes                        0x08003925   Thumb Code     0  rt_memcpy_v6.o(.text)
    __aeabi_memset                           0x08003949   Thumb Code    16  aeabi_memset.o(.text)
    __aeabi_memclr                           0x08003959   Thumb Code     0  rt_memclr.o(.text)
    __rt_memclr                              0x08003959   Thumb Code    68  rt_memclr.o(.text)
    _memset                                  0x0800395d   Thumb Code     0  rt_memclr.o(.text)
    __use_two_region_memory                  0x0800399d   Thumb Code     2  heapauxi.o(.text)
    __rt_heap_escrow                         0x0800399f   Thumb Code     2  heapauxi.o(.text)
    __rt_heap_expand                         0x080039a1   Thumb Code     2  heapauxi.o(.text)
    __aeabi_errno_addr                       0x080039a5   Thumb Code     8  rt_errno_addr_intlibspace.o(.text)
    __errno$intlibspace                      0x080039a5   Thumb Code     0  rt_errno_addr_intlibspace.o(.text)
    __rt_errno_addr$intlibspace              0x080039a5   Thumb Code     0  rt_errno_addr_intlibspace.o(.text)
    _printf_int_common                       0x080039ad   Thumb Code   184  _printf_intcommon.o(.text)
    _printf_char_common                      0x08003a6f   Thumb Code    32  _printf_char_common.o(.text)
    _printf_cs_common                        0x08003a95   Thumb Code    20  _printf_char.o(.text)
    _printf_char                             0x08003aa9   Thumb Code    16  _printf_char.o(.text)
    _printf_string                           0x08003ab9   Thumb Code     8  _printf_char.o(.text)
    _printf_char_file                        0x08003ac1   Thumb Code    32  _printf_char_file.o(.text)
    __aeabi_memcpy4                          0x08003ae5   Thumb Code     0  rt_memcpy_w.o(.text)
    __aeabi_memcpy8                          0x08003ae5   Thumb Code     0  rt_memcpy_w.o(.text)
    __rt_memcpy_w                            0x08003ae5   Thumb Code   100  rt_memcpy_w.o(.text)
    _memcpy_lastbytes_aligned                0x08003b2d   Thumb Code     0  rt_memcpy_w.o(.text)
    __aeabi_memclr4                          0x08003b49   Thumb Code     0  rt_memclr_w.o(.text)
    __aeabi_memclr8                          0x08003b49   Thumb Code     0  rt_memclr_w.o(.text)
    __rt_memclr_w                            0x08003b49   Thumb Code    78  rt_memclr_w.o(.text)
    _memset_w                                0x08003b4d   Thumb Code     0  rt_memclr_w.o(.text)
    __user_libspace                          0x08003b99   Thumb Code     8  libspace.o(.text)
    __user_perproc_libspace                  0x08003b99   Thumb Code     0  libspace.o(.text)
    __user_perthread_libspace                0x08003b99   Thumb Code     0  libspace.o(.text)
    ferror                                   0x08003ba1   Thumb Code     8  ferror.o(.text)
    _initio                                  0x08003ba9   Thumb Code   210  initio.o(.text)
    _terminateio                             0x08003c7b   Thumb Code    56  initio.o(.text)
    _sys_open                                0x08003ce1   Thumb Code    20  sys_io.o(.text)
    _sys_close                               0x08003cf5   Thumb Code    12  sys_io.o(.text)
    _sys_write                               0x08003d01   Thumb Code    16  sys_io.o(.text)
    _sys_read                                0x08003d11   Thumb Code    14  sys_io.o(.text)
    _sys_istty                               0x08003d1f   Thumb Code    12  sys_io.o(.text)
    _sys_seek                                0x08003d2b   Thumb Code    14  sys_io.o(.text)
    _sys_ensure                              0x08003d39   Thumb Code     2  sys_io.o(.text)
    _sys_flen                                0x08003d3b   Thumb Code    12  sys_io.o(.text)
    __user_setup_stackheap                   0x08003d47   Thumb Code    74  sys_stackheap_outer.o(.text)
    free                                     0x08003d91   Thumb Code    78  h1_free.o(.text)
    setvbuf                                  0x08003ddf   Thumb Code    70  setvbuf.o(.text)
    freopen                                  0x08003e25   Thumb Code   158  fopen.o(.text)
    fopen                                    0x08003ec3   Thumb Code    74  fopen.o(.text)
    _fclose_internal                         0x08003f11   Thumb Code    76  fclose.o(.text)
    fclose                                   0x08003f11   Thumb Code     0  fclose.o(.text)
    exit                                     0x08003f5d   Thumb Code    12  exit.o(.text)
    __rt_SIGRTRED                            0x08003f69   Thumb Code    14  defsig_rtred_outer.o(.text)
    __I$use$semihosting                      0x08003f77   Thumb Code     0  use_no_semi.o(.text)
    __use_no_semihosting_swi                 0x08003f77   Thumb Code     2  use_no_semi.o(.text)
    __rt_heap_descriptor                     0x08003f79   Thumb Code     8  rt_heap_descriptor_intlibspace.o(.text)
    __semihosting_library_function           0x08003f79   Thumb Code     0  indicate_semi.o(.text)
    __use_no_heap                            0x08003f81   Thumb Code     2  hguard.o(.text)
    __heap$guard                             0x08003f83   Thumb Code     2  hguard.o(.text)
    _terminate_user_alloc                    0x08003f85   Thumb Code     2  init_alloc.o(.text)
    _init_user_alloc                         0x08003f87   Thumb Code     2  init_alloc.o(.text)
    __Heap_Full                              0x08003f89   Thumb Code    34  init_alloc.o(.text)
    __Heap_Broken                            0x08003fab   Thumb Code     6  init_alloc.o(.text)
    _init_alloc                              0x08003fb1   Thumb Code    94  init_alloc.o(.text)
    malloc                                   0x0800400f   Thumb Code    94  h1_alloc.o(.text)
    _fseek                                   0x0800406d   Thumb Code   244  fseek.o(.text)
    fseek                                    0x0800406d   Thumb Code     0  fseek.o(.text)
    _seterr                                  0x08004165   Thumb Code    20  stdio.o(.text)
    _writebuf                                0x08004179   Thumb Code    84  stdio.o(.text)
    _fflush                                  0x080041cd   Thumb Code    70  stdio.o(.text)
    _deferredlazyseek                        0x08004213   Thumb Code    60  stdio.o(.text)
    __sig_exit                               0x08004255   Thumb Code    10  defsig_exit.o(.text)
    __rt_SIGRTRED_inner                      0x08004261   Thumb Code    14  defsig_rtred_inner.o(.text)
    _sys_exit                                0x08004295   Thumb Code     8  sys_exit.o(.text)
    __rt_fp_status_addr                      0x080042a1   Thumb Code     8  rt_fp_status_addr_intlibspace.o(.text)
    __Heap_Initialize                        0x080042a9   Thumb Code    10  h1_init.o(.text)
    __Heap_DescSize                          0x080042b3   Thumb Code     4  h1_init.o(.text)
    __Heap_ProvideMemory                     0x080042b7   Thumb Code    52  h1_extend.o(.text)
    _ftell_internal                          0x080042eb   Thumb Code    70  ftell.o(.text)
    ftell                                    0x080042eb   Thumb Code     0  ftell.o(.text)
    __default_signal_display                 0x08004331   Thumb Code    50  defsig_general.o(.text)
    __rt_SIGRTMEM                            0x08004363   Thumb Code    14  defsig_rtmem_outer.o(.text)
    _ttywrch                                 0x08004371   Thumb Code    14  sys_wrch.o(.text)
    __rt_SIGRTMEM_inner                      0x08004381   Thumb Code    22  defsig_rtmem_inner.o(.text)
    _fp_init                                 0x080043d1   Thumb Code    14  fpinit.o(x$fpl$fpinit)
    __fplib_config_pureend_doubles           0x080043dd   Thumb Code     0  fpinit.o(x$fpl$fpinit)
    GPIO_PIN                                 0x080043e0   Data           8  stm32gps_board.o(.constdata)
    GPIO_CLK                                 0x080043e8   Data          16  stm32gps_board.o(.constdata)
    COM_USART_CLK                            0x080043f8   Data          12  stm32gps_board.o(.constdata)
    COM_TX_PORT_CLK                          0x08004404   Data          12  stm32gps_board.o(.constdata)
    COM_RX_PORT_CLK                          0x08004410   Data          12  stm32gps_board.o(.constdata)
    COM_TX_PIN                               0x0800441c   Data           6  stm32gps_board.o(.constdata)
    COM_RX_PIN                               0x08004422   Data           6  stm32gps_board.o(.constdata)
    __stdin_name                             0x08004450   Data           4  sys_io.o(.constdata)
    __stdout_name                            0x08004454   Data           4  sys_io.o(.constdata)
    __stderr_name                            0x08004458   Data           4  sys_io.o(.constdata)
    Region$$Table$$Base                      0x0800445c   Number         0  anon$$obj.o(Region$$Table)
    Region$$Table$$Limit                     0x0800447c   Number         0  anon$$obj.o(Region$$Table)
    LsiFreq                                  0x20000000   Data           4  main.o(.data)
    g_deviceData                             0x20000004   Data           6  main.o(.data)
    g_imsiInfo                               0x2000000a   Data           4  main.o(.data)
    g_sequenceNum                            0x2000000e   Data           2  main.o(.data)
    g_successNum                             0x20000010   Data           2  main.o(.data)
    SystemCoreClock                          0x20000030   Data           4  system_stm32f10x.o(.data)
    AHBPrescTable                            0x20000034   Data          16  system_stm32f10x.o(.data)
    GPIO_PORT                                0x20000044   Data          16  stm32gps_board.o(.data)
    COM_USART                                0x20000054   Data          12  stm32gps_board.o(.data)
    COM_TX_PORT                              0x20000060   Data          12  stm32gps_board.o(.data)
    COM_RX_PORT                              0x2000006c   Data          12  stm32gps_board.o(.data)
    __aeabi_stdin                            0x20000078   Data           4  stdio_streams.o(.data)
    __aeabi_stdout                           0x2000007c   Data           4  stdio_streams.o(.data)
    __aeabi_stderr                           0x20000080   Data           4  stdio_streams.o(.data)
    imeiBuf                                  0x20000084   Data          15  main.o(.bss)
    loginMsg                                 0x20000093   Data          24  main.o(.bss)
    loginBuf                                 0x200000ab   Data          17  main.o(.bss)
    gpsMsg                                   0x200000bc   Data          42  main.o(.bss)
    gpsBuf                                   0x200000e6   Data          42  main.o(.bss)
    g_simData                                0x20000110   Data          13  main.o(.bss)
    g_gpsData                                0x20000120   Data          20  main.o(.bss)
    stNetCfg                                 0x20000134   Data          35  main.o(.bss)
    USART_InitStructure                      0x20000170   Data          16  stm32gps_config.o(.bss)
    USART1_RBuffer                           0x20000180   Data        1024  usart.o(.bss)
    USART2_RBuffer                           0x20000580   Data        1024  usart.o(.bss)
    st_Serial                                0x20000980   Data          56  usart.o(.bss)
    __stdin                                  0x200009b8   Data          80  stdio_streams.o(.bss)
    __stdout                                 0x20000a08   Data          80  stdio_streams.o(.bss)
    __stderr                                 0x20000a58   Data          80  stdio_streams.o(.bss)
    __libspace_start                         0x20000aa8   Data          96  libspace.o(.bss)
    __temporary_stack_top$libspace           0x20000b08   Data           0  libspace.o(.bss)



==============================================================================

Memory Map of the image

  Image Entry point : 0x08000131

  Load Region LR_IROM1 (Base: 0x08000000, Size: 0x00004500, Max: 0x00040000, ABSOLUTE)

    Execution Region ER_IROM1 (Base: 0x08000000, Size: 0x0000447c, Max: 0x00040000, ABSOLUTE)

    Base Addr    Size         Type   Attr      Idx    E Section Name        Object

    0x08000000   0x00000130   Data   RO          480    RESET               startup_stm32f10x_hd.o
    0x08000130   0x00000008   Code   RO          642  * !!!main             c_w.l(__main.o)
    0x08000138   0x00000034   Code   RO         1103    !!!scatter          c_w.l(__scatter.o)
    0x0800016c   0x0000001a   Code   RO         1105    !!handler_copy      c_w.l(__scatter_copy.o)
    0x08000186   0x00000002   PAD
    0x08000188   0x0000001c   Code   RO         1107    !!handler_zi        c_w.l(__scatter_zi.o)
    0x080001a4   0x00000000   Code   RO          617    .ARM.Collect$$_printf_percent$$00000000  c_w.l(_printf_percent.o)
    0x080001a4   0x00000006   Code   RO          615    .ARM.Collect$$_printf_percent$$0000000C  c_w.l(_printf_x.o)
    0x080001aa   0x00000006   Code   RO          613    .ARM.Collect$$_printf_percent$$00000013  c_w.l(_printf_c.o)
    0x080001b0   0x00000004   Code   RO          672    .ARM.Collect$$_printf_percent$$00000017  c_w.l(_printf_percent_end.o)
    0x080001b4   0x00000006   Code   RO          835    .ARM.Collect$$libinit$$00000000  c_w.l(libinit.o)
    0x080001ba   0x00000008   Code   RO          836    .ARM.Collect$$libinit$$00000001  c_w.l(libinit2.o)
    0x080001c2   0x00000000   Code   RO          838    .ARM.Collect$$libinit$$00000006  c_w.l(libinit2.o)
    0x080001c2   0x00000000   Code   RO          840    .ARM.Collect$$libinit$$00000008  c_w.l(libinit2.o)
    0x080001c2   0x00000000   Code   RO          842    .ARM.Collect$$libinit$$0000000A  c_w.l(libinit2.o)
    0x080001c2   0x00000000   Code   RO          845    .ARM.Collect$$libinit$$0000000D  c_w.l(libinit2.o)
    0x080001c2   0x00000000   Code   RO          847    .ARM.Collect$$libinit$$0000000F  c_w.l(libinit2.o)
    0x080001c2   0x00000000   Code   RO          849    .ARM.Collect$$libinit$$00000011  c_w.l(libinit2.o)
    0x080001c2   0x00000000   Code   RO          851    .ARM.Collect$$libinit$$00000013  c_w.l(libinit2.o)
    0x080001c2   0x00000000   Code   RO          853    .ARM.Collect$$libinit$$00000015  c_w.l(libinit2.o)
    0x080001c2   0x00000000   Code   RO          855    .ARM.Collect$$libinit$$00000017  c_w.l(libinit2.o)
    0x080001c2   0x00000000   Code   RO          857    .ARM.Collect$$libinit$$00000019  c_w.l(libinit2.o)
    0x080001c2   0x00000000   Code   RO          859    .ARM.Collect$$libinit$$0000001B  c_w.l(libinit2.o)
    0x080001c2   0x00000000   Code   RO          861    .ARM.Collect$$libinit$$0000001D  c_w.l(libinit2.o)
    0x080001c2   0x00000000   Code   RO          863    .ARM.Collect$$libinit$$0000001F  c_w.l(libinit2.o)
    0x080001c2   0x00000004   Code   RO          864    .ARM.Collect$$libinit$$00000020  c_w.l(libinit2.o)
    0x080001c6   0x00000000   Code   RO          865    .ARM.Collect$$libinit$$00000021  c_w.l(libinit2.o)
    0x080001c6   0x00000000   Code   RO          869    .ARM.Collect$$libinit$$00000028  c_w.l(libinit2.o)
    0x080001c6   0x00000000   Code   RO          871    .ARM.Collect$$libinit$$0000002A  c_w.l(libinit2.o)
    0x080001c6   0x00000000   Code   RO          873    .ARM.Collect$$libinit$$0000002C  c_w.l(libinit2.o)
    0x080001c6   0x00000000   Code   RO          875    .ARM.Collect$$libinit$$0000002E  c_w.l(libinit2.o)
    0x080001c6   0x00000002   Code   RO          876    .ARM.Collect$$libinit$$0000002F  c_w.l(libinit2.o)
    0x080001c8   0x00000002   Code   RO         1053    .ARM.Collect$$libshutdown$$00000000  c_w.l(libshutdown.o)
    0x080001ca   0x00000004   Code   RO          878    .ARM.Collect$$libshutdown$$00000002  c_w.l(libshutdown2.o)
    0x080001ce   0x00000000   Code   RO          879    .ARM.Collect$$libshutdown$$00000003  c_w.l(libshutdown2.o)
    0x080001ce   0x00000000   Code   RO          882    .ARM.Collect$$libshutdown$$00000006  c_w.l(libshutdown2.o)
    0x080001ce   0x00000000   Code   RO          885    .ARM.Collect$$libshutdown$$00000009  c_w.l(libshutdown2.o)
    0x080001ce   0x00000000   Code   RO          887    .ARM.Collect$$libshutdown$$0000000B  c_w.l(libshutdown2.o)
    0x080001ce   0x00000000   Code   RO          890    .ARM.Collect$$libshutdown$$0000000E  c_w.l(libshutdown2.o)
    0x080001ce   0x00000002   Code   RO          891    .ARM.Collect$$libshutdown$$0000000F  c_w.l(libshutdown2.o)
    0x080001d0   0x00000000   Code   RO          654    .ARM.Collect$$rtentry$$00000000  c_w.l(rtentry.o)
    0x080001d0   0x00000000   Code   RO          697    .ARM.Collect$$rtentry$$00000002  c_w.l(rtentry2.o)
    0x080001d0   0x00000006   Code   RO          709    .ARM.Collect$$rtentry$$00000004  c_w.l(rtentry4.o)
    0x080001d6   0x00000000   Code   RO          699    .ARM.Collect$$rtentry$$00000009  c_w.l(rtentry2.o)
    0x080001d6   0x00000004   Code   RO          700    .ARM.Collect$$rtentry$$0000000A  c_w.l(rtentry2.o)
    0x080001da   0x00000000   Code   RO          702    .ARM.Collect$$rtentry$$0000000C  c_w.l(rtentry2.o)
    0x080001da   0x00000008   Code   RO          703    .ARM.Collect$$rtentry$$0000000D  c_w.l(rtentry2.o)
    0x080001e2   0x00000002   Code   RO          895    .ARM.Collect$$rtexit$$00000000  c_w.l(rtexit.o)
    0x080001e4   0x00000000   Code   RO          983    .ARM.Collect$$rtexit$$00000002  c_w.l(rtexit2.o)
    0x080001e4   0x00000004   Code   RO          984    .ARM.Collect$$rtexit$$00000003  c_w.l(rtexit2.o)
    0x080001e8   0x00000006   Code   RO          985    .ARM.Collect$$rtexit$$00000004  c_w.l(rtexit2.o)
    0x080001ee   0x00000002   PAD
    0x080001f0   0x00000000   Code   RO          994    .emb_text           c_w.l(maybetermalloc1.o)
    0x080001f0   0x00000668   Code   RO            1    .text               main.o
    0x08000858   0x0000011c   Code   RO          140    .text               stm32f10x_it.o
    0x08000974   0x000002f8   Code   RO          213    .text               stm32gps_config.o
    0x08000c6c   0x00000030   Code   RO          233    .text               gpio.o
    0x08000c9c   0x00000100   Code   RO          245    .text               misc.o
    0x08000d9c   0x000000bc   Code   RO          257    .text               stm32f10x_bkp.o
    0x08000e58   0x000003ac   Code   RO          305    .text               stm32f10x_gpio.o
    0x08001204   0x00000044   Code   RO          317    .text               stm32f10x_iwdg.o
    0x08001248   0x000000dc   Code   RO          329    .text               stm32f10x_pwr.o
    0x08001324   0x00000414   Code   RO          341    .text               stm32f10x_rcc.o
    0x08001738   0x00000178   Code   RO          355    .text               stm32f10x_rtc.o
    0x080018b0   0x00000fd0   Code   RO          391    .text               stm32f10x_tim.o
    0x08002880   0x000004a6   Code   RO          403    .text               stm32f10x_usart.o
    0x08002d26   0x00000002   PAD
    0x08002d28   0x000001d8   Code   RO          438    .text               system_stm32f10x.o
    0x08002f00   0x00000248   Code   RO          456    .text               stm32gps_board.o
    0x08003148   0x00000040   Code   RO          481    .text               startup_stm32f10x_hd.o
    0x08003188   0x000005c8   Code   RO          485    .text               usart.o
    0x08003750   0x00000018   Code   RO          562    .text               c_w.l(noretval__2printf.o)
    0x08003768   0x0000006a   Code   RO          566    .text               c_w.l(__printf.o)
    0x080037d2   0x00000052   Code   RO          568    .text               c_w.l(_printf_str.o)
    0x08003824   0x0000005c   Code   RO          575    .text               c_w.l(_printf_hex_int.o)
    0x08003880   0x0000003e   Code   RO          628    .text               c_w.l(strlen.o)
    0x080038be   0x0000008a   Code   RO          632    .text               c_w.l(rt_memcpy_v6.o)
    0x08003948   0x00000010   Code   RO          634    .text               c_w.l(aeabi_memset.o)
    0x08003958   0x00000044   Code   RO          636    .text               c_w.l(rt_memclr.o)
    0x0800399c   0x00000006   Code   RO          640    .text               c_w.l(heapauxi.o)
    0x080039a2   0x00000002   PAD
    0x080039a4   0x00000008   Code   RO          658    .text               c_w.l(rt_errno_addr_intlibspace.o)
    0x080039ac   0x000000b8   Code   RO          662    .text               c_w.l(_printf_intcommon.o)
    0x08003a64   0x00000030   Code   RO          664    .text               c_w.l(_printf_char_common.o)
    0x08003a94   0x0000002c   Code   RO          668    .text               c_w.l(_printf_char.o)
    0x08003ac0   0x00000024   Code   RO          670    .text               c_w.l(_printf_char_file.o)
    0x08003ae4   0x00000064   Code   RO          683    .text               c_w.l(rt_memcpy_w.o)
    0x08003b48   0x0000004e   Code   RO          685    .text               c_w.l(rt_memclr_w.o)
    0x08003b96   0x00000002   PAD
    0x08003b98   0x00000008   Code   RO          693    .text               c_w.l(libspace.o)
    0x08003ba0   0x00000008   Code   RO          721    .text               c_w.l(ferror.o)
    0x08003ba8   0x00000138   Code   RO          723    .text               c_w.l(initio.o)
    0x08003ce0   0x00000066   Code   RO          734    .text               c_w.l(sys_io.o)
    0x08003d46   0x0000004a   Code   RO          741    .text               c_w.l(sys_stackheap_outer.o)
    0x08003d90   0x0000004e   Code   RO          750    .text               c_w.l(h1_free.o)
    0x08003dde   0x00000046   Code   RO          808    .text               c_w.l(setvbuf.o)
    0x08003e24   0x000000ec   Code   RO          811    .text               c_w.l(fopen.o)
    0x08003f10   0x0000004c   Code   RO          813    .text               c_w.l(fclose.o)
    0x08003f5c   0x0000000c   Code   RO          822    .text               c_w.l(exit.o)
    0x08003f68   0x0000000e   Code   RO          824    .text               c_w.l(defsig_rtred_outer.o)
    0x08003f76   0x00000002   Code   RO          892    .text               c_w.l(use_no_semi.o)
    0x08003f78   0x00000000   Code   RO          894    .text               c_w.l(indicate_semi.o)
    0x08003f78   0x00000008   Code   RO          902    .text               c_w.l(rt_heap_descriptor_intlibspace.o)
    0x08003f80   0x00000004   Code   RO          904    .text               c_w.l(hguard.o)
    0x08003f84   0x0000008a   Code   RO          906    .text               c_w.l(init_alloc.o)
    0x0800400e   0x0000005e   Code   RO          912    .text               c_w.l(h1_alloc.o)
    0x0800406c   0x000000f8   Code   RO          951    .text               c_w.l(fseek.o)
    0x08004164   0x000000f0   Code   RO          953    .text               c_w.l(stdio.o)
    0x08004254   0x0000000a   Code   RO          955    .text               c_w.l(defsig_exit.o)
    0x0800425e   0x00000002   PAD
    0x08004260   0x00000034   Code   RO          957    .text               c_w.l(defsig_rtred_inner.o)
    0x08004294   0x0000000c   Code   RO          980    .text               c_w.l(sys_exit.o)
    0x080042a0   0x00000008   Code   RO          992    .text               c_w.l(rt_fp_status_addr_intlibspace.o)
    0x080042a8   0x0000000e   Code   RO          996    .text               c_w.l(h1_init.o)
    0x080042b6   0x00000034   Code   RO          998    .text               c_w.l(h1_extend.o)
    0x080042ea   0x00000046   Code   RO         1008    .text               c_w.l(ftell.o)
    0x08004330   0x00000032   Code   RO         1012    .text               c_w.l(defsig_general.o)
    0x08004362   0x0000000e   Code   RO         1014    .text               c_w.l(defsig_rtmem_outer.o)
    0x08004370   0x0000000e   Code   RO         1037    .text               c_w.l(sys_wrch.o)
    0x0800437e   0x00000002   PAD
    0x08004380   0x00000050   Code   RO         1047    .text               c_w.l(defsig_rtmem_inner.o)
    0x080043d0   0x0000000e   Code   RO          964    x$fpl$fpinit        fz_ws.l(fpinit.o)
    0x080043de   0x00000002   PAD
    0x080043e0   0x00000048   Data   RO          457    .constdata          stm32gps_board.o
    0x08004428   0x00000028   Data   RO          576    .constdata          c_w.l(_printf_hex_int.o)
    0x08004450   0x00000004   Data   RO          735    .constdata          c_w.l(sys_io.o)
    0x08004454   0x00000004   Data   RO          736    .constdata          c_w.l(sys_io.o)
    0x08004458   0x00000004   Data   RO          737    .constdata          c_w.l(sys_io.o)
    0x0800445c   0x00000020   Data   RO         1101    Region$$Table       anon$$obj.o


    Execution Region RW_IRAM1 (Base: 0x20000000, Size: 0x00001108, Max: 0x00008000, ABSOLUTE)

    Base Addr    Size         Type   Attr      Idx    E Section Name        Object

    0x20000000   0x00000012   Data   RW            3    .data               main.o
    0x20000012   0x00000002   PAD
    0x20000014   0x00000004   Data   RW          142    .data               stm32f10x_it.o
    0x20000018   0x00000004   Data   RW          215    .data               stm32gps_config.o
    0x2000001c   0x00000014   Data   RW          342    .data               stm32f10x_rcc.o
    0x20000030   0x00000014   Data   RW          439    .data               system_stm32f10x.o
    0x20000044   0x00000034   Data   RW          458    .data               stm32gps_board.o
    0x20000078   0x00000004   Data   RW          680    .data               c_w.l(stdio_streams.o)
    0x2000007c   0x00000004   Data   RW          681    .data               c_w.l(stdio_streams.o)
    0x20000080   0x00000004   Data   RW          682    .data               c_w.l(stdio_streams.o)
    0x20000084   0x000000d3   Zero   RW            2    .bss                main.o
    0x20000157   0x00000001   PAD
    0x20000158   0x00000018   Zero   RW          141    .bss                stm32f10x_it.o
    0x20000170   0x00000010   Zero   RW          214    .bss                stm32gps_config.o
    0x20000180   0x00000838   Zero   RW          486    .bss                usart.o
    0x200009b8   0x00000050   Zero   RW          677    .bss                c_w.l(stdio_streams.o)
    0x20000a08   0x00000050   Zero   RW          678    .bss                c_w.l(stdio_streams.o)
    0x20000a58   0x00000050   Zero   RW          679    .bss                c_w.l(stdio_streams.o)
    0x20000aa8   0x00000060   Zero   RW          694    .bss                c_w.l(libspace.o)
    0x20000b08   0x00000200   Zero   RW          479    HEAP                startup_stm32f10x_hd.o
    0x20000d08   0x00000400   Zero   RW          478    STACK               startup_stm32f10x_hd.o


==============================================================================

Image component sizes


      Code (inc. data)   RO Data    RW Data    ZI Data      Debug   Object Name

         0          0          0          0          0         32   core_cm3.o
        48          4          0          0          0        407   gpio.o
      1640        170          0         18        211     247215   main.o
       256         30          0          0          0       1841   misc.o
        64         26        304          0       1536        864   startup_stm32f10x_hd.o
       188         24          0          0          0       3424   stm32f10x_bkp.o
       940         46          0          0          0       5817   stm32f10x_gpio.o
       284         40          0          4         24     251951   stm32f10x_it.o
        68          4          0          0          0       1285   stm32f10x_iwdg.o
       220         18          0          0          0       1971   stm32f10x_pwr.o
      1044         52          0         20          0       8984   stm32f10x_rcc.o
       376         32          0          0          0       2742   stm32f10x_rtc.o
      4048         86          0          0          0      23104   stm32f10x_tim.o
      1190         22          0          0          0       8540   stm32f10x_usart.o
       584         64         72         52          0       2900   stm32gps_board.o
       760         26          0          4         16      18999   stm32gps_config.o
       472         36          0         20          0       1671   system_stm32f10x.o
      1480         32          0          0       2104       4046   usart.o

    ----------------------------------------------------------------------
     13664        712        408        120       3892     585793   Object Totals
         0          0         32          0          0          0   (incl. Generated)
         2          0          0          2          1          0   (incl. Padding)

    ----------------------------------------------------------------------

      Code (inc. data)   RO Data    RW Data    ZI Data      Debug   Library Member Name

         8          0          0          0          0         68   __main.o
       106          0          0          0          0         84   __printf.o
        52          8          0          0          0          0   __scatter.o
        26          0          0          0          0          0   __scatter_copy.o
        28          0          0          0          0          0   __scatter_zi.o
         6          0          0          0          0          0   _printf_c.o
        44          0          0          0          0        108   _printf_char.o
        48          6          0          0          0         96   _printf_char_common.o
        36          4          0          0          0         80   _printf_char_file.o
        92          4         40          0          0         88   _printf_hex_int.o
       184          0          0          0          0         88   _printf_intcommon.o
         0          0          0          0          0          0   _printf_percent.o
         4          0          0          0          0          0   _printf_percent_end.o
        82          0          0          0          0         80   _printf_str.o
         6          0          0          0          0          0   _printf_x.o
        16          0          0          0          0         68   aeabi_memset.o
        10          0          0          0          0         68   defsig_exit.o
        50          0          0          0          0         88   defsig_general.o
        80         58          0          0          0         76   defsig_rtmem_inner.o
        14          0          0          0          0         80   defsig_rtmem_outer.o
        52         38          0          0          0         76   defsig_rtred_inner.o
        14          0          0          0          0         80   defsig_rtred_outer.o
        12          0          0          0          0         72   exit.o
        76          0          0          0          0         88   fclose.o
         8          0          0          0          0         68   ferror.o
       236          4          0          0          0        128   fopen.o
       248          4          0          0          0         84   fseek.o
        70          0          0          0          0         76   ftell.o
        94          0          0          0          0         80   h1_alloc.o
        52          0          0          0          0         68   h1_extend.o
        78          0          0          0          0         80   h1_free.o
        14          0          0          0          0         84   h1_init.o
         6          0          0          0          0        152   heapauxi.o
         4          0          0          0          0        136   hguard.o
         0          0          0          0          0          0   indicate_semi.o
       138          0          0          0          0        168   init_alloc.o
       312         46          0          0          0        112   initio.o
         6          0          0          0          0          0   libinit.o
        14          0          0          0          0          0   libinit2.o
         2          0          0          0          0          0   libshutdown.o
         6          0          0          0          0          0   libshutdown2.o
         8          4          0          0         96         68   libspace.o
         0          0          0          0          0          0   maybetermalloc1.o
        24          4          0          0          0         84   noretval__2printf.o
         8          4          0          0          0         68   rt_errno_addr_intlibspace.o
         8          4          0          0          0         68   rt_fp_status_addr_intlibspace.o
         8          4          0          0          0         68   rt_heap_descriptor_intlibspace.o
        68          0          0          0          0         68   rt_memclr.o
        78          0          0          0          0         80   rt_memclr_w.o
       138          0          0          0          0         68   rt_memcpy_v6.o
       100          0          0          0          0         80   rt_memcpy_w.o
         0          0          0          0          0          0   rtentry.o
        12          0          0          0          0          0   rtentry2.o
         6          0          0          0          0          0   rtentry4.o
         2          0          0          0          0          0   rtexit.o
        10          0          0          0          0          0   rtexit2.o
        70          0          0          0          0         80   setvbuf.o
       240          6          0          0          0        156   stdio.o
         0          0          0         12        240          0   stdio_streams.o
        62          0          0          0          0         76   strlen.o
        12          4          0          0          0         68   sys_exit.o
       102          0         12          0          0        240   sys_io.o
        74          0          0          0          0         80   sys_stackheap_outer.o
        14          0          0          0          0         76   sys_wrch.o
         2          0          0          0          0         68   use_no_semi.o
        14          0          0          0          0         76   fpinit.o

    ----------------------------------------------------------------------
      3408        202         52         12        336       4196   Library Totals
        14          0          0          0          0          0   (incl. Padding)

    ----------------------------------------------------------------------

      Code (inc. data)   RO Data    RW Data    ZI Data      Debug   Library Name

      3380        202         52         12        336       4120   c_w.l
        14          0          0          0          0         76   fz_ws.l

    ----------------------------------------------------------------------
      3408        202         52         12        336       4196   Library Totals

    ----------------------------------------------------------------------

==============================================================================


      Code (inc. data)   RO Data    RW Data    ZI Data      Debug   

     17072        914        460        132       4228     585673   Grand Totals
     17072        914        460        132       4228     585673   ELF Image Totals
     17072        914        460        132          0          0   ROM Totals

==============================================================================

    Total RO  Size (Code + RO Data)                17532 (  17.12kB)
    Total RW  Size (RW Data + ZI Data)              4360 (   4.26kB)
    Total ROM Size (Code + RO Data + RW Data)      17664 (  17.25kB)

==============================================================================

